
I (77) boot: End of partition table
I (81) esp_image: segment 0: paddr=00010020 vaddr=42140020 size=8a954h (567636) map
I (195) esp_image: segment 1: paddr=0009a97c vaddr=40800000 size=0569ch ( 22172) load
I (200) esp_image: segment 2: paddr=000a0020 vaddr=42000020 size=132ec0h (1257152) map
I (437) esp_image: segment 3: paddr=001d2ee8 vaddr=4080569c size=375fch (226812) load
I (499) boot: Loaded app from partition at offset 0x10000
I (499) boot: Disabling RNG early entropy source...
[0;32mI (509) cpu_start: Unicore app[0m
[0;32mI (518) cpu_start: GPIO 17 and 16 are used as console UART I/O pins[0m
[0;32mI (518) cpu_start: Pro cpu start user code[0m
[0;32mI (518) cpu_start: cpu freq: 160000000 Hz[0m
[0;32mI (523) app_init: Application information:[0m
[0;32mI (528) app_init: Project name:     Clare_C6[0m
[0;32mI (533) app_init: App version:      3e09a44-dirty[0m
[0;32mI (538) app_init: Compile time:     Aug 28 2026 15:16:24[0m
[0;32mI (544) app_init: ELF file SHA256:  97fcdd7c04a613c8...[0m
[0;32mI (550) app_init: ESP-IDF:          v5.5.3[0m
[0;32mI (555) efuse_init: Min chip rev:     v0.0[0m
[0;32mI (559) efuse_init: Max chip rev:     v0.99 [0m
[0;32mI (564) efuse_init: Chip rev:         v0.2[0m
[0;32mI (569) heap_init: Initializing. RAM available for dynamic allocation:[0m
[0;32mI (576) heap_init: At 4084C590 len 00030080 (192 KiB): RAM[0m
[0;32mI (583) heap_init: At 4087C610 len 00002F54 (11 KiB): RAM[0m
[0;32mI (589) heap_init: At 50000000 len 00003FE8 (15 KiB): RTCRAM[0m
[0;32mI (596) spi_flash: detected chip: generic[0m
[0;32mI (600) spi_flash: flash io: dio[0m
[0;32mI (604) sleep_gpio: Configure to isolate all GPIO pins in sleep state[0m
[0;32mI (611) sleep_gpio: Enable automatic switching of GPIO sleep configuration[0m
[0;32mI (629) main_task: Started on CPU0[0m
[0;32mI (632) main_task: Calling app_main()[0m
[0;32mI (637) clare_c6: Clare C6 starting[0m
[0;32mI (652) axp2101: Init PMU SUCCESS![0m
[0;32mI (658) DisplayPort: SPI BUS init[0m
[0;32mI (658) DisplayPort: Install panel IO[0m
[0;32mI (659) sh8601: LCD panel create success, version: 1.0.0[0m
[0;33mW (1562) sh8601: The 3Ah command has been used and will be overwritten by external initialization sequence[0m
[0;33mW (1562) sh8601: The 36h command has been used and will be overwritten by external initialization sequence[0m
[0;32mI (1746) CST9217: Checkcode: 0x204ECACA[0m
[0;32mI (1748) CST9217: Resolution X: 480, Y: 480[0m
[0;32mI (1750) CST9217: Chip Type: 0x9220, ProjectID: 0x542F[0m
[0;32mI (1750) esp_lvgl:adapter: LVGL adapter initialized successfully[0m
[0;32mI (1760) esp_lvgl:touch: Touch input device registered successfully (IRQ mode: enabled)[0m
[0;32mI (1768) esp_lvgl:adapter: LVGL task started successfully[0m
i2c: {sda: 8, scl: 7}
i2s: {mclk: 19, bclk: 20, ws: 22, din: 21, dout: 23}
out: {codec: ES8311, pa: -1, pa_gain: 6, use_mclk: 1, pa_gain: 6}
Codec 0 dir 2 type:1
in: {codec: ES7210}
Codec 1 dir 1 type:2
[0;32mI (1790) CODEC_INIT: in:1 out:1 port: 1[0m
[0;32mI (1794) CODEC_INIT: Success to int i2c: 0[0m
[0;32mI (1801) CODEC_INIT: Init i2s 0 type: 3 mclk:19 bclk:20 ws:22 din:21 dout:23[0m
[0;32mI (1807) CODEC_INIT: tx:0x4087e708 rx:0x4087e8c4[0m
[0;33mW (1812) i2s_tdm: the current mclk multiple is too small, adjust the mclk multiple to 384[0m
[0;32mI (1821) CODEC_INIT: output init tdm ret 0[0m
[0;33mW (1826) i2s_tdm: the current mclk multiple is too small, adjust the mclk multiple to 384[0m
[0;32mI (1835) CODEC_INIT: Input init tdm ret 0[0m
[0;32mI (1839) CODEC_INIT: Init i2s 0 ok[0m
[0;32mI (1843) CODEC_INIT: Success to init i2s: 0[0m
[0;32mI (1848) CODEC_INIT: Success to int i2c: 0[0m
[0;32mI (1853) CODEC_INIT: Success to init i2s: 0[0m
[0;32mI (1858) CODEC_INIT: Get out handle 0x4087e708 port 0[0m
[0;32mI (1868) ES8311: Work in Slave mode[0m
[0;32mI (1874) ES7210: Work in Slave mode[0m
[0;32mI (1881) ES7210: Enable ES7210_INPUT_MIC1[0m
[0;32mI (1883) ES7210: Enable ES7210_INPUT_MIC2[0m
[0;32mI (1886) ES7210: Enable ES7210_INPUT_MIC3[0m
[0;32mI (1889) ES7210: Enable ES7210_INPUT_MIC4[0m
[0;32mI (1893) ES7210: Enable TDM mode[0m
[0;32mI (1901) I2S_IF: channel mode 2 bits:16/16 channel:2 mask:3[0m
[0;32mI (1902) I2S_IF: TDM Mode 1 bits:16/16 channel:2 sample_rate:16000 mask:3[0m
[0;32mI (1922) Adev_Codec: Open codec device OK[0m
[0;32mI (1923) I2S_IF: channel mode 2 bits:16/16 channel:2 mask:3[0m
[0;32mI (1923) I2S_IF: TDM Mode 0 bits:16/16 channel:2 sample_rate:16000 mask:3[0m
[0;32mI (1931) ES7210: Bits 8[0m
[0;32mI (1940) ES7210: Enable ES7210_INPUT_MIC1[0m
[0;32mI (1942) ES7210: Enable ES7210_INPUT_MIC2[0m
[0;32mI (1945) ES7210: Enable ES7210_INPUT_MIC3[0m
[0;32mI (1950) ES7210: Enable ES7210_INPUT_MIC4[0m
[0;32mI (1955) ES7210: Enable TDM mode[0m
[0;32mI (1961) ES7210: Unmuted[0m
[0;32mI (1961) Adev_Codec: Open codec device OK[0m
[0;32mI (1963) Adev_Codec: Input already open[0m
[0;32mI (1968) Adev_Codec: Input already open[0m
[0;32mI (1988) clare_audio: ALC ready: 16000 Hz mono PCM16, gain 6 dB[0m
[0;32mI (2172) pp: pp rom version: 5b8dcfa[0m
[0;32mI (2172) net80211: net80211 rom version: 5b8dcfa[0m
I (2174) wifi:wifi driver task: 40867bfc, prio:23, stack:6656, core=0
I (2183) wifi:wifi firmware version: 4df78f2
I (2183) wifi:wifi certification version: v7.0
I (2185) wifi:config NVS flash: enabled
I (2188) wifi:config nano formatting: disabled
I (2192) wifi:mac_version:HAL_MAC_ESP32AX_761,ut_version:N, band mode:0x1
I (2199) wifi:Init data frame dynamic rx buffer num: 16
I (2204) wifi:Init static rx mgmt buffer num: 5
I (2208) wifi:Init management short buffer num: 32
I (2213) wifi:Init static tx buffer num: 16
I (2216) wifi:Init static tx FG buffer num: 2
I (2221) wifi:Init static rx buffer size: 1700 (rxctrl:92, csi:512)
I (2227) wifi:Init static rx buffer num: 10
I (2230) wifi:Init dynamic rx buffer num: 16
[0;32mI (2235) wifi_init: rx ba win: 6[0m
[0;32mI (2238) wifi_init: accept mbox: 6[0m
[0;32mI (2242) wifi_init: tcpip mbox: 32[0m
[0;32mI (2246) wifi_init: udp mbox: 6[0m
[0;32mI (2250) wifi_init: tcp mbox: 6[0m
[0;32mI (2254) wifi_init: tcp tx win: 5760[0m
[0;32mI (2258) wifi_init: tcp rx win: 5760[0m
[0;32mI (2263) wifi_init: tcp mss: 1240[0m
[0;32mI (2267) wifi_init: WiFi IRAM OP enabled[0m
[0;32mI (2271) wifi_init: WiFi RX IRAM OP enabled[0m
[0;32mI (2276) wifi_init: WiFi SLP IRAM OP enabled[0m
W (2281) wifi:Password length matches WPA2 standards, authmode threshold changes from OPEN to WPA2
[0;32mI (2290) phy_init: phy_version 343,b513b46,Nov 14 2025,16:34:12[0m
W (2362) wifi:ACK_TAB0   :0x   90a0b, QAM16:0x9 (24Mbps), QPSK:0xa (12Mbps), BPSK:0xb (6Mbps)
W (2362) wifi:CTS_TAB0   :0x   90a0b, QAM16:0x9 (24Mbps), QPSK:0xa (12Mbps), BPSK:0xb (6Mbps)
W (2367) wifi:(agc)0x600a7128:0xd20cca9e, min.avgNF:0xce->0xd2(dB), RCalCount:0xcc, min.RRssi:0xa9e(-86.12)
I (2377) wifi:11ax coex: WDEVAX_PTI0(0x55777555), WDEVAX_PTI1(0x00003377).

I (2384) wifi:mode : sta (20:6e:f1:16:e0:a4)
I (2387) wifi:enable tsf
I (2404) wifi:new:<11,0>, old:<1,0>, ap:<255,255>, sta:<11,0>, prof:1, snd_ch_cfg:0x0
I (2405) wifi:(connect)dot11_authmode:0x3, pairwise_cipher:0x3, group_cipher:0x3
I (2408) wifi:state: init -> auth (0xb0)
[0;32mI (2418) clare_net: Wi-Fi protocols limited to 11b/g/n mask=0x07[0m
I (2419) wifi:Set ps type: 0, coexist: 0

[0;32mI (2422) clare_c6: Clare UI ready; touch the Clare tile[0m
[0;32mI (2430) main_task: Returned from app_main()[0m
I (2436) wifi:state: auth -> assoc (0x0)
I (2444) wifi:(assoc)RESP, Extended Capabilities length:8, operating_mode_notification:0
I (2445) wifi:(assoc)RESP, Extended Capabilities, MBSSID:0, TWT Responder:0, OBSS Narrow Bandwidth RU In OFDMA Tolerance:0
I (2455) wifi:Extended Capabilities length:8, operating_mode_notification:1
I (2462) wifi:state: assoc -> run (0x10)
I (2465) wifi:(trc)phytype:CBW20-SGI, snr:62, maxRate:144, highestRateIdx:0
W (2472) wifi:(trc)band:2G, phymode:3, highestRateIdx:0, lowestRateIdx:11, dataSchedTableSize:14
I (2481) wifi:(trc)band:2G, rate(S-MCS7, rateIdx:0), ampdu(rate:S-MCS7, schedIdx(0, stop:8)), snr:62, ampduState:wait operational
I (2492) wifi:ifidx:0, rssi:-24, nf:-86, phytype(0x3, CBW20-SGI), phymode(0x3, 11bgn), max_rate:144, he:0, vht:0, ht:1
I (2502) wifi:(ht)max.RxAMPDULenExponent:3(65535 bytes), MMSS:6(8 us)
I (2532) wifi:connected with oxygen‘s iPhone, aid = 20, channel 11, BW20, bssid = 12:3d:46:d8:6d:be
I (2532) wifi:security: WPA2-PSK, phy:bgn, rssi:-24, cipher(pairwise:0x3, group:0x3), pmf:0, 
I (2539) wifi:pm start, type: 0, twt_start:0

I (2542) wifi:pm start, type:0, aid:0x14, trans-BSSID:12:3d:46:d8:6d:be, BSSID[5]:0xbe, mbssid(max-indicator:0, index:0), he:0
I (2553) wifi:dp: 1, bi: 102400, li: 3, scale listen interval from 307200 us to 307200 us
I (2561) wifi:set rx beacon pti, rx_bcn_pti: 10, bcn_timeout: 25000, mt_pti: 10, mt_time: 10000
I (2570) wifi:[ADDBA]TX addba request, tid:0, dialogtoken:1, bufsize:64, A-MSDU:0(not supported), policy:1(IMR), ssn:0(0x0)
I (2581) wifi:[ADDBA]TX addba request, tid:7, dialogtoken:2, bufsize:64, A-MSDU:0(not supported), policy:1(IMR), ssn:0(0x20)
I (2592) wifi:[ADDBA]TX addba request, tid:5, dialogtoken:3, bufsize:64, A-MSDU:0(not supported), policy:1(IMR), ssn:0(0x0)
W (2603) wifi:<ba-add>idx:0, ifx:0, tid:0, TAHI:0x100be6d, TALO:0xd8463d12, (ssn:3646, win:64, cur_ssn:3646), CONF:0xc0000005
W (2613) wifi:<ba-add>idx:1, ifx:0, tid:2, TAHI:0x100be6d, TALO:0xd8463d12, (ssn:1183, win:64, cur_ssn:1183), CONF:0xc0002005
W (2624) wifi:<ba-add>idx:2, ifx:0, tid:4, TAHI:0x100be6d, TALO:0xd8463d12, (ssn:2540, win:64, cur_ssn:2540), CONF:0xc0004005
W (2635) wifi:<ba-add>idx:3, ifx:0, tid:6, TAHI:0x100be6d, TALO:0xd8463d12, (ssn:439, win:64, cur_ssn:439), CONF:0xc0006005
I (2646) wifi:AP's beacon interval = 102400 us, DTIM period = 1
I (2653) wifi:[ADDBA]RX addba response, status:0, tid:0/tb:1(0xa1), bufsize:64, batimeout:0, txa_wnd:8
I (2667) wifi:[ADDBA]RX addba response, status:0, tid:7/tb:1(0xa1), bufsize:64, batimeout:0, txa_wnd:8
I (2670) wifi:[ADDBA]RX addba response, status:0, tid:5/tb:1(0xa1), bufsize:64, batimeout:0, txa_wnd:8
[0;32mI (3693) esp_netif_handlers: sta ip: 172.20.10.10, mask: 255.255.255.240, gw: 172.20.10.1[0m
[0;32mI (3693) clare_net: DHCP DNS main=172.20.10.1[0m
[0;32mI (10422) clare_c6: Boot network self-test begin[0m
[0;32mI (10434) clare_c6: probe dns rc=0[0m
[0;32mI (10434) clare_c6: probe socket fd=54 errno=0[0m
[0;32mI (11931) clare_c6: probe connect rc=0 errno=0[0m
[0;31mE (12181) esp-tls-mbedtls: No server verification option set in esp_tls_cfg_t structure. Check esp_tls API reference[0m
[0;31mE (12181) esp-tls-mbedtls: Failed to set client configurations, returned [0x8017] (ESP_ERR_MBEDTLS_SSL_SETUP_FAILED)[0m
[0;31mE (12193) esp-tls: create_ssl_handle failed[0m
[0;31mE (12197) esp-tls: Failed to open new connection[0m
[0;32mI (12203) clare_c6: probe esp-tls rc=-1 last=0x0 flags=0x0[0m
[0;32mI (12210) clare_net: Create session URL ready=1[0m
[0;32mI (12214) clare_net: HTTP before init free8=42748 largest8=25088 free_internal=42748 largest_internal=25088[0m
[0;32mI (12489) mbedtls: ssl_tls.c:4673 => handshake
[0m
[0;32mI (12489) mbedtls: ssl_msg.c:2354 => flush output
[0m
[0;32mI (12489) mbedtls: ssl_msg.c:2363 <= flush output
[0m
[0;32mI (12494) mbedtls: ssl_tls.c:4592 client state: MBEDTLS_SSL_HELLO_REQUEST
[0m
[0;32mI (12502) mbedtls: ssl_msg.c:2354 => flush output
[0m
[0;32mI (12507) mbedtls: ssl_msg.c:2363 <= flush output
[0m
[0;32mI (12513) mbedtls: ssl_tls.c:4592 client state: MBEDTLS_SSL_CLIENT_HELLO
[0m
[0;32mI (12520) mbedtls: ssl_client.c:921 => write client hello
[0m
[0;32mI (12531) mbedtls: ssl_msg.c:2784 => write handshake message
[0m
[0;32mI (12533) mbedtls: ssl_msg.c:2944 => write record
[0m
[0;32mI (12540) mbedtls: ssl_msg.c:3081 <= write record
[0m
[0;32mI (12544) mbedtls: ssl_msg.c:2905 <= write handshake message
[0m
[0;32mI (12551) mbedtls: ssl_client.c:1014 <= write client hello
[0m
[0;32mI (12557) mbedtls: ssl_msg.c:2354 => flush output
[0m
[0;32mI (12563) mbedtls: ssl_msg.c:2368 message length: 248, out_left: 248
[0m
[0;32mI (12571) mbedtls: ssl_msg.c:2375 ssl->f_send() returned 248 (-0xffffff08)
[0m
[0;32mI (12577) mbedtls: ssl_msg.c:2402 <= flush output
[0m
[0;32mI (12583) mbedtls: ssl_tls.c:4592 client state: MBEDTLS_SSL_SERVER_HELLO
[0m
[0;32mI (12591) mbedtls: ssl_tls12_client.c:1195 => parse server hello
[0m
[0;32mI (12597) mbedtls: ssl_msg.c:4299 => read record
[0m
[0;32mI (12603) mbedtls: ssl_msg.c:2156 => fetch input
[0m
[0;32mI (12608) mbedtls: ssl_msg.c:2296 in_left: 0, nb_want: 5
[0m
[0;32mI (12970) mbedtls: ssl_msg.c:2316 in_left: 0, nb_want: 5
[0m
[0;32mI (12970) mbedtls: ssl_msg.c:2319 ssl->f_recv(_timeout)() returned 5 (-0xfffffffb)
[0m
[0;32mI (12973) mbedtls: ssl_msg.c:2341 <= fetch input
[0m
[0;32mI (12979) mbedtls: ssl_msg.c:2156 => fetch input
[0m
[0;32mI (12984) mbedtls: ssl_msg.c:2296 in_left: 5, nb_want: 72
[0m
[0;32mI (12990) mbedtls: ssl_msg.c:2316 in_left: 5, nb_want: 72
[0m
[0;32mI (12997) mbedtls: ssl_msg.c:2319 ssl->f_recv(_timeout)() returned 67 (-0xffffffbd)
[0m
[0;32mI (13005) mbedtls: ssl_msg.c:2341 <= fetch input
[0m
[0;32mI (13012) mbedtls: ssl_msg.c:4371 <= read record
[0m
[0;32mI (13017) mbedtls: ssl_tls12_client.c:1447 server hello, total extension length: 23
[0m
[0;32mI (13025) mbedtls: ssl_tls12_client.c:1661 <= parse server hello
[0m
[0;32mI (13032) mbedtls: ssl_msg.c:2354 => flush output
[0m
[0;32mI (13037) mbedtls: ssl_msg.c:2363 <= flush output
[0m
[0;32mI (13043) mbedtls: ssl_tls.c:4592 client state: MBEDTLS_SSL_SERVER_CERTIFICATE
[0m
[0;32mI (13051) mbedtls: ssl_tls.c:8027 => parse certificate
[0m
[0;32mI (13057) mbedtls: ssl_msg.c:4299 => read record
[0m
[0;32mI (13062) mbedtls: ssl_msg.c:2156 => fetch input
[0m
[0;32mI (13068) mbedtls: ssl_msg.c:2296 in_left: 0, nb_want: 5
[0m
[0;32mI (13074) mbedtls: ssl_msg.c:2316 in_left: 0, nb_want: 5
[0m
[0;32mI (13080) mbedtls: ssl_msg.c:2319 ssl->f_recv(_timeout)() returned 5 (-0xfffffffb)
[0m
[0;32mI (13088) mbedtls: ssl_msg.c:2341 <= fetch input
[0m
[0;32mI (13094) mbedtls: ssl_msg.c:2156 => fetch input
[0m
[0;32mI (13099) mbedtls: ssl_msg.c:2296 in_left: 5, nb_want: 3414
[0m
[0;32mI (13106) mbedtls: ssl_msg.c:2316 in_left: 5, nb_want: 3414
[0m
[0;32mI (13112) mbedtls: ssl_msg.c:2319 ssl->f_recv(_timeout)() returned 2403 (-0xfffff69d)
[0m
[0;32mI (14040) mbedtls: ssl_msg.c:2316 in_left: 2408, nb_want: 3414
[0m
[0;32mI (14041) mbedtls: ssl_msg.c:2319 ssl->f_recv(_timeout)() returned 1006 (-0xfffffc12)
[0m
[0;32mI (14045) mbedtls: ssl_msg.c:2341 <= fetch input
[0m
[0;32mI (14094) mbedtls: ssl_msg.c:4371 <= read record
[0m
[0;32mI (15275) mbedtls: ssl_tls.c:8141 <= parse certificate
[0m
[0;32mI (15276) mbedtls: ssl_msg.c:2354 => flush output
[0m
[0;32mI (15276) mbedtls: ssl_msg.c:2363 <= flush output
[0m
[0;32mI (15281) mbedtls: ssl_tls.c:4592 client state: MBEDTLS_SSL_SERVER_KEY_EXCHANGE
[0m
[0;32mI (15289) mbedtls: ssl_tls12_client.c:2089 => parse server key exchange
[0m
[0;32mI (15297) mbedtls: ssl_msg.c:4299 => read record
[0m
[0;32mI (15302) mbedtls: ssl_msg.c:2156 => fetch input
[0m
[0;32mI (15308) mbedtls: ssl_msg.c:2296 in_left: 0, nb_want: 5
[0m
[0;32mI (15314) mbedtls: ssl_msg.c:2316 in_left: 0, nb_want: 5
[0m
[0;32mI (15320) mbedtls: ssl_msg.c:2319 ssl->f_recv(_timeout)() returned 5 (-0xfffffffb)
[0m
[0;32mI (15329) mbedtls: ssl_msg.c:2341 <= fetch input
[0m
[0;32mI (15334) mbedtls: ssl_msg.c:2156 => fetch input
[0m
[0;32mI (15339) mbedtls: ssl_msg.c:2296 in_left: 5, nb_want: 121
[0m
[0;32mI (15346) mbedtls: ssl_msg.c:2316 in_left: 5, nb_want: 121
[0m
[0;32mI (15352) mbedtls: ssl_msg.c:2319 ssl->f_recv(_timeout)() returned 116 (-0xffffff8c)
[0m
[0;32mI (15361) mbedtls: ssl_msg.c:2341 <= fetch input
[0m
[0;32mI (15368) mbedtls: ssl_msg.c:4371 <= read record
[0m
[0;32mI (15373) mbedtls: ssl_tls12_client.c:1805 ECDH curve: x25519
[0m
[0;32mI (15419) mbedtls: ssl_tls12_client.c:2459 <= parse server key exchange
[0m
[0;32mI (15420) mbedtls: ssl_msg.c:2354 => flush output
[0m
[0;32mI (15421) mbedtls: ssl_msg.c:2363 <= flush output
[0m
[0;32mI (15427) mbedtls: ssl_tls.c:4592 client state: MBEDTLS_SSL_CERTIFICATE_REQUEST
[0m
[0;32mI (15435) mbedtls: ssl_tls12_client.c:2498 => parse certificate request
[0m
[0;32mI (15443) mbedtls: ssl_msg.c:4299 => read record
[0m
[0;32mI (15448) mbedtls: ssl_msg.c:2156 => fetch input
[0m
[0;32mI (15454) mbedtls: ssl_msg.c:2296 in_left: 0, nb_want: 5
[0m
[0;32mI (15460) mbedtls: ssl_msg.c:2316 in_left: 0, nb_want: 5
[0m
[0;32mI (15466) mbedtls: ssl_msg.c:2319 ssl->f_recv(_timeout)() returned 5 (-0xfffffffb)
[0m
[0;32mI (15474) mbedtls: ssl_msg.c:2341 <= fetch input
[0m
[0;32mI (15480) mbedtls: ssl_msg.c:2156 => fetch input
[0m
[0;32mI (15485) mbedtls: ssl_msg.c:2296 in_left: 5, nb_want: 9
[0m
[0;32mI (15491) mbedtls: ssl_msg.c:2316 in_left: 5, nb_want: 9
[0m
[0;32mI (15498) mbedtls: ssl_msg.c:2319 ssl->f_recv(_timeout)() returned 4 (-0xfffffffc)
[0m
[0;32mI (15506) mbedtls: ssl_msg.c:2341 <= fetch input
[0m
[0;32mI (15512) mbedtls: ssl_msg.c:4371 <= read record
[0m
[0;32mI (15517) mbedtls: ssl_tls12_client.c:2660 <= parse certificate request
[0m
[0;32mI (15524) mbedtls: ssl_msg.c:2354 => flush output
[0m
[0;32mI (15530) mbedtls: ssl_msg.c:2363 <= flush output
[0m
[0;32mI (15535) mbedtls: ssl_tls.c:4592 client state: MBEDTLS_SSL_SERVER_HELLO_DONE
[0m
[0;32mI (15543) mbedtls: ssl_tls12_client.c:2671 => parse server hello done
[0m
[0;32mI (15551) mbedtls: ssl_msg.c:4299 => read record
[0m
[0;32mI (15556) mbedtls: ssl_msg.c:4367 reuse previously read message
[0m
[0;32mI (15563) mbedtls: ssl_msg.c:4371 <= read record
[0m
[0;32mI (15568) mbedtls: ssl_tls12_client.c:2699 <= parse server hello done
[0m
[0;32mI (15576) mbedtls: ssl_msg.c:2354 => flush output
[0m
[0;32mI (15581) mbedtls: ssl_msg.c:2363 <= flush output
[0m
[0;32mI (15587) mbedtls: ssl_tls.c:4592 client state: MBEDTLS_SSL_CLIENT_CERTIFICATE
[0m
[0;32mI (15595) mbedtls: ssl_tls.c:7622 => write certificate
[0m
[0;32mI (15601) mbedtls: ssl_tls.c:7633 <= skip write certificate
[0m
[0;32mI (15607) mbedtls: ssl_msg.c:2354 => flush output
[0m
[0;32mI (15613) mbedtls: ssl_msg.c:2363 <= flush output
[0m
[0;32mI (15618) mbedtls: ssl_tls.c:4592 client state: MBEDTLS_SSL_CLIENT_KEY_EXCHANGE
[0m
[0;32mI (15627) mbedtls: ssl_tls12_client.c:2714 => write client key exchange
[0m
[0;32mI (15914) mbedtls: ssl_msg.c:2784 => write handshake message
[0m
[0;32mI (15915) mbedtls: ssl_msg.c:2944 => write record
[0m
[0;32mI (15916) mbedtls: ssl_msg.c:2354 => flush output
[0m
[0;32mI (15921) mbedtls: ssl_msg.c:2368 message length: 42, out_left: 42
[0m
[0;32mI (15929) mbedtls: ssl_msg.c:2375 ssl->f_send() returned 42 (-0xffffffd6)
[0m
[0;32mI (15936) mbedtls: ssl_msg.c:2402 <= flush output
[0m
[0;32mI (15941) mbedtls: ssl_msg.c:3081 <= write record
[0m
[0;32mI (15947) mbedtls: ssl_msg.c:2905 <= write handshake message
[0m
[0;32mI (15953) mbedtls: ssl_tls12_client.c:3209 <= write client key exchange
[0m
[0;32mI (15961) mbedtls: ssl_msg.c:2354 => flush output
[0m
[0;32mI (15966) mbedtls: ssl_msg.c:2363 <= flush output
[0m
[0;32mI (15972) mbedtls: ssl_tls.c:4592 client state: MBEDTLS_SSL_CERTIFICATE_VERIFY
[0m
[0;32mI (15980) mbedtls: ssl_tls12_client.c:3257 => write certificate verify
[0m
[0;32mI (15987) mbedtls: ssl_tls.c:7236 => derive keys
[0m
[0;32mI (15993) mbedtls: ssl_tls.c:7360 => calc verify
[0m
[0;32mI (15999) mbedtls: ssl_tls.c:7379 <= calc verify
[0m
[0;32mI (16009) mbedtls: ssl_tls.c:7287 <= derive keys
[0m
[0;32mI (16009) mbedtls: ssl_tls12_client.c:3279 <= skip write certificate verify
[0m
[0;32mI (16017) mbedtls: ssl_msg.c:2354 => flush output
[0m
[0;32mI (16023) mbedtls: ssl_msg.c:2363 <= flush output
[0m
[0;32mI (16028) mbedtls: ssl_tls.c:4592 client state: MBEDTLS_SSL_CLIENT_CHANGE_CIPHER_SPEC
[0m
[0;32mI (16037) mbedtls: ssl_msg.c:5316 => write change cipher spec
[0m
[0;32mI (16043) mbedtls: ssl_msg.c:2784 => write handshake message
[0m
[0;32mI (16050) mbedtls: ssl_msg.c:2944 => write record
[0m
[0;32mI (16056) mbedtls: ssl_msg.c:2354 => flush output
[0m
[0;32mI (16061) mbedtls: ssl_msg.c:2368 message length: 6, out_left: 6
[0m
[0;32mI (16068) mbedtls: ssl_msg.c:2375 ssl->f_send() returned 6 (-0xfffffffa)
[0m
[0;32mI (16075) mbedtls: ssl_msg.c:2402 <= flush output
[0m
[0;32mI (16081) mbedtls: ssl_msg.c:3081 <= write record
[0m
[0;32mI (16087) mbedtls: ssl_msg.c:2905 <= write handshake message
[0m
[0;32mI (16093) mbedtls: ssl_msg.c:5329 <= write change cipher spec
[0m
[0;32mI (16100) mbedtls: ssl_msg.c:2354 => flush output
[0m
[0;32mI (16105) mbedtls: ssl_msg.c:2363 <= flush output
[0m
[0;32mI (16111) mbedtls: ssl_tls.c:4592 client state: MBEDTLS_SSL_CLIENT_FINISHED
[0m
[0;32mI (16119) mbedtls: ssl_tls.c:8372 => write finished
[0m
[0;32mI (16124) mbedtls: ssl_tls.c:8206 => calc finished tls
[0m
[0;32mI (16131) mbedtls: ssl_tls.c:8237 <= calc finished
[0m
[0;32mI (16136) mbedtls: ssl_msg.c:2784 => write handshake message
[0m
[0;32mI (16142) mbedtls: ssl_msg.c:2944 => write record
[0m
[0;32mI (16148) mbedtls: ssl_msg.c:936 => encrypt buf
[0m
[0;32mI (16155) mbedtls: ssl_msg.c:1475 <= encrypt buf
[0m
[0;32mI (16159) mbedtls: ssl_msg.c:2354 => flush output
[0m
[0;32mI (16164) mbedtls: ssl_msg.c:2368 message length: 45, out_left: 45
[0m
[0;32mI (16172) mbedtls: ssl_msg.c:2375 ssl->f_send() returned 45 (-0xffffffd3)
[0m
[0;32mI (16179) mbedtls: ssl_msg.c:2402 <= flush output
[0m
[0;32mI (16185) mbedtls: ssl_msg.c:3081 <= write record
[0m
[0;32mI (16190) mbedtls: ssl_msg.c:2905 <= write handshake message
[0m
[0;32mI (16197) mbedtls: ssl_tls.c:8475 <= write finished
[0m
[0;32mI (16202) mbedtls: ssl_msg.c:2354 => flush output
[0m
[0;32mI (16208) mbedtls: ssl_msg.c:2363 <= flush output
[0m
[0;32mI (16213) mbedtls: ssl_tls.c:4592 client state: MBEDTLS_SSL_SERVER_CHANGE_CIPHER_SPEC
[0m
[0;32mI (16223) mbedtls: ssl_tls12_client.c:3385 => parse new session ticket
[0m
[0;32mI (16230) mbedtls: ssl_msg.c:4299 => read record
[0m
[0;32mI (16235) mbedtls: ssl_msg.c:2156 => fetch input
[0m
[0;32mI (16240) mbedtls: ssl_msg.c:2296 in_left: 0, nb_want: 5
[0m
[0;32mI (16466) mbedtls: ssl_msg.c:2316 in_left: 0, nb_want: 5
[0m
[0;32mI (16467) mbedtls: ssl_msg.c:2319 ssl->f_recv(_timeout)() returned 5 (-0xfffffffb)
[0m
[0;32mI (16470) mbedtls: ssl_msg.c:2341 <= fetch input
[0m
[0;32mI (16475) mbedtls: ssl_msg.c:2156 => fetch input
[0m
[0;32mI (16481) mbedtls: ssl_msg.c:2296 in_left: 5, nb_want: 207
[0m
[0;32mI (16487) mbedtls: ssl_msg.c:2316 in_left: 5, nb_want: 207
[0m
[0;32mI (16493) mbedtls: ssl_msg.c:2319 ssl->f_recv(_timeout)() returned 202 (-0xffffff36)
[0m
[0;32mI (16502) mbedtls: ssl_msg.c:2341 <= fetch input
[0m
[0;32mI (16510) mbedtls: ssl_msg.c:4371 <= read record
[0m
[0;32mI (16513) mbedtls: ssl_tls12_client.c:3479 <= parse new session ticket
[0m
[0;32mI (16520) mbedtls: ssl_msg.c:2354 => flush output
[0m
[0;32mI (16526) mbedtls: ssl_msg.c:2363 <= flush output
[0m
[0;32mI (16531) mbedtls: ssl_tls.c:4592 client state: MBEDTLS_SSL_SERVER_CHANGE_CIPHER_SPEC
[0m
[0;32mI (16540) mbedtls: ssl_msg.c:5338 => parse change cipher spec
[0m
[0;32mI (16547) mbedtls: ssl_msg.c:4299 => read record
[0m
[0;32mI (16552) mbedtls: ssl_msg.c:2156 => fetch input
[0m
[0;32mI (16558) mbedtls: ssl_msg.c:2296 in_left: 0, nb_want: 5
[0m
[0;32mI (16564) mbedtls: ssl_msg.c:2316 in_left: 0, nb_want: 5
[0m
[0;32mI (16570) mbedtls: ssl_msg.c:2319 ssl->f_recv(_timeout)() returned 5 (-0xfffffffb)
[0m
[0;32mI (16578) mbedtls: ssl_msg.c:2341 <= fetch input
[0m
[0;32mI (16584) mbedtls: ssl_msg.c:2156 => fetch input
[0m
[0;32mI (16589) mbedtls: ssl_msg.c:2296 in_left: 5, nb_want: 6
[0m
[0;32mI (16595) mbedtls: ssl_msg.c:2316 in_left: 5, nb_want: 6
[0m
[0;32mI (16602) mbedtls: ssl_msg.c:2319 ssl->f_recv(_timeout)() returned 1 (-0xffffffff)
[0m
[0;32mI (16610) mbedtls: ssl_msg.c:2341 <= fetch input
[0m
[0;32mI (16616) mbedtls: ssl_msg.c:4371 <= read record
[0m
[0;32mI (16621) mbedtls: ssl_msg.c:5386 <= parse change cipher spec
[0m
[0;32mI (16628) mbedtls: ssl_msg.c:2354 => flush output
[0m
[0;32mI (16633) mbedtls: ssl_msg.c:2363 <= flush output
[0m
[0;32mI (16639) mbedtls: ssl_tls.c:4592 client state: MBEDTLS_SSL_SERVER_FINISHED
[0m
[0;32mI (16646) mbedtls: ssl_tls.c:8488 => parse finished
[0m
[0;32mI (16652) mbedtls: ssl_tls.c:8206 => calc finished tls
[0m
[0;32mI (16659) mbedtls: ssl_tls.c:8237 <= calc finished
[0m
[0;32mI (16664) mbedtls: ssl_msg.c:4299 => read record
[0m
[0;32mI (16669) mbedtls: ssl_msg.c:2156 => fetch input
[0m
[0;32mI (16675) mbedtls: ssl_msg.c:2296 in_left: 0, nb_want: 5
[0m
[0;32mI (16681) mbedtls: ssl_msg.c:2316 in_left: 0, nb_want: 5
[0m
[0;32mI (16687) mbedtls: ssl_msg.c:2319 ssl->f_recv(_timeout)() returned 5 (-0xfffffffb)
[0m
[0;32mI (16695) mbedtls: ssl_msg.c:2341 <= fetch input
[0m
[0;32mI (16701) mbedtls: ssl_msg.c:2156 => fetch input
[0m
[0;32mI (16706) mbedtls: ssl_msg.c:2296 in_left: 5, nb_want: 45
[0m
[0;32mI (16713) mbedtls: ssl_msg.c:2316 in_left: 5, nb_want: 45
[0m
[0;32mI (16719) mbedtls: ssl_msg.c:2319 ssl->f_recv(_timeout)() returned 40 (-0xffffffd8)
[0m
[0;32mI (16727) mbedtls: ssl_msg.c:2341 <= fetch input
[0m
[0;32mI (16733) mbedtls: ssl_msg.c:1511 => decrypt buf
[0m
[0;32mI (16739) mbedtls: ssl_msg.c:2122 <= decrypt buf
[0m
[0;32mI (16744) mbedtls: ssl_msg.c:4371 <= read record
[0m
[0;32mI (16749) mbedtls: ssl_tls.c:8559 <= parse finished
[0m
[0;32mI (16755) mbedtls: ssl_msg.c:2354 => flush output
[0m
[0;32mI (16761) mbedtls: ssl_msg.c:2363 <= flush output
[0m
[0;32mI (16766) mbedtls: ssl_tls.c:4592 client state: MBEDTLS_SSL_FLUSH_BUFFERS
[0m
[0;32mI (16774) mbedtls: ssl_tls12_client.c:3587 handshake: done
[0m
[0;32mI (16780) mbedtls: ssl_msg.c:2354 => flush output
[0m
[0;32mI (16786) mbedtls: ssl_msg.c:2363 <= flush output
[0m
[0;32mI (16791) mbedtls: ssl_tls.c:4592 client state: MBEDTLS_SSL_HANDSHAKE_WRAPUP
[0m
[0;32mI (16799) mbedtls: ssl_tls.c:4684 <= handshake
[0m
[0;32mI (16805) mbedtls: ssl_msg.c:6191 => write
[0m
[0;32mI (16809) mbedtls: ssl_msg.c:2944 => write record
[0m
[0;32mI (16815) mbedtls: ssl_msg.c:936 => encrypt buf
[0m
[0;32mI (16823) mbedtls: ssl_msg.c:1475 <= encrypt buf
[0m
[0;32mI (16827) mbedtls: ssl_msg.c:2354 => flush output
[0m
[0;32mI (16831) mbedtls: ssl_msg.c:2368 message length: 179, out_left: 179
[0m
[0;32mI (16839) mbedtls: ssl_msg.c:2375 ssl->f_send() returned 179 (-0xffffff4d)
[0m
[0;32mI (16846) mbedtls: ssl_msg.c:2402 <= flush output
[0m
[0;32mI (16852) mbedtls: ssl_msg.c:3081 <= write record
[0m
[0;32mI (16857) mbedtls: ssl_msg.c:6213 <= write
[0m
[0;32mI (16863) mbedtls: ssl_msg.c:6191 => write
[0m
[0;32mI (16867) mbedtls: ssl_msg.c:2944 => write record
[0m
[0;32mI (16873) mbedtls: ssl_msg.c:936 => encrypt buf
[0m
[0;32mI (16880) mbedtls: ssl_msg.c:1475 <= encrypt buf
[0m
[0;32mI (16884) mbedtls: ssl_msg.c:2354 => flush output
[0m
[0;32mI (16889) mbedtls: ssl_msg.c:2368 message length: 48, out_left: 48
[0m
[0;32mI (16896) mbedtls: ssl_msg.c:2375 ssl->f_send() returned 48 (-0xffffffd0)
[0m
[0;32mI (16904) mbedtls: ssl_msg.c:2402 <= flush output
[0m
[0;32mI (16909) mbedtls: ssl_msg.c:3081 <= write record
[0m
[0;32mI (16915) mbedtls: ssl_msg.c:6213 <= write
[0m
[0;32mI (18201) mbedtls: ssl_msg.c:5929 => read
[0m
[0;32mI (18201) mbedtls: ssl_msg.c:4299 => read record
[0m
[0;32mI (18201) mbedtls: ssl_msg.c:2156 => fetch input
[0m
[0;32mI (18206) mbedtls: ssl_msg.c:2296 in_left: 0, nb_want: 5
[0m
[0;32mI (18212) mbedtls: ssl_msg.c:2316 in_left: 0, nb_want: 5
[0m
[0;32mI (18218) mbedtls: ssl_msg.c:2319 ssl->f_recv(_timeout)() returned 5 (-0xfffffffb)
[0m
[0;32mI (18226) mbedtls: ssl_msg.c:2341 <= fetch input
[0m
[0;32mI (18232) mbedtls: ssl_msg.c:2156 => fetch input
[0m
[0;32mI (18237) mbedtls: ssl_msg.c:2296 in_left: 5, nb_want: 794
[0m
[0;32mI (18244) mbedtls: ssl_msg.c:2316 in_left: 5, nb_want: 794
[0m
[0;32mI (18250) mbedtls: ssl_msg.c:2319 ssl->f_recv(_timeout)() returned 789 (-0xfffffceb)
[0m
[0;32mI (18259) mbedtls: ssl_msg.c:2341 <= fetch input
[0m
[0;32mI (18270) mbedtls: ssl_msg.c:1511 => decrypt buf
[0m
[0;32mI (18274) mbedtls: ssl_msg.c:2122 <= decrypt buf
[0m
[0;32mI (18280) mbedtls: ssl_msg.c:4371 <= read record
[0m
[0;32mI (18281) mbedtls: ssl_msg.c:6089 <= read
[0m
[0;32mI (18287) clare_net: HTTP response status=200 bytes=82 truncated=0[0m
[0;32mI (18294) clare_c6: Boot network self-test session err=0 (attempt 1/4)[0m
[0;32mI (18300) clare_net: WS pre-start heap free8=38972 largest8=16128[0m
[0;32mI (18307) websocket_client: Started[0m
[0;32mI (18867) mbedtls: ssl_tls.c:4673 => handshake
[0m
[0;32mI (18867) mbedtls: ssl_msg.c:2354 => flush output
[0m
[0;32mI (18868) mbedtls: ssl_msg.c:2363 <= flush output
[0m
[0;32mI (18873) mbedtls: ssl_tls.c:4592 client state: MBEDTLS_SSL_HELLO_REQUEST
[0m
[0;32mI (18880) mbedtls: ssl_msg.c:2354 => flush output
[0m
[0;32mI (18886) mbedtls: ssl_msg.c:2363 <= flush output
[0m
[0;32mI (18891) mbedtls: ssl_tls.c:4592 client state: MBEDTLS_SSL_CLIENT_HELLO
[0m
[0;32mI (18899) mbedtls: ssl_client.c:921 => write client hello
[0m
[0;32mI (18909) mbedtls: ssl_msg.c:2784 => write handshake message
[0m
[0;32mI (18912) mbedtls: ssl_msg.c:2944 => write record
[0m
[0;32mI (18919) mbedtls: ssl_msg.c:3081 <= write record
[0m
[0;32mI (18923) mbedtls: ssl_msg.c:2905 <= write handshake message
[0m
[0;32mI (18929) mbedtls: ssl_client.c:1014 <= write client hello
[0m
[0;32mI (18936) mbedtls: ssl_msg.c:2354 => flush output
[0m
[0;32mI (18941) mbedtls: ssl_msg.c:2368 message length: 248, out_left: 248
[0m
[0;32mI (18949) mbedtls: ssl_msg.c:2375 ssl->f_send() returned 248 (-0xffffff08)
[0m
[0;32mI (18956) mbedtls: ssl_msg.c:2402 <= flush output
[0m
[0;32mI (18962) mbedtls: ssl_tls.c:4592 client state: MBEDTLS_SSL_SERVER_HELLO
[0m
[0;32mI (18969) mbedtls: ssl_tls12_client.c:1195 => parse server hello
[0m
[0;32mI (18976) mbedtls: ssl_msg.c:4299 => read record
[0m
[0;32mI (18981) mbedtls: ssl_msg.c:2156 => fetch input
[0m
[0;32mI (18987) mbedtls: ssl_msg.c:2296 in_left: 0, nb_want: 5
[0m
[0;32mI (19307) mbedtls: ssl_msg.c:2316 in_left: 0, nb_want: 5
[0m
[0;32mI (19308) mbedtls: ssl_msg.c:2319 ssl->f_recv(_timeout)() returned 5 (-0xfffffffb)
[0m
[0;32mI (19311) mbedtls: ssl_msg.c:2341 <= fetch input
[0m
[0;32mI (19317) mbedtls: ssl_msg.c:2156 => fetch input
[0m
[0;32mI (19322) mbedtls: ssl_msg.c:2296 in_left: 5, nb_want: 72
[0m
[0;32mI (19328) mbedtls: ssl_msg.c:2316 in_left: 5, nb_want: 72
[0m
[0;32mI (19334) mbedtls: ssl_msg.c:2319 ssl->f_recv(_timeout)() returned 67 (-0xffffffbd)
[0m
[0;32mI (19343) mbedtls: ssl_msg.c:2341 <= fetch input
[0m
[0;32mI (19350) mbedtls: ssl_msg.c:4371 <= read record
[0m
[0;32mI (19354) mbedtls: ssl_tls12_client.c:1447 server hello, total extension length: 23
[0m
[0;32mI (19363) mbedtls: ssl_tls12_client.c:1661 <= parse server hello
[0m
[0;32mI (19369) mbedtls: ssl_msg.c:2354 => flush output
[0m
[0;32mI (19375) mbedtls: ssl_msg.c:2363 <= flush output
[0m
[0;32mI (19380) mbedtls: ssl_tls.c:4592 client state: MBEDTLS_SSL_SERVER_CERTIFICATE
[0m
[0;32mI (19388) mbedtls: ssl_tls.c:8027 => parse certificate
[0m
[0;32mI (19395) mbedtls: ssl_msg.c:4299 => read record
[0m
[0;32mI (19400) mbedtls: ssl_msg.c:2156 => fetch input
[0m
[0;32mI (19405) mbedtls: ssl_msg.c:2296 in_left: 0, nb_want: 5
[0m
[0;32mI (19412) mbedtls: ssl_msg.c:2316 in_left: 0, nb_want: 5
[0m
[0;32mI (19418) mbedtls: ssl_msg.c:2319 ssl->f_recv(_timeout)() returned 5 (-0xfffffffb)
[0m
[0;32mI (19426) mbedtls: ssl_msg.c:2341 <= fetch input
[0m
[0;32mI (19432) mbedtls: ssl_msg.c:2156 => fetch input
[0m
[0;32mI (19437) mbedtls: ssl_msg.c:2296 in_left: 5, nb_want: 3414
[0m
[0;32mI (19444) mbedtls: ssl_msg.c:2316 in_left: 5, nb_want: 3414
[0m
[0;32mI (19450) mbedtls: ssl_msg.c:2319 ssl->f_recv(_timeout)() returned 2403 (-0xfffff69d)
[0m
[0;32mI (20470) mbedtls: ssl_msg.c:2316 in_left: 2408, nb_want: 3414
[0m
[0;32mI (20470) mbedtls: ssl_msg.c:2319 ssl->f_recv(_timeout)() returned 1006 (-0xfffffc12)
[0m
[0;32mI (20474) mbedtls: ssl_msg.c:2341 <= fetch input
[0m
[0;32mI (20523) mbedtls: ssl_msg.c:4371 <= read record
[0m
[0;32mI (20526) mbedtls: ssl_msg.c:5295 => send alert message
[0m
[0;32mI (20526) mbedtls: ssl_msg.c:2944 => write record
[0m
[0;32mI (20530) mbedtls: ssl_msg.c:2354 => flush output
[0m
[0;32mI (20535) mbedtls: ssl_msg.c:2368 message length: 7, out_left: 7
[0m
[0;32mI (20543) mbedtls: ssl_msg.c:2375 ssl->f_send() returned 7 (-0xfffffff9)
[0m
[0;32mI (20549) mbedtls: ssl_msg.c:2402 <= flush output
[0m
[0;32mI (20555) mbedtls: ssl_msg.c:3081 <= write record
[0m
[0;32mI (20560) mbedtls: ssl_msg.c:5307 <= send alert message
[0m
[0;33mW (20566) mbedtls: ssl_tls.c:7892  mbedtls_x509_crt_parse_der() returned -16 (-0x0010)
[0m
[0;32mI (20575) mbedtls: ssl_tls.c:4684 <= handshake
[0m
[0;31mE (20581) esp-tls-mbedtls: mbedtls_ssl_handshake returned -0x0010[0m
[0;31mE (20587) esp-tls: Failed to open new connection[0m
[0;31mE (20593) transport_base: Failed to open a new connection[0m
[0;31mE (20600) transport_ws: Error connecting to host clare.vinex.top:443[0m
[0;31mE (20606) websocket_client: esp_transport_connect() failed with -1, transport_error=ESP_ERR_MBEDTLS_SSL_HANDSHAKE_FAILED, tls_error_code=16, tls_flags=0, esp_ws_handshake_status_code=0, errno=119[0m
[0;33mW (20624) clare_net: WS ERR heap free8=28676 largest8=14592[0m
[0;33mW (20630) clare_net: WebSocket error kind=0 err=1082453144 status=0[0m
[0;33mW (20630) clare_net: WebSocket connect timeout kind=0 bits=0x2[0m
[0;32mI (20638) clare_c6: Network error - check Wi-Fi/API[0m
[0;32mI (20649) clare_net: WebSocket disconnected kind=0 event=2 close=0 type=1 errno=0[0m
[0;32mI (20758) clare_c6: Boot network self-test transcribe err=-1[0m
[0;32mI (20758) clare_net: WS pre-start heap free8=39028 largest8=16128[0m
[0;32mI (20760) websocket_client: Started[0m
[0;32mI (21099) mbedtls: ssl_tls.c:4673 => handshake
[0m
[0;32mI (21099) mbedtls: ssl_msg.c:2354 => flush output
[0m
[0;32mI (21099) mbedtls: ssl_msg.c:2363 <= flush output
[0m
[0;32mI (21104) mbedtls: ssl_tls.c:4592 client state: MBEDTLS_SSL_HELLO_REQUEST
[0m
[0;32mI (21112) mbedtls: ssl_msg.c:2354 => flush output
[0m
[0;32mI (21117) mbedtls: ssl_msg.c:2363 <= flush output
[0m
[0;32mI (21123) mbedtls: ssl_tls.c:4592 client state: MBEDTLS_SSL_CLIENT_HELLO
[0m
[0;32mI (21130) mbedtls: ssl_client.c:921 => write client hello
[0m
[0;32mI (21141) mbedtls: ssl_msg.c:2784 => write handshake message
[0m
[0;32mI (21143) mbedtls: ssl_msg.c:2944 => write record
[0m
[0;32mI (21150) mbedtls: ssl_msg.c:3081 <= write record
[0m
[0;32mI (21154) mbedtls: ssl_msg.c:2905 <= write handshake message
[0m
[0;32mI (21161) mbedtls: ssl_client.c:1014 <= write client hello
[0m
[0;32mI (21167) mbedtls: ssl_msg.c:2354 => flush output
[0m
[0;32mI (21173) mbedtls: ssl_msg.c:2368 message length: 248, out_left: 248
[0m
[0;32mI (21181) mbedtls: ssl_msg.c:2375 ssl->f_send() returned 248 (-0xffffff08)
[0m
[0;32mI (21188) mbedtls: ssl_msg.c:2402 <= flush output
[0m
[0;32mI (21193) mbedtls: ssl_tls.c:4592 client state: MBEDTLS_SSL_SERVER_HELLO
[0m
[0;32mI (21201) mbedtls: ssl_tls12_client.c:1195 => parse server hello
[0m
[0;32mI (21208) mbedtls: ssl_msg.c:4299 => read record
[0m
[0;32mI (21213) mbedtls: ssl_msg.c:2156 => fetch input
[0m
[0;32mI (21219) mbedtls: ssl_msg.c:2296 in_left: 0, nb_want: 5
[0m
[0;32mI (21769) mbedtls: ssl_msg.c:2316 in_left: 0, nb_want: 5
[0m
[0;32mI (21769) mbedtls: ssl_msg.c:2319 ssl->f_recv(_timeout)() returned 5 (-0xfffffffb)
[0m
[0;32mI (21772) mbedtls: ssl_msg.c:2341 <= fetch input
[0m
[0;32mI (21778) mbedtls: ssl_msg.c:2156 => fetch input
[0m
[0;32mI (21783) mbedtls: ssl_msg.c:2296 in_left: 5, nb_want: 72
[0m
[0;32mI (21790) mbedtls: ssl_msg.c:2316 in_left: 5, nb_want: 72
[0m
[0;32mI (21796) mbedtls: ssl_msg.c:2319 ssl->f_recv(_timeout)() returned 67 (-0xffffffbd)
[0m
[0;32mI (21804) mbedtls: ssl_msg.c:2341 <= fetch input
[0m
[0;32mI (21811) mbedtls: ssl_msg.c:4371 <= read record
[0m
[0;32mI (21816) mbedtls: ssl_tls12_client.c:1447 server hello, total extension length: 23
[0m
[0;32mI (21824) mbedtls: ssl_tls12_client.c:1661 <= parse server hello
[0m
[0;32mI (21831) mbedtls: ssl_msg.c:2354 => flush output
[0m
[0;32mI (21836) mbedtls: ssl_msg.c:2363 <= flush output
[0m
[0;32mI (21842) mbedtls: ssl_tls.c:4592 client state: MBEDTLS_SSL_SERVER_CERTIFICATE
[0m
[0;32mI (21850) mbedtls: ssl_tls.c:8027 => parse certificate
[0m
[0;32mI (21856) mbedtls: ssl_msg.c:4299 => read record
[0m
[0;32mI (21861) mbedtls: ssl_msg.c:2156 => fetch input
[0m
[0;32mI (21867) mbedtls: ssl_msg.c:2296 in_left: 0, nb_want: 5
[0m
[0;32mI (21873) mbedtls: ssl_msg.c:2316 in_left: 0, nb_want: 5
[0m
[0;32mI (21879) mbedtls: ssl_msg.c:2319 ssl->f_recv(_timeout)() returned 5 (-0xfffffffb)
[0m
[0;32mI (21888) mbedtls: ssl_msg.c:2341 <= fetch input
[0m
[0;32mI (21893) mbedtls: ssl_msg.c:2156 => fetch input
[0m
[0;32mI (21899) mbedtls: ssl_msg.c:2296 in_left: 5, nb_want: 3414
[0m
[0;32mI (21906) mbedtls: ssl_msg.c:2316 in_left: 5, nb_want: 3414
[0m
[0;32mI (21911) mbedtls: ssl_msg.c:2319 ssl->f_recv(_timeout)() returned 2403 (-0xfffff69d)
[0m
[0;32mI (27097) mbedtls: ssl_msg.c:2316 in_left: 2408, nb_want: 3414
[0m
[0;32mI (27097) mbedtls: ssl_msg.c:2319 ssl->f_recv(_timeout)() returned 1006 (-0xfffffc12)
[0m
[0;32mI (27101) mbedtls: ssl_msg.c:2341 <= fetch input
[0m
[0;32mI (27149) mbedtls: ssl_msg.c:4371 <= read record
[0m
[0;32mI (27152) mbedtls: ssl_msg.c:5295 => send alert message
[0m
[0;32mI (27152) mbedtls: ssl_msg.c:2944 => write record
[0m
[0;32mI (27156) mbedtls: ssl_msg.c:2354 => flush output
[0m
[0;32mI (27161) mbedtls: ssl_msg.c:2368 message length: 7, out_left: 7
[0m
[0;32mI (27169) mbedtls: ssl_msg.c:2375 ssl->f_send() returned 7 (-0xfffffff9)
[0m
[0;32mI (27175) mbedtls: ssl_msg.c:2402 <= flush output
[0m
[0;32mI (27181) mbedtls: ssl_msg.c:3081 <= write record
[0m
[0;32mI (27187) mbedtls: ssl_msg.c:5307 <= send alert message
[0m
[0;33mW (27193) mbedtls: ssl_tls.c:7892  mbedtls_x509_crt_parse_der() returned -16 (-0x0010)
[0m
[0;32mI (27202) mbedtls: ssl_tls.c:4684 <= handshake
[0m
[0;31mE (27207) esp-tls-mbedtls: mbedtls_ssl_handshake returned -0x0010[0m
[0;31mE (27214) esp-tls: Failed to open new connection[0m
[0;31mE (27219) transport_base: Failed to open a new connection[0m
[0;31mE (27226) transport_ws: Error connecting to host clare.vinex.top:443[0m
[0;31mE (27232) websocket_client: esp_transport_connect() failed with -1, transport_error=ESP_ERR_MBEDTLS_SSL_HANDSHAKE_FAILED, tls_error_code=16, tls_flags=0, esp_ws_handshake_status_code=0, errno=119[0m
[0;33mW (27250) clare_net: WS ERR heap free8=28644 largest8=14592[0m
[0;33mW (27256) clare_net: WebSocket error kind=1 err=1082454132 status=0[0m
[0;33mW (27256) clare_net: WebSocket connect timeout kind=1 bits=0x2[0m
[0;32mI (27264) clare_c6: Network error - check Wi-Fi/API[0m
[0;32mI (27275) clare_net: WebSocket disconnected kind=1 event=2 close=0 type=1 errno=0[0m
[0;32mI (27384) clare_c6: Boot network self-test host err=-1[0m
[0;32mI (27384) clare_net: HTTP before init free8=42192 largest8=16128 free_internal=42192 largest_internal=16128[0m
[0;32mI (27907) mbedtls: ssl_msg.c:2156 => fetch input
[0m
[0;32mI (27913) mbedtls: ssl_msg.c:2296 in_left: 0, nb_want: 5
[0m
