
I (77) boot: End of partition table
I (81) esp_image: segment 0: paddr=00010020 vaddr=42130020 size=8600ch (548876) map
I (191) esp_image: segment 1: paddr=00096034 vaddr=40800000 size=09fe4h ( 40932) load
I (201) esp_image: segment 2: paddr=000a0020 vaddr=42000020 size=12b82ch (1226796) map
I (431) esp_image: segment 3: paddr=001cb854 vaddr=40809fe4 size=2eee8h (192232) load
I (473) esp_image: segment 4: paddr=001fa744 vaddr=40838ed0 size=03df8h ( 15864) load
I (491) boot: Loaded app from partition at offset 0x10000
I (491) boot: Disabling RNG early entropy source...
[0;32mI (501) cpu_start: Unicore app[0m
[0;32mI (509) cpu_start: GPIO 17 and 16 are used as console UART I/O pins[0m
[0;32mI (510) cpu_start: Pro cpu start user code[0m
[0;32mI (510) cpu_start: cpu freq: 160000000 Hz[0m
[0;32mI (515) app_init: Application information:[0m
[0;32mI (519) app_init: Project name:     Clare_C6[0m
[0;32mI (524) app_init: App version:      3e09a44-dirty[0m
[0;32mI (530) app_init: Compile time:     Aug 28 2026 15:00:48[0m
[0;32mI (536) app_init: ELF file SHA256:  8d9b0905ee85e797...[0m
[0;32mI (542) app_init: ESP-IDF:          v5.5.3[0m
[0;32mI (546) efuse_init: Min chip rev:     v0.0[0m
[0;32mI (551) efuse_init: Max chip rev:     v0.99 [0m
[0;32mI (556) efuse_init: Chip rev:         v0.2[0m
[0;32mI (561) heap_init: Initializing. RAM available for dynamic allocation:[0m
[0;32mI (568) heap_init: At 4084C610 len 00030000 (192 KiB): RAM[0m
[0;32mI (574) heap_init: At 4087C610 len 00002F54 (11 KiB): RAM[0m
[0;32mI (580) heap_init: At 50000000 len 00003FE8 (15 KiB): RTCRAM[0m
[0;32mI (587) spi_flash: detected chip: generic[0m
[0;32mI (591) spi_flash: flash io: dio[0m
[0;32mI (596) sleep_gpio: Configure to isolate all GPIO pins in sleep state[0m
[0;32mI (603) sleep_gpio: Enable automatic switching of GPIO sleep configuration[0m
[0;32mI (621) main_task: Started on CPU0[0m
[0;32mI (624) main_task: Calling app_main()[0m
[0;32mI (629) clare_c6: Clare C6 starting[0m
[0;32mI (644) axp2101: Init PMU SUCCESS![0m
[0;32mI (650) DisplayPort: SPI BUS init[0m
[0;32mI (650) DisplayPort: Install panel IO[0m
[0;32mI (651) sh8601: LCD panel create success, version: 1.0.0[0m
[0;33mW (1554) sh8601: The 3Ah command has been used and will be overwritten by external initialization sequence[0m
[0;33mW (1554) sh8601: The 36h command has been used and will be overwritten by external initialization sequence[0m
[0;32mI (1738) CST9217: Checkcode: 0x204ECACA[0m
[0;32mI (1740) CST9217: Resolution X: 480, Y: 480[0m
[0;32mI (1742) CST9217: Chip Type: 0x9220, ProjectID: 0x542F[0m
[0;32mI (1742) esp_lvgl:adapter: LVGL adapter initialized successfully[0m
[0;32mI (1752) esp_lvgl:touch: Touch input device registered successfully (IRQ mode: enabled)[0m
[0;32mI (1760) esp_lvgl:adapter: LVGL task started successfully[0m
i2c: {sda: 8, scl: 7}
i2s: {mclk: 19, bclk: 20, ws: 22, din: 21, dout: 23}
out: {codec: ES8311, pa: -1, pa_gain: 6, use_mclk: 1, pa_gain: 6}
Codec 0 dir 2 type:1
in: {codec: ES7210}
Codec 1 dir 1 type:2
[0;32mI (1782) CODEC_INIT: in:1 out:1 port: 1[0m
[0;32mI (1786) CODEC_INIT: Success to int i2c: 0[0m
[0;32mI (1792) CODEC_INIT: Init i2s 0 type: 3 mclk:19 bclk:20 ws:22 din:21 dout:23[0m
[0;32mI (1799) CODEC_INIT: tx:0x4087e708 rx:0x4087e8c4[0m
[0;33mW (1804) i2s_tdm: the current mclk multiple is too small, adjust the mclk multiple to 384[0m
[0;32mI (1813) CODEC_INIT: output init tdm ret 0[0m
[0;33mW (1818) i2s_tdm: the current mclk multiple is too small, adjust the mclk multiple to 384[0m
[0;32mI (1827) CODEC_INIT: Input init tdm ret 0[0m
[0;32mI (1831) CODEC_INIT: Init i2s 0 ok[0m
[0;32mI (1835) CODEC_INIT: Success to init i2s: 0[0m
[0;32mI (1840) CODEC_INIT: Success to int i2c: 0[0m
[0;32mI (1845) CODEC_INIT: Success to init i2s: 0[0m
[0;32mI (1850) CODEC_INIT: Get out handle 0x4087e708 port 0[0m
[0;32mI (1860) ES8311: Work in Slave mode[0m
[0;32mI (1866) ES7210: Work in Slave mode[0m
[0;32mI (1872) ES7210: Enable ES7210_INPUT_MIC1[0m
[0;32mI (1875) ES7210: Enable ES7210_INPUT_MIC2[0m
[0;32mI (1878) ES7210: Enable ES7210_INPUT_MIC3[0m
[0;32mI (1881) ES7210: Enable ES7210_INPUT_MIC4[0m
[0;32mI (1885) ES7210: Enable TDM mode[0m
[0;32mI (1893) I2S_IF: channel mode 2 bits:16/16 channel:2 mask:3[0m
[0;32mI (1894) I2S_IF: TDM Mode 1 bits:16/16 channel:2 sample_rate:16000 mask:3[0m
[0;32mI (1914) Adev_Codec: Open codec device OK[0m
[0;32mI (1915) I2S_IF: channel mode 2 bits:16/16 channel:2 mask:3[0m
[0;32mI (1915) I2S_IF: TDM Mode 0 bits:16/16 channel:2 sample_rate:16000 mask:3[0m
[0;32mI (1923) ES7210: Bits 8[0m
[0;32mI (1932) ES7210: Enable ES7210_INPUT_MIC1[0m
[0;32mI (1934) ES7210: Enable ES7210_INPUT_MIC2[0m
[0;32mI (1937) ES7210: Enable ES7210_INPUT_MIC3[0m
[0;32mI (1941) ES7210: Enable ES7210_INPUT_MIC4[0m
[0;32mI (1947) ES7210: Enable TDM mode[0m
[0;32mI (1953) ES7210: Unmuted[0m
[0;32mI (1953) Adev_Codec: Open codec device OK[0m
[0;32mI (1955) Adev_Codec: Input already open[0m
[0;32mI (1960) Adev_Codec: Input already open[0m
[0;32mI (1980) clare_audio: ALC ready: 16000 Hz mono PCM16, gain 6 dB[0m
[0;32mI (2165) pp: pp rom version: 5b8dcfa[0m
[0;32mI (2165) net80211: net80211 rom version: 5b8dcfa[0m
I (2167) wifi:wifi driver task: 40867c7c, prio:23, stack:6656, core=0
I (2176) wifi:wifi firmware version: 4df78f2
I (2176) wifi:wifi certification version: v7.0
I (2178) wifi:config NVS flash: enabled
I (2181) wifi:config nano formatting: disabled
I (2186) wifi:mac_version:HAL_MAC_ESP32AX_761,ut_version:N, band mode:0x1
I (2193) wifi:Init data frame dynamic rx buffer num: 16
I (2197) wifi:Init static rx mgmt buffer num: 5
I (2201) wifi:Init management short buffer num: 32
I (2206) wifi:Init static tx buffer num: 16
I (2210) wifi:Init static tx FG buffer num: 2
I (2214) wifi:Init static rx buffer size: 1700 (rxctrl:92, csi:512)
I (2220) wifi:Init static rx buffer num: 10
I (2224) wifi:Init dynamic rx buffer num: 16
[0;32mI (2229) wifi_init: rx ba win: 6[0m
[0;32mI (2232) wifi_init: accept mbox: 6[0m
[0;32mI (2236) wifi_init: tcpip mbox: 32[0m
[0;32mI (2240) wifi_init: udp mbox: 6[0m
[0;32mI (2244) wifi_init: tcp mbox: 6[0m
[0;32mI (2247) wifi_init: tcp tx win: 5760[0m
[0;32mI (2252) wifi_init: tcp rx win: 5760[0m
[0;32mI (2256) wifi_init: tcp mss: 1240[0m
[0;32mI (2260) wifi_init: WiFi IRAM OP enabled[0m
[0;32mI (2265) wifi_init: WiFi RX IRAM OP enabled[0m
[0;32mI (2269) wifi_init: WiFi SLP IRAM OP enabled[0m
W (2275) wifi:Password length matches WPA2 standards, authmode threshold changes from OPEN to WPA2
[0;32mI (2283) phy_init: phy_version 343,b513b46,Nov 14 2025,16:34:12[0m
W (2351) wifi:ACK_TAB0   :0x   90a0b, QAM16:0x9 (24Mbps), QPSK:0xa (12Mbps), BPSK:0xb (6Mbps)
W (2351) wifi:CTS_TAB0   :0x   90a0b, QAM16:0x9 (24Mbps), QPSK:0xa (12Mbps), BPSK:0xb (6Mbps)
W (2357) wifi:(agc)0x600a7128:0xd2138a9a, min.avgNF:0xce->0xd2(dB), RCalCount:0x138, min.RRssi:0xa9a(-86.38)
I (2367) wifi:11ax coex: WDEVAX_PTI0(0x55777555), WDEVAX_PTI1(0x00003377).

I (2373) wifi:mode : sta (20:6e:f1:16:e0:a4)
I (2377) wifi:enable tsf
I (2392) wifi:new:<11,0>, old:<1,0>, ap:<255,255>, sta:<11,0>, prof:1, snd_ch_cfg:0x0
I (2393) wifi:(connect)dot11_authmode:0x3, pairwise_cipher:0x3, group_cipher:0x3
I (2396) wifi:state: init -> auth (0xb0)
[0;32mI (2408) clare_net: Wi-Fi protocols limited to 11b/g/n mask=0x07[0m
I (2408) wifi:Set ps type: 0, coexist: 0

[0;32mI (2411) clare_c6: Clare UI ready; touch the Clare tile[0m
[0;32mI (2420) main_task: Returned from app_main()[0m
I (2424) wifi:state: auth -> assoc (0x0)
I (2433) wifi:(assoc)RESP, Extended Capabilities length:8, operating_mode_notification:0
I (2433) wifi:(assoc)RESP, Extended Capabilities, MBSSID:0, TWT Responder:0, OBSS Narrow Bandwidth RU In OFDMA Tolerance:0
I (2443) wifi:Extended Capabilities length:8, operating_mode_notification:1
I (2451) wifi:state: assoc -> run (0x10)
I (2454) wifi:(trc)phytype:CBW20-SGI, snr:58, maxRate:144, highestRateIdx:0
W (2460) wifi:(trc)band:2G, phymode:3, highestRateIdx:0, lowestRateIdx:11, dataSchedTableSize:14
I (2469) wifi:(trc)band:2G, rate(S-MCS7, rateIdx:0), ampdu(rate:S-MCS7, schedIdx(0, stop:8)), snr:58, ampduState:wait operational
I (2480) wifi:ifidx:0, rssi:-29, nf:-87, phytype(0x3, CBW20-SGI), phymode(0x3, 11bgn), max_rate:144, he:0, vht:0, ht:1
I (2491) wifi:(ht)max.RxAMPDULenExponent:3(65535 bytes), MMSS:6(8 us)
I (2513) wifi:connected with oxygen‘s iPhone, aid = 20, channel 11, BW20, bssid = 12:3d:46:d8:6d:be
I (2513) wifi:security: WPA2-PSK, phy:bgn, rssi:-29, cipher(pairwise:0x3, group:0x3), pmf:0, 
I (2520) wifi:pm start, type: 0, twt_start:0

I (2523) wifi:pm start, type:0, aid:0x14, trans-BSSID:12:3d:46:d8:6d:be, BSSID[5]:0xbe, mbssid(max-indicator:0, index:0), he:0
I (2534) wifi:dp: 1, bi: 102400, li: 3, scale listen interval from 307200 us to 307200 us
I (2542) wifi:set rx beacon pti, rx_bcn_pti: 10, bcn_timeout: 25000, mt_pti: 10, mt_time: 10000
I (2551) wifi:[ADDBA]TX addba request, tid:0, dialogtoken:1, bufsize:64, A-MSDU:0(not supported), policy:1(IMR), ssn:0(0x0)
I (2562) wifi:[ADDBA]TX addba request, tid:7, dialogtoken:2, bufsize:64, A-MSDU:0(not supported), policy:1(IMR), ssn:0(0x20)
I (2573) wifi:[ADDBA]TX addba request, tid:5, dialogtoken:3, bufsize:64, A-MSDU:0(not supported), policy:1(IMR), ssn:0(0x0)
W (2584) wifi:<ba-add>idx:0, ifx:0, tid:0, TAHI:0x100be6d, TALO:0xd8463d12, (ssn:1420, win:64, cur_ssn:1420), CONF:0xc0000005
W (2594) wifi:<ba-add>idx:1, ifx:0, tid:2, TAHI:0x100be6d, TALO:0xd8463d12, (ssn:1237, win:64, cur_ssn:1237), CONF:0xc0002005
W (2605) wifi:<ba-add>idx:2, ifx:0, tid:4, TAHI:0x100be6d, TALO:0xd8463d12, (ssn:1258, win:64, cur_ssn:1258), CONF:0xc0004005
W (2616) wifi:<ba-add>idx:3, ifx:0, tid:6, TAHI:0x100be6d, TALO:0xd8463d12, (ssn:989, win:64, cur_ssn:989), CONF:0xc0006005
I (2627) wifi:AP's beacon interval = 102400 us, DTIM period = 1
I (2634) wifi:[ADDBA]RX addba response, status:0, tid:0/tb:1(0xa1), bufsize:64, batimeout:0, txa_wnd:8
I (2642) wifi:[ADDBA]RX addba response, status:0, tid:7/tb:1(0xa1), bufsize:64, batimeout:0, txa_wnd:8
I (2673) wifi:[ADDBA]RX addba response, status:0, tid:5/tb:1(0xa1), bufsize:64, batimeout:0, txa_wnd:8
[0;32mI (3699) esp_netif_handlers: sta ip: 172.20.10.10, mask: 255.255.255.240, gw: 172.20.10.1[0m
[0;32mI (3699) clare_net: DHCP DNS main=172.20.10.1[0m
[0;32mI (10411) clare_c6: Boot network self-test begin[0m
[0;32mI (10419) clare_c6: probe dns rc=0[0m
[0;32mI (10419) clare_c6: probe socket fd=54 errno=0[0m
[0;32mI (10803) clare_c6: probe connect rc=0 errno=0[0m
[0;31mE (11126) esp-tls-mbedtls: No server verification option set in esp_tls_cfg_t structure. Check esp_tls API reference[0m
[0;31mE (11127) esp-tls-mbedtls: Failed to set client configurations, returned [0x8017] (ESP_ERR_MBEDTLS_SSL_SETUP_FAILED)[0m
[0;31mE (11138) esp-tls: create_ssl_handle failed[0m
[0;31mE (11143) esp-tls: Failed to open new connection[0m
[0;32mI (11148) clare_c6: probe esp-tls rc=-1 last=0x0 flags=0x0[0m
[0;32mI (11156) clare_net: Create session URL ready=1[0m
[0;32mI (11159) clare_net: HTTP before init free8=42508 largest8=25088 free_internal=42508 largest_internal=25088[0m
[0;31mE (39604) esp-tls-mbedtls: read error :-0x0050[0m
[0;31mE (39604) transport_base: esp_tls_conn_read error, errno=Connection reset by peer[0m
[0;32mI (39607) clare_net: HTTP response status=-1 bytes=0 truncated=0[0m
[0;33mW (39613) clare_net: HTTP request failed err=28676 status=-1 tls=80 flags=0x0[0m
[0;32mI (39622) clare_c6: Network error - check Wi-Fi/API[0m
[0;32mI (39626) clare_c6: Boot network self-test session err=28676 (attempt 1/4)[0m
[0;33mW (39634) clare_c6: Boot network self-test attempt 1 failed, retrying in 5000 ms[0m
[0;32mI (44642) clare_net: Create session URL ready=1[0m
[0;32mI (44642) clare_net: HTTP before init free8=42372 largest8=16384 free_internal=42372 largest_internal=16384[0m
[0;32mI (55767) clare_net: HTTP response status=200 bytes=82 truncated=0[0m
[0;32mI (55770) clare_c6: Boot network self-test session err=0 (attempt 2/4)[0m
[0;32mI (55772) websocket_client: Started[0m
[0;31mE (62120) esp-tls-mbedtls: mbedtls_ssl_handshake returned -0x0010[0m
[0;31mE (62120) esp-tls: Failed to open new connection[0m
[0;31mE (62121) transport_base: Failed to open a new connection[0m
[0;31mE (62128) transport_ws: Error connecting to host clare.vinex.top:443[0m
[0;31mE (62135) websocket_client: esp_transport_connect() failed with -1, transport_error=ESP_ERR_MBEDTLS_SSL_HANDSHAKE_FAILED, tls_error_code=16, tls_flags=0, esp_ws_handshake_status_code=0, errno=119[0m
[0;33mW (62152) clare_net: WebSocket error kind=0 err=1082454500 status=0[0m
[0;33mW (62152) clare_net: WebSocket connect timeout kind=0 bits=0x2[0m
[0;32mI (62160) clare_c6: Network error - check Wi-Fi/API[0m
[0;32mI (62171) clare_net: WebSocket disconnected kind=0 event=2 close=0 type=1 errno=0[0m
[0;32mI (62280) clare_c6: Boot network self-test transcribe err=-1[0m
[0;32mI (62281) websocket_client: Started[0m
