
I (77) boot: End of partition table
I (81) esp_image: segment 0: paddr=00010020 vaddr=42140020 size=86bb8h (551864) map
I (190) esp_image: segment 1: paddr=00096be0 vaddr=40800000 size=09438h ( 37944) load
I (199) esp_image: segment 2: paddr=000a0020 vaddr=42000020 size=13f140h (1306944) map
I (440) esp_image: segment 3: paddr=001df168 vaddr=40809438 size=33e74h (212596) load
I (486) esp_image: segment 4: paddr=00212fe4 vaddr=4083d2b0 size=03de0h ( 15840) load
I (504) boot: Loaded app from partition at offset 0x10000
I (505) boot: Disabling RNG early entropy source...
[0;32mI (515) cpu_start: Unicore app[0m
[0;32mI (523) cpu_start: GPIO 17 and 16 are used as console UART I/O pins[0m
[0;32mI (524) cpu_start: Pro cpu start user code[0m
[0;32mI (524) cpu_start: cpu freq: 160000000 Hz[0m
[0;32mI (528) app_init: Application information:[0m
[0;32mI (533) app_init: Project name:     Clare_C6[0m
[0;32mI (538) app_init: App version:      3e09a44-dirty[0m
[0;32mI (543) app_init: Compile time:     Aug 28 2026 21:05:57[0m
[0;32mI (549) app_init: ELF file SHA256:  67f8aafadcdc1856...[0m
[0;32mI (555) app_init: ESP-IDF:          v5.5.3[0m
[0;32mI (560) efuse_init: Min chip rev:     v0.0[0m
[0;32mI (565) efuse_init: Max chip rev:     v0.99 [0m
[0;32mI (570) efuse_init: Chip rev:         v0.2[0m
[0;32mI (575) heap_init: Initializing. RAM available for dynamic allocation:[0m
[0;32mI (582) heap_init: At 408579A0 len 00024C70 (147 KiB): RAM[0m
[0;32mI (588) heap_init: At 4087C610 len 00002F54 (11 KiB): RAM[0m
[0;32mI (594) heap_init: At 50000000 len 00003FE8 (15 KiB): RTCRAM[0m
[0;32mI (601) spi_flash: detected chip: generic[0m
[0;32mI (605) spi_flash: flash io: dio[0m
[0;32mI (610) sleep_gpio: Configure to isolate all GPIO pins in sleep state[0m
[0;32mI (616) sleep_gpio: Enable automatic switching of GPIO sleep configuration[0m
[0;32mI (634) main_task: Started on CPU0[0m
[0;32mI (637) main_task: Calling app_main()[0m
[0;32mI (642) clare_c6: Clare C6 starting[0m
[0;32mI (658) axp2101: Init PMU SUCCESS![0m
[0;32mI (664) DisplayPort: SPI BUS init[0m
[0;32mI (664) DisplayPort: Install panel IO[0m
[0;32mI (665) sh8601: LCD panel create success, version: 1.0.0[0m
[0;33mW (1568) sh8601: The 3Ah command has been used and will be overwritten by external initialization sequence[0m
[0;33mW (1568) sh8601: The 36h command has been used and will be overwritten by external initialization sequence[0m
[0;32mI (1752) CST9217: Checkcode: 0x204ECACA[0m
[0;32mI (1754) CST9217: Resolution X: 480, Y: 480[0m
[0;32mI (1756) CST9217: Chip Type: 0x9220, ProjectID: 0x542F[0m
[0;32mI (1756) esp_lvgl:adapter: LVGL adapter initialized successfully[0m
[0;32mI (1767) esp_lvgl:touch: Touch input device registered successfully (IRQ mode: enabled)[0m
[0;32mI (1774) esp_lvgl:adapter: LVGL task started successfully[0m
i2c: {sda: 8, scl: 7}
i2s: {mclk: 19, bclk: 20, ws: 22, din: 21, dout: 23}
out: {codec: ES8311, pa: -1, pa_gain: 6, use_mclk: 1, pa_gain: 6}
Codec 0 dir 2 type:1
in: {codec: ES7210}
Codec 1 dir 1 type:2
[0;32mI (1797) CODEC_INIT: in:1 out:1 port: 1[0m
[0;32mI (1801) CODEC_INIT: Success to int i2c: 0[0m
[0;32mI (1805) CODEC_INIT: Init i2s 0 type: 3 mclk:19 bclk:20 ws:22 din:21 dout:23[0m
[0;32mI (1813) CODEC_INIT: tx:0x4087e708 rx:0x4087e8c4[0m
[0;33mW (1818) i2s_tdm: the current mclk multiple is too small, adjust the mclk multiple to 384[0m
[0;32mI (1827) CODEC_INIT: output init tdm ret 0[0m
[0;33mW (1832) i2s_tdm: the current mclk multiple is too small, adjust the mclk multiple to 384[0m
[0;32mI (1841) CODEC_INIT: Input init tdm ret 0[0m
[0;32mI (1845) CODEC_INIT: Init i2s 0 ok[0m
[0;32mI (1849) CODEC_INIT: Success to init i2s: 0[0m
[0;32mI (1854) CODEC_INIT: Success to int i2c: 0[0m
[0;32mI (1859) CODEC_INIT: Success to init i2s: 0[0m
[0;32mI (1864) CODEC_INIT: Get out handle 0x4087e708 port 0[0m
[0;32mI (1875) ES8311: Work in Slave mode[0m
[0;32mI (1880) ES7210: Work in Slave mode[0m
[0;32mI (1887) ES7210: Enable ES7210_INPUT_MIC1[0m
[0;32mI (1890) ES7210: Enable ES7210_INPUT_MIC2[0m
[0;32mI (1892) ES7210: Enable ES7210_INPUT_MIC3[0m
[0;32mI (1895) ES7210: Enable ES7210_INPUT_MIC4[0m
[0;32mI (1899) ES7210: Enable TDM mode[0m
[0;32mI (1907) I2S_IF: channel mode 2 bits:16/16 channel:2 mask:3[0m
[0;32mI (1908) I2S_IF: TDM Mode 1 bits:16/16 channel:2 sample_rate:16000 mask:3[0m
[0;32mI (1929) Adev_Codec: Open codec device OK[0m
[0;32mI (1929) I2S_IF: channel mode 2 bits:16/16 channel:2 mask:3[0m
[0;32mI (1929) I2S_IF: TDM Mode 0 bits:16/16 channel:2 sample_rate:16000 mask:3[0m
[0;32mI (1937) ES7210: Bits 8[0m
[0;32mI (1946) ES7210: Enable ES7210_INPUT_MIC1[0m
[0;32mI (1949) ES7210: Enable ES7210_INPUT_MIC2[0m
[0;32mI (1951) ES7210: Enable ES7210_INPUT_MIC3[0m
[0;32mI (1956) ES7210: Enable ES7210_INPUT_MIC4[0m
[0;32mI (1961) ES7210: Enable TDM mode[0m
[0;32mI (1967) ES7210: Unmuted[0m
[0;32mI (1968) Adev_Codec: Open codec device OK[0m
[0;32mI (1970) Adev_Codec: Input already open[0m
[0;32mI (1974) Adev_Codec: Input already open[0m
[0;32mI (1995) clare_audio: ALC ready: 16000 Hz mono PCM16, gain 6 dB[0m
[0;32mI (2211) pp: pp rom version: 5b8dcfa[0m
[0;32mI (2211) net80211: net80211 rom version: 5b8dcfa[0m
I (2213) wifi:wifi driver task: 4087300c, prio:23, stack:6656, core=0
I (2222) wifi:wifi firmware version: 4df78f2
I (2223) wifi:wifi certification version: v7.0
I (2224) wifi:config NVS flash: enabled
I (2227) wifi:config nano formatting: disabled
I (2231) wifi:mac_version:HAL_MAC_ESP32AX_761,ut_version:N, band mode:0x1
I (2238) wifi:Init data frame dynamic rx buffer num: 16
I (2243) wifi:Init static rx mgmt buffer num: 5
I (2247) wifi:Init management short buffer num: 32
I (2252) wifi:Init static tx buffer num: 16
I (2256) wifi:Init static tx FG buffer num: 2
I (2260) wifi:Init static rx buffer size: 1700 (rxctrl:92, csi:512)
W (2266) wifi:malloc buffer fail
I (2269) wifi:Init static rx buffer num: 0
I (2272) wifi:Init dynamic rx buffer num: 16
E (2276) wifi:Expected to init 10 rx buffer, actual is 0
I (2281) wifi:Deinit lldesc rx mblock:0
I (2285) wifi:Deinit lldesc rx mblock:0
I (2289) wifi:Deinit lldesc rx mblock:0
I (2292) wifi:Deinit lldesc rx mblock:0
[0;33mW (2297) wifi_init: Failed to unregister Rx callbacks[0m
[0;31mE (2302) wifi_init: Failed to deinit Wi-Fi driver (0x3001)[0m
[0;31mE (2308) wifi_init: Failed to deinit Wi-Fi (0x3001)[0m
[0;32mI (2314) clare_c6: Clare UI ready; touch the Clare tile[0m
[0;32mI (2319) main_task: Returned from app_main()[0m
[0;32mI (10314) clare_c6: Boot network self-test begin[0m
[0;32mI (10314) pp: pp rom version: 5b8dcfa[0m
[0;32mI (10314) net80211: net80211 rom version: 5b8dcfa[0m
I (10319) wifi:wifi driver task: 40859f0c, prio:23, stack:6656, core=0
I (10330) wifi:wifi firmware version: 4df78f2
I (10331) wifi:wifi certification version: v7.0
I (10332) wifi:config NVS flash: enabled
I (10336) wifi:config nano formatting: disabled
I (10340) wifi:mac_version:HAL_MAC_ESP32AX_761,ut_version:N, band mode:0x1
I (10347) wifi:Init data frame dynamic rx buffer num: 16
I (10352) wifi:Init static rx mgmt buffer num: 5
I (10356) wifi:Init management short buffer num: 32
I (10361) wifi:Init static tx buffer num: 16
I (10365) wifi:Init static tx FG buffer num: 2
I (10369) wifi:Init static rx buffer size: 1700 (rxctrl:92, csi:512)
W (10375) wifi:malloc buffer fail
I (10378) wifi:Init static rx buffer num: 2
I (10382) wifi:Init dynamic rx buffer num: 16
E (10386) wifi:Expected to init 10 rx buffer, actual is 2
I (10391) wifi:Deinit lldesc rx mblock:0
I (10395) wifi:Deinit lldesc rx mblock:0
I (10399) wifi:Deinit lldesc rx mblock:0
I (10402) wifi:Deinit lldesc rx mblock:0
[0;33mW (10407) wifi_init: Failed to unregister Rx callbacks[0m
[0;31mE (10412) wifi_init: Failed to deinit Wi-Fi driver (0x3001)[0m
[0;31mE (10418) wifi_init: Failed to deinit Wi-Fi (0x3001)[0m
[0;33mW (10423) clare_c6: Boot network self-test Wi-Fi unavailable[0m
