
I (77) boot: End of partition table
I (81) esp_image: segment 0: paddr=00010020 vaddr=42130020 size=84ce8h (543976) map
I (190) esp_image: segment 1: paddr=00094d10 vaddr=40800000 size=0b308h ( 45832) load
I (201) esp_image: segment 2: paddr=000a0020 vaddr=42000020 size=12ba9ch (1227420) map
I (432) esp_image: segment 3: paddr=001cbac4 vaddr=4080b308 size=31978h (203128) load
I (489) boot: Loaded app from partition at offset 0x10000
I (489) boot: Disabling RNG early entropy source...
[0;32mI (499) cpu_start: Unicore app[0m
[0;32mI (508) cpu_start: GPIO 17 and 16 are used as console UART I/O pins[0m
[0;32mI (508) cpu_start: Pro cpu start user code[0m
[0;32mI (508) cpu_start: cpu freq: 160000000 Hz[0m
[0;32mI (513) app_init: Application information:[0m
[0;32mI (518) app_init: Project name:     Clare_C6[0m
[0;32mI (522) app_init: App version:      3e09a44-dirty[0m
[0;32mI (528) app_init: Compile time:     Aug 29 2026 07:01:13[0m
[0;32mI (534) app_init: ELF file SHA256:  305049e1b5a237d3...[0m
[0;32mI (540) app_init: ESP-IDF:          v5.5.3[0m
[0;32mI (545) efuse_init: Min chip rev:     v0.0[0m
[0;32mI (549) efuse_init: Max chip rev:     v0.99 [0m
[0;32mI (554) efuse_init: Chip rev:         v0.2[0m
[0;32mI (559) heap_init: Initializing. RAM available for dynamic allocation:[0m
[0;32mI (566) heap_init: At 4084C560 len 000300B0 (192 KiB): RAM[0m
[0;32mI (572) heap_init: At 4087C610 len 00002F54 (11 KiB): RAM[0m
[0;32mI (578) heap_init: At 50000000 len 00003FE8 (15 KiB): RTCRAM[0m
[0;32mI (586) spi_flash: detected chip: generic[0m
[0;32mI (590) spi_flash: flash io: dio[0m
[0;32mI (594) sleep_gpio: Configure to isolate all GPIO pins in sleep state[0m
[0;32mI (601) sleep_gpio: Enable automatic switching of GPIO sleep configuration[0m
[0;32mI (619) main_task: Started on CPU0[0m
[0;32mI (622) main_task: Calling app_main()[0m
[0;32mI (627) clare_c6: Clare C6 starting[0m
[0;32mI (642) axp2101: Init PMU SUCCESS![0m
[0;32mI (648) DisplayPort: SPI BUS init[0m
[0;32mI (648) DisplayPort: Install panel IO[0m
[0;32mI (649) sh8601: LCD panel create success, version: 1.0.0[0m
[0;33mW (1552) sh8601: The 3Ah command has been used and will be overwritten by external initialization sequence[0m
[0;33mW (1552) sh8601: The 36h command has been used and will be overwritten by external initialization sequence[0m
[0;32mI (1736) CST9217: Checkcode: 0x204ECACA[0m
[0;32mI (1738) CST9217: Resolution X: 480, Y: 480[0m
[0;32mI (1740) CST9217: Chip Type: 0x9220, ProjectID: 0x542F[0m
[0;32mI (1740) esp_lvgl:adapter: LVGL adapter initialized successfully[0m
[0;32mI (1750) esp_lvgl:touch: Touch input device registered successfully (IRQ mode: enabled)[0m
[0;32mI (1758) esp_lvgl:adapter: LVGL task started successfully[0m
i2c: {sda: 8, scl: 7}
i2s: {mclk: 19, bclk: 20, ws: 22, din: 21, dout: 23}
out: {codec: ES8311, pa: -1, pa_gain: 6, use_mclk: 1, pa_gain: 6}
Codec 0 dir 2 type:1
in: {codec: ES7210}
Codec 1 dir 1 type:2
[0;32mI (1780) CODEC_INIT: in:1 out:1 port: 1[0m
[0;32mI (1784) CODEC_INIT: Success to int i2c: 0[0m
[0;32mI (1789) CODEC_INIT: Init i2s 0 type: 3 mclk:19 bclk:20 ws:22 din:21 dout:23[0m
[0;32mI (1797) CODEC_INIT: tx:0x4087e684 rx:0x4087e840[0m
[0;33mW (1802) i2s_tdm: the current mclk multiple is too small, adjust the mclk multiple to 384[0m
[0;32mI (1811) CODEC_INIT: output init tdm ret 0[0m
[0;33mW (1816) i2s_tdm: the current mclk multiple is too small, adjust the mclk multiple to 384[0m
[0;32mI (1825) CODEC_INIT: Input init tdm ret 0[0m
[0;32mI (1829) CODEC_INIT: Init i2s 0 ok[0m
[0;32mI (1833) CODEC_INIT: Success to init i2s: 0[0m
[0;32mI (1838) CODEC_INIT: Success to int i2c: 0[0m
[0;32mI (1843) CODEC_INIT: Success to init i2s: 0[0m
[0;32mI (1848) CODEC_INIT: Get out handle 0x4087e684 port 0[0m
[0;32mI (1858) ES8311: Work in Slave mode[0m
[0;32mI (1864) ES7210: Work in Slave mode[0m
[0;32mI (1870) ES7210: Enable ES7210_INPUT_MIC1[0m
[0;32mI (1873) ES7210: Enable ES7210_INPUT_MIC2[0m
[0;32mI (1876) ES7210: Enable ES7210_INPUT_MIC3[0m
[0;32mI (1879) ES7210: Enable ES7210_INPUT_MIC4[0m
[0;32mI (1883) ES7210: Enable TDM mode[0m
[0;32mI (1891) I2S_IF: channel mode 2 bits:16/16 channel:2 mask:3[0m
[0;32mI (1892) I2S_IF: TDM Mode 1 bits:16/16 channel:2 sample_rate:16000 mask:3[0m
[0;32mI (1912) Adev_Codec: Open codec device OK[0m
[0;32mI (1913) I2S_IF: channel mode 2 bits:16/16 channel:2 mask:3[0m
[0;32mI (1913) I2S_IF: TDM Mode 0 bits:16/16 channel:2 sample_rate:16000 mask:3[0m
[0;32mI (1921) ES7210: Bits 8[0m
[0;32mI (1930) ES7210: Enable ES7210_INPUT_MIC1[0m
[0;32mI (1932) ES7210: Enable ES7210_INPUT_MIC2[0m
[0;32mI (1935) ES7210: Enable ES7210_INPUT_MIC3[0m
[0;32mI (1939) ES7210: Enable ES7210_INPUT_MIC4[0m
[0;32mI (1945) ES7210: Enable TDM mode[0m
[0;32mI (1951) ES7210: Unmuted[0m
[0;32mI (1951) Adev_Codec: Open codec device OK[0m
[0;32mI (1953) Adev_Codec: Input already open[0m
[0;32mI (1958) Adev_Codec: Input already open[0m
[0;32mI (1978) clare_audio: ALC ready: 16000 Hz mono PCM16, gain 6 dB[0m
[0;32mI (2151) pp: pp rom version: 5b8dcfa[0m
[0;32mI (2151) net80211: net80211 rom version: 5b8dcfa[0m
I (2153) wifi:wifi driver task: 40867b54, prio:23, stack:6656, core=0
I (2162) wifi:wifi firmware version: 4df78f2
I (2162) wifi:wifi certification version: v7.0
I (2164) wifi:config NVS flash: enabled
I (2167) wifi:config nano formatting: disabled
I (2171) wifi:mac_version:HAL_MAC_ESP32AX_761,ut_version:N, band mode:0x1
I (2178) wifi:Init data frame dynamic rx buffer num: 16
I (2183) wifi:Init static rx mgmt buffer num: 5
I (2187) wifi:Init management short buffer num: 32
I (2192) wifi:Init static tx buffer num: 16
I (2195) wifi:Init static tx FG buffer num: 2
I (2200) wifi:Init static rx buffer size: 1700 (rxctrl:92, csi:512)
I (2206) wifi:Init static rx buffer num: 10
I (2209) wifi:Init dynamic rx buffer num: 16
[0;32mI (2225) wifi_init: rx ba win: 6[0m
[0;32mI (2225) wifi_init: accept mbox: 6[0m
[0;32mI (2226) wifi_init: tcpip mbox: 32[0m
[0;32mI (2226) wifi_init: udp mbox: 6[0m
[0;32mI (2230) wifi_init: tcp mbox: 6[0m
[0;32mI (2234) wifi_init: tcp tx win: 5760[0m
[0;32mI (2238) wifi_init: tcp rx win: 5760[0m
[0;32mI (2243) wifi_init: tcp mss: 1240[0m
[0;32mI (2246) wifi_init: WiFi IRAM OP enabled[0m
[0;32mI (2251) wifi_init: WiFi RX IRAM OP enabled[0m
[0;32mI (2256) wifi_init: WiFi SLP IRAM OP enabled[0m
W (2261) wifi:Password length matches WPA2 standards, authmode threshold changes from OPEN to WPA2
[0;32mI (2270) phy_init: phy_version 343,b513b46,Nov 14 2025,16:34:12[0m
W (2337) wifi:ACK_TAB0   :0x   90a0b, QAM16:0x9 (24Mbps), QPSK:0xa (12Mbps), BPSK:0xb (6Mbps)
W (2337) wifi:CTS_TAB0   :0x   90a0b, QAM16:0x9 (24Mbps), QPSK:0xa (12Mbps), BPSK:0xb (6Mbps)
W (2343) wifi:(agc)0x600a7128:0xd20f1ac2, min.avgNF:0xce->0xd2(dB), RCalCount:0xf1, min.RRssi:0xac2(-83.88)
I (2352) wifi:11ax coex: WDEVAX_PTI0(0x55777555), WDEVAX_PTI1(0x00003377).

I (2359) wifi:mode : sta (20:6e:f1:16:e0:a4)
I (2363) wifi:enable tsf
[0;32mI (2381) clare_net: Wi-Fi protocols limited to 11b/g/n mask=0x07[0m
I (2381) wifi:Set ps type: 0, coexist: 0

[0;32mI (2382) clare_c6: Clare UI ready; touch the Clare tile[0m
[0;32mI (2386) main_task: Returned from app_main()[0m
I (3724) wifi:new:<11,0>, old:<1,0>, ap:<255,255>, sta:<11,0>, prof:1, snd_ch_cfg:0x0
I (3726) wifi:(connect)dot11_authmode:0x3, pairwise_cipher:0x3, group_cipher:0x3
I (3728) wifi:state: init -> auth (0xb0)
I (3740) wifi:state: auth -> assoc (0x0)
I (3748) wifi:(assoc)RESP, Extended Capabilities length:8, operating_mode_notification:0
I (3748) wifi:(assoc)RESP, Extended Capabilities, MBSSID:0, TWT Responder:0, OBSS Narrow Bandwidth RU In OFDMA Tolerance:0
I (3755) wifi:Extended Capabilities length:8, operating_mode_notification:1
I (3762) wifi:state: assoc -> run (0x10)
I (3766) wifi:(trc)phytype:CBW20-SGI, snr:56, maxRate:144, highestRateIdx:0
W (3772) wifi:(trc)band:2G, phymode:3, highestRateIdx:0, lowestRateIdx:11, dataSchedTableSize:14
I (3781) wifi:(trc)band:2G, rate(S-MCS7, rateIdx:0), ampdu(rate:S-MCS7, schedIdx(0, stop:8)), snr:56, ampduState:wait operational
I (3792) wifi:ifidx:0, rssi:-30, nf:-86, phytype(0x3, CBW20-SGI), phymode(0x3, 11bgn), max_rate:144, he:0, vht:0, ht:1
I (3803) wifi:(ht)max.RxAMPDULenExponent:3(65535 bytes), MMSS:6(8 us)
I (3823) wifi:connected with oxygen, aid = 20, channel 11, BW20, bssid = 4a:2f:53:47:2a:0a
I (3823) wifi:security: WPA2-PSK, phy:bgn, rssi:-30, cipher(pairwise:0x3, group:0x3), pmf:0, 
I (3833) wifi:pm start, type: 0, twt_start:0

I (3833) wifi:pm start, type:0, aid:0x14, trans-BSSID:4a:2f:53:47:2a:0a, BSSID[5]:0xa, mbssid(max-indicator:0, index:0), he:0
I (3844) wifi:dp: 1, bi: 102400, li: 3, scale listen interval from 307200 us to 307200 us
I (3852) wifi:set rx beacon pti, rx_bcn_pti: 10, bcn_timeout: 25000, mt_pti: 10, mt_time: 10000
I (3860) wifi:[ADDBA]TX addba request, tid:0, dialogtoken:1, bufsize:64, A-MSDU:0(not supported), policy:1(IMR), ssn:0(0x0)
I (3871) wifi:[ADDBA]TX addba request, tid:7, dialogtoken:2, bufsize:64, A-MSDU:0(not supported), policy:1(IMR), ssn:0(0x20)
I (3882) wifi:[ADDBA]TX addba request, tid:5, dialogtoken:3, bufsize:64, A-MSDU:0(not supported), policy:1(IMR), ssn:0(0x0)
W (3893) wifi:<ba-add>idx:0, ifx:0, tid:0, TAHI:0x1000a2a, TALO:0x47532f4a, (ssn:2698, win:64, cur_ssn:2698), CONF:0xc0000005
W (3904) wifi:<ba-add>idx:1, ifx:0, tid:2, TAHI:0x1000a2a, TALO:0x47532f4a, (ssn:2299, win:64, cur_ssn:2299), CONF:0xc0002005
W (3915) wifi:<ba-add>idx:2, ifx:0, tid:4, TAHI:0x1000a2a, TALO:0x47532f4a, (ssn:3352, win:64, cur_ssn:3352), CONF:0xc0004005
W (3926) wifi:<ba-add>idx:3, ifx:0, tid:6, TAHI:0x1000a2a, TALO:0x47532f4a, (ssn:883, win:64, cur_ssn:883), CONF:0xc0006005
I (3937) wifi:[ADDBA]RX addba response, status:0, tid:0/tb:1(0xa1), bufsize:64, batimeout:0, txa_wnd:8
I (3946) wifi:AP's beacon interval = 102400 us, DTIM period = 1
I (3952) wifi:[ADDBA]RX addba response, status:0, tid:7/tb:1(0xa1), bufsize:64, batimeout:0, txa_wnd:8
I (3965) wifi:[ADDBA]RX addba response, status:0, tid:5/tb:1(0xa1), bufsize:64, batimeout:0, txa_wnd:8
[0;32mI (5042) esp_netif_handlers: sta ip: 172.20.10.10, mask: 255.255.255.240, gw: 172.20.10.1[0m
[0;32mI (5042) clare_net: DHCP DNS main=172.20.10.1[0m
[0;32mI (10382) clare_c6: Boot network self-test begin[0m
[0;32mI (11090) clare_c6: probe dns ip=104.21.35.182[0m
[0;32mI (11090) clare_c6: probe dns rc=0[0m
[0;32mI (11091) clare_c6: probe socket fd=54 errno=0[0m
[0;32mI (11697) clare_c6: probe connect rc=0 errno=0[0m
[0;33mW (22159) esp-tls: Failed to open new connection in specified timeout[0m
[0;32mI (22159) clare_c6: probe esp-tls rc=0 last=0x0 flags=0x0[0m
[0;32mI (22162) clare_net: Create session URL ready=1[0m
[0;32mI (22166) clare_net: HTTP before init free8=42768 largest8=25600 free_internal=42768 largest_internal=25600[0m
[0;32mI (30591) clare_net: HTTP response status=200 bytes=82 truncated=0[0m
[0;32mI (30592) clare_net: HTTP after cleanup free8=42684 largest8=14592[0m
[0;32mI (30594) clare_c6: Boot network self-test session err=0 (attempt 1/4)[0m
[0;32mI (47331) clare_c6: probe2 post-http esp-tls rc=1[0m
ESP-ROM:esp32c6-20220919
Build:Sep 19 2022
rst:0x15 (USB_UART_HPSYS),boot:0x7f (SPI_FAST_FLASH_BOOT)
Saved PC:0x4082237e
SPIWP:0xee
mode:DIO, clock div:2
load:0x40875730,len:0x16f4
load:0x4086b910,len:0xed0
load:0x4086e610,len:0x3198
entry 0x4086b91a
I (23) boot: ESP-IDF v5.5.3 2nd stage bootloader
I (23) boot: compile time Aug 28 2026 23:33:41
I (24) boot: chip revision: v0.2
I (24) boot: efuse block revision: v0.3
I (26) boot.esp32c6: SPI Speed      : 80MHz
I (30) boot.esp32c6: SPI Mode       : DIO
I (34) boot.esp32c6: SPI Flash Size : 16MB
I (38) boot: Enabling RNG early entropy source...
I (42) boot: Partition Table:
I (45) boot: ## Label            Usage          Type ST Offset   Length
I (51) boot:  0 nvs              WiFi data        01 02 00009000 00006000
I (58) boot:  1 phy_init         RF data          01 01 0000f000 00001000
I (64) boot:  2 factory          factory app      00 00 00010000 00600000
I (71) boot:  3 storage          Unknown data     01 82 00610000 00300000
I (77) boot: End of partition table
I (81) esp_image: segment 0: paddr=00010020 vaddr=42130020 size=84ce8h (543976) map
I (190) esp_image: segment 1: paddr=00094d10 vaddr=40800000 size=0b308h ( 45832) load
I (201) esp_image: segment 2: paddr=000a0020 vaddr=42000020 size=12ba9ch (1227420) map
I (432) esp_image: segment 3: paddr=001cbac4 vaddr=4080b308 size=31978h (203128) load
I (489) boot: Loaded app from partition at offset 0x10000
I (489) boot: Disabling RNG early entropy source...
[0;32mI (499) cpu_start: Unicore app[0m
[0;32mI (508) cpu_start: GPIO 17 and 16 are used as console UART I/O pins[0m
[0;32mI (508) cpu_start: Pro cpu start user code[0m
[0;32mI (508) cpu_start: cpu freq: 160000000 Hz[0m
[0;32mI (513) app_init: Application information:[0m
[0;32mI (518) app_init: Project name:     Clare_C6[0m
[0;32mI (522) app_init: App version:      3e09a44-dirty[0m
[0;32mI (528) app_init: Compile time:     Aug 29 2026 07:01:13[0m
[0;32mI (534) app_init: ELF file SHA256:  305049e1b5a237d3...[0m
[0;32mI (540) app_init: ESP-IDF:          v5.5.3[0m
[0;32mI (545) efuse_init: Min chip rev:     v0.0[0m
[0;32mI (549) efuse_init: Max chip rev:     v0.99 [0m
[0;32mI (554) efuse_init: Chip rev:         v0.2[0m
[0;32mI (559) heap_init: Initializing. RAM available for dynamic allocation:[0m
[0;32mI (566) heap_init: At 4084C560 len 000300B0 (192 KiB): RAM[0m
[0;32mI (572) heap_init: At 4087C610 len 00002F54 (11 KiB): RAM[0m
[0;32mI (578) heap_init: At 50000000 len 00003FE8 (15 KiB): RTCRAM[0m
[0;32mI (586) spi_flash: detected chip: generic[0m
[0;32mI (590) spi_flash: flash io: dio[0m
[0;32mI (594) sleep_gpio: Configure to isolate all GPIO pins in sleep state[0m
[0;32mI (601) sleep_gpio: Enable automatic switching of GPIO sleep configuration[0m
[0;32mI (619) main_task: Started on CPU0[0m
[0;32mI (622) main_task: Calling app_main()[0m
[0;32mI (627) clare_c6: Clare C6 starting[0m
[0;32mI (642) axp2101: Init PMU SUCCESS![0m
[0;32mI (647) DisplayPort: SPI BUS init[0m
[0;32mI (648) DisplayPort: Install panel IO[0m
[0;32mI (649) sh8601: LCD panel create success, version: 1.0.0[0m
[0;33mW (1552) sh8601: The 3Ah command has been used and will be overwritten by external initialization sequence[0m
[0;33mW (1552) sh8601: The 36h command has been used and will be overwritten by external initialization sequence[0m
[0;32mI (1736) CST9217: Checkcode: 0x204ECACA[0m
[0;32mI (1738) CST9217: Resolution X: 480, Y: 480[0m
[0;32mI (1740) CST9217: Chip Type: 0x9220, ProjectID: 0x542F[0m
[0;32mI (1740) esp_lvgl:adapter: LVGL adapter initialized successfully[0m
[0;32mI (1750) esp_lvgl:touch: Touch input device registered successfully (IRQ mode: enabled)[0m
[0;32mI (1758) esp_lvgl:adapter: LVGL task started successfully[0m
i2c: {sda: 8, scl: 7}
i2s: {mclk: 19, bclk: 20, ws: 22, din: 21, dout: 23}
out: {codec: ES8311, pa: -1, pa_gain: 6, use_mclk: 1, pa_gain: 6}
Codec 0 dir 2 type:1
in: {codec: ES7210}
Codec 1 dir 1 type:2
[0;32mI (1780) CODEC_INIT: in:1 out:1 port: 1[0m
[0;32mI (1784) CODEC_INIT: Success to int i2c: 0[0m
[0;32mI (1789) CODEC_INIT: Init i2s 0 type: 3 mclk:19 bclk:20 ws:22 din:21 dout:23[0m
[0;32mI (1797) CODEC_INIT: tx:0x4087e684 rx:0x4087e840[0m
[0;33mW (1802) i2s_tdm: the current mclk multiple is too small, adjust the mclk multiple to 384[0m
[0;32mI (1811) CODEC_INIT: output init tdm ret 0[0m
[0;33mW (1816) i2s_tdm: the current mclk multiple is too small, adjust the mclk multiple to 384[0m
[0;32mI (1825) CODEC_INIT: Input init tdm ret 0[0m
[0;32mI (1829) CODEC_INIT: Init i2s 0 ok[0m
[0;32mI (1833) CODEC_INIT: Success to init i2s: 0[0m
[0;32mI (1838) CODEC_INIT: Success to int i2c: 0[0m
[0;32mI (1843) CODEC_INIT: Success to init i2s: 0[0m
[0;32mI (1848) CODEC_INIT: Get out handle 0x4087e684 port 0[0m
[0;32mI (1858) ES8311: Work in Slave mode[0m
[0;32mI (1864) ES7210: Work in Slave mode[0m
[0;32mI (1870) ES7210: Enable ES7210_INPUT_MIC1[0m
[0;32mI (1873) ES7210: Enable ES7210_INPUT_MIC2[0m
[0;32mI (1876) ES7210: Enable ES7210_INPUT_MIC3[0m
[0;32mI (1879) ES7210: Enable ES7210_INPUT_MIC4[0m
[0;32mI (1883) ES7210: Enable TDM mode[0m
[0;32mI (1891) I2S_IF: channel mode 2 bits:16/16 channel:2 mask:3[0m
[0;32mI (1892) I2S_IF: TDM Mode 1 bits:16/16 channel:2 sample_rate:16000 mask:3[0m
[0;32mI (1912) Adev_Codec: Open codec device OK[0m
[0;32mI (1913) I2S_IF: channel mode 2 bits:16/16 channel:2 mask:3[0m
[0;32mI (1913) I2S_IF: TDM Mode 0 bits:16/16 channel:2 sample_rate:16000 mask:3[0m
[0;32mI (1921) ES7210: Bits 8[0m
[0;32mI (1930) ES7210: Enable ES7210_INPUT_MIC1[0m
[0;32mI (1932) ES7210: Enable ES7210_INPUT_MIC2[0m
[0;32mI (1935) ES7210: Enable ES7210_INPUT_MIC3[0m
[0;32mI (1939) ES7210: Enable ES7210_INPUT_MIC4[0m
[0;32mI (1944) ES7210: Enable TDM mode[0m
[0;32mI (1951) ES7210: Unmuted[0m
[0;32mI (1951) Adev_Codec: Open codec device OK[0m
[0;32mI (1953) Adev_Codec: Input already open[0m
[0;32mI (1958) Adev_Codec: Input already open[0m
[0;32mI (1978) clare_audio: ALC ready: 16000 Hz mono PCM16, gain 6 dB[0m
[0;32mI (2161) pp: pp rom version: 5b8dcfa[0m
[0;32mI (2161) net80211: net80211 rom version: 5b8dcfa[0m
I (2163) wifi:wifi driver task: 40867b54, prio:23, stack:6656, core=0
I (2172) wifi:wifi firmware version: 4df78f2
I (2172) wifi:wifi certification version: v7.0
I (2174) wifi:config NVS flash: enabled
I (2177) wifi:config nano formatting: disabled
I (2182) wifi:mac_version:HAL_MAC_ESP32AX_761,ut_version:N, band mode:0x1
I (2189) wifi:Init data frame dynamic rx buffer num: 16
I (2193) wifi:Init static rx mgmt buffer num: 5
I (2197) wifi:Init management short buffer num: 32
I (2202) wifi:Init static tx buffer num: 16
I (2206) wifi:Init static tx FG buffer num: 2
I (2210) wifi:Init static rx buffer size: 1700 (rxctrl:92, csi:512)
I (2216) wifi:Init static rx buffer num: 10
I (2220) wifi:Init dynamic rx buffer num: 16
[0;32mI (2225) wifi_init: rx ba win: 6[0m
[0;32mI (2228) wifi_init: accept mbox: 6[0m
[0;32mI (2232) wifi_init: tcpip mbox: 32[0m
[0;32mI (2236) wifi_init: udp mbox: 6[0m
[0;32mI (2240) wifi_init: tcp mbox: 6[0m
[0;32mI (2243) wifi_init: tcp tx win: 5760[0m
[0;32mI (2248) wifi_init: tcp rx win: 5760[0m
[0;32mI (2252) wifi_init: tcp mss: 1240[0m
[0;32mI (2256) wifi_init: WiFi IRAM OP enabled[0m
[0;32mI (2260) wifi_init: WiFi RX IRAM OP enabled[0m
[0;32mI (2265) wifi_init: WiFi SLP IRAM OP enabled[0m
W (2271) wifi:Password length matches WPA2 standards, authmode threshold changes from OPEN to WPA2
[0;32mI (2279) phy_init: phy_version 343,b513b46,Nov 14 2025,16:34:12[0m
W (2346) wifi:ACK_TAB0   :0x   90a0b, QAM16:0x9 (24Mbps), QPSK:0xa (12Mbps), BPSK:0xb (6Mbps)
W (2347) wifi:CTS_TAB0   :0x   90a0b, QAM16:0x9 (24Mbps), QPSK:0xa (12Mbps), BPSK:0xb (6Mbps)
W (2352) wifi:(agc)0x600a7128:0xd21a5aae, min.avgNF:0xce->0xd2(dB), RCalCount:0x1a5, min.RRssi:0xaae(-85.12)
I (2362) wifi:11ax coex: WDEVAX_PTI0(0x55777555), WDEVAX_PTI1(0x00003377).

I (2369) wifi:mode : sta (20:6e:f1:16:e0:a4)
I (2372) wifi:enable tsf
I (2384) wifi:new:<11,0>, old:<1,0>, ap:<255,255>, sta:<11,0>, prof:1, snd_ch_cfg:0x0
I (2385) wifi:(connect)dot11_authmode:0x3, pairwise_cipher:0x3, group_cipher:0x3
I (2389) wifi:state: init -> auth (0xb0)
[0;32mI (2404) clare_net: Wi-Fi protocols limited to 11b/g/n mask=0x07[0m
I (2404) wifi:Set ps type: 0, coexist: 0

[0;32mI (2405) clare_c6: Clare UI ready; touch the Clare tile[0m
[0;32mI (2409) main_task: Returned from app_main()[0m
I (2419) wifi:state: auth -> assoc (0x0)
I (2428) wifi:(assoc)RESP, Extended Capabilities length:8, operating_mode_notification:0
I (2429) wifi:(assoc)RESP, Extended Capabilities, MBSSID:0, TWT Responder:0, OBSS Narrow Bandwidth RU In OFDMA Tolerance:0
I (2437) wifi:Extended Capabilities length:8, operating_mode_notification:1
I (2444) wifi:state: assoc -> run (0x10)
I (2447) wifi:(trc)phytype:CBW20-SGI, snr:62, maxRate:144, highestRateIdx:0
W (2453) wifi:(trc)band:2G, phymode:3, highestRateIdx:0, lowestRateIdx:11, dataSchedTableSize:14
I (2462) wifi:(trc)band:2G, rate(S-MCS7, rateIdx:0), ampdu(rate:S-MCS7, schedIdx(0, stop:8)), snr:62, ampduState:wait operational
I (2473) wifi:ifidx:0, rssi:-24, nf:-86, phytype(0x3, CBW20-SGI), phymode(0x3, 11bgn), max_rate:144, he:0, vht:0, ht:1
I (2484) wifi:(ht)max.RxAMPDULenExponent:3(65535 bytes), MMSS:6(8 us)
I (2502) wifi:connected with oxygen, aid = 20, channel 11, BW20, bssid = 4a:2f:53:47:2a:0a
I (2502) wifi:security: WPA2-PSK, phy:bgn, rssi:-24, cipher(pairwise:0x3, group:0x3), pmf:0, 
I (2508) wifi:pm start, type: 0, twt_start:0

I (2511) wifi:pm start, type:0, aid:0x14, trans-BSSID:4a:2f:53:47:2a:0a, BSSID[5]:0xa, mbssid(max-indicator:0, index:0), he:0
I (2522) wifi:dp: 1, bi: 102400, li: 3, scale listen interval from 307200 us to 307200 us
I (2530) wifi:set rx beacon pti, rx_bcn_pti: 10, bcn_timeout: 25000, mt_pti: 10, mt_time: 10000
I (2539) wifi:[ADDBA]TX addba request, tid:0, dialogtoken:1, bufsize:64, A-MSDU:0(not supported), policy:1(IMR), ssn:0(0x0)
I (2550) wifi:[ADDBA]TX addba request, tid:7, dialogtoken:2, bufsize:64, A-MSDU:0(not supported), policy:1(IMR), ssn:0(0x20)
I (2560) wifi:[ADDBA]TX addba request, tid:5, dialogtoken:3, bufsize:64, A-MSDU:0(not supported), policy:1(IMR), ssn:0(0x0)
I (2571) wifi:AP's beacon interval = 102400 us, DTIM period = 1
W (2578) wifi:<ba-add>idx:0, ifx:0, tid:0, TAHI:0x1000a2a, TALO:0x47532f4a, (ssn:2519, win:64, cur_ssn:2519), CONF:0xc0000005
W (2609) wifi:<ba-add>idx:1, ifx:0, tid:2, TAHI:0x1000a2a, TALO:0x47532f4a, (ssn:708, win:64, cur_ssn:708), CONF:0xc0002005
I (2610) wifi:[ADDBA]RX addba response, status:0, tid:0/tb:1(0xa1), bufsize:64, batimeout:0, txa_wnd:8
I (2619) wifi:[ADDBA]RX addba response, status:0, tid:7/tb:1(0xa1), bufsize:64, batimeout:0, txa_wnd:8
I (2628) wifi:[ADDBA]RX addba response, status:0, tid:5/tb:1(0xa1), bufsize:64, batimeout:0, txa_wnd:8
W (3599) wifi:<ba-add>idx:2, ifx:0, tid:6, TAHI:0x1000a2a, TALO:0x47532f4a, (ssn:230, win:64, cur_ssn:230), CONF:0xc0006005
[0;32mI (3638) esp_netif_handlers: sta ip: 172.20.10.10, mask: 255.255.255.240, gw: 172.20.10.1[0m
[0;32mI (3638) clare_net: DHCP DNS main=172.20.10.1[0m
[0;32mI (10405) clare_c6: Boot network self-test begin[0m
[0;32mI (11907) clare_c6: probe dns ip=104.21.35.182[0m
[0;32mI (11907) clare_c6: probe dns rc=0[0m
[0;32mI (11907) clare_c6: probe socket fd=54 errno=0[0m
[0;32mI (12517) clare_c6: probe connect rc=0 errno=0[0m
[0;32mI (23079) clare_c6: probe esp-tls rc=1 last=0x0 flags=0x0[0m
[0;32mI (23081) clare_net: Create session URL ready=1[0m
[0;32mI (23081) clare_net: HTTP before init free8=42784 largest8=14592 free_internal=42784 largest_internal=14592[0m
[0;32mI (34765) clare_net: HTTP response status=200 bytes=82 truncated=0[0m
[0;32mI (34767) clare_net: HTTP after cleanup free8=42612 largest8=14592[0m
[0;32mI (34768) clare_c6: Boot network self-test session err=0 (attempt 1/4)[0m
[0;32mI (40516) clare_c6: probe2 post-http esp-tls rc=1[0m
