
I (77) boot: End of partition table
I (81) esp_image: segment 0: paddr=00010020 vaddr=42130020 size=84234h (541236) map
I (190) esp_image: segment 1: paddr=0009425c vaddr=40800000 size=0bdbch ( 48572) load
I (201) esp_image: segment 2: paddr=000a0020 vaddr=42000020 size=12ae6ch (1224300) map
I (431) esp_image: segment 3: paddr=001cae94 vaddr=4080bdbc size=2d140h (184640) load
I (472) esp_image: segment 4: paddr=001f7fdc vaddr=40838f00 size=03e30h ( 15920) load
I (489) boot: Loaded app from partition at offset 0x10000
I (489) boot: Disabling RNG early entropy source...
[0;32mI (499) cpu_start: Unicore app[0m
[0;32mI (508) cpu_start: GPIO 17 and 16 are used as console UART I/O pins[0m
[0;32mI (508) cpu_start: Pro cpu start user code[0m
[0;32mI (508) cpu_start: cpu freq: 160000000 Hz[0m
[0;32mI (513) app_init: Application information:[0m
[0;32mI (518) app_init: Project name:     Clare_C6[0m
[0;32mI (523) app_init: App version:      3e09a44-dirty[0m
[0;32mI (528) app_init: Compile time:     Aug 28 2026 10:14:54[0m
[0;32mI (534) app_init: ELF file SHA256:  ec6eaae81b38f5f3...[0m
[0;32mI (540) app_init: ESP-IDF:          v5.5.3[0m
[0;32mI (545) efuse_init: Min chip rev:     v0.0[0m
[0;32mI (549) efuse_init: Max chip rev:     v0.99 [0m
[0;32mI (554) efuse_init: Chip rev:         v0.2[0m
[0;32mI (559) heap_init: Initializing. RAM available for dynamic allocation:[0m
[0;32mI (566) heap_init: At 4084C6D0 len 0002FF40 (191 KiB): RAM[0m
[0;32mI (572) heap_init: At 4087C610 len 00002F54 (11 KiB): RAM[0m
[0;32mI (579) heap_init: At 50000000 len 00003FE8 (15 KiB): RTCRAM[0m
[0;32mI (586) spi_flash: detected chip: generic[0m
[0;32mI (590) spi_flash: flash io: dio[0m
[0;32mI (594) sleep_gpio: Configure to isolate all GPIO pins in sleep state[0m
[0;32mI (601) sleep_gpio: Enable automatic switching of GPIO sleep configuration[0m
[0;32mI (619) main_task: Started on CPU0[0m
[0;32mI (622) main_task: Calling app_main()[0m
[0;32mI (627) clare_c6: Clare C6 starting[0m
[0;32mI (642) axp2101: Init PMU SUCCESS![0m
[0;32mI (648) DisplayPort: SPI BUS init[0m
[0;32mI (648) DisplayPort: Install panel IO[0m
[0;32mI (649) sh8601: LCD panel create success, version: 1.0.0[0m
[0;33mW (1552) sh8601: The 3Ah command has been used and will be overwritten by external initialization sequence[0m
[0;33mW (1552) sh8601: The 36h command has been used and will be overwritten by external initialization sequence[0m
[0;32mI (1736) CST9217: Checkcode: 0x204ECACA[0m
[0;32mI (1738) CST9217: Resolution X: 480, Y: 480[0m
[0;32mI (1740) CST9217: Chip Type: 0x9220, ProjectID: 0x542F[0m
[0;32mI (1740) esp_lvgl:adapter: LVGL adapter initialized successfully[0m
[0;32mI (1750) esp_lvgl:touch: Touch input device registered successfully (IRQ mode: enabled)[0m
[0;32mI (1758) esp_lvgl:adapter: LVGL task started successfully[0m
i2c: {sda: 8, scl: 7}
i2s: {mclk: 19, bclk: 20, ws: 22, din: 21, dout: 23}
out: {codec: ES8311, pa: -1, pa_gain: 6, use_mclk: 1, pa_gain: 6}
Codec 0 dir 2 type:1
in: {codec: ES7210}
Codec 1 dir 1 type:2
[0;32mI (1780) CODEC_INIT: in:1 out:1 port: 1[0m
[0;32mI (1784) CODEC_INIT: Success to int i2c: 0[0m
[0;32mI (1791) CODEC_INIT: Init i2s 0 type: 3 mclk:19 bclk:20 ws:22 din:21 dout:23[0m
[0;32mI (1797) CODEC_INIT: tx:0x4087e708 rx:0x4087e8c4[0m
[0;33mW (1802) i2s_tdm: the current mclk multiple is too small, adjust the mclk multiple to 384[0m
[0;32mI (1811) CODEC_INIT: output init tdm ret 0[0m
[0;33mW (1816) i2s_tdm: the current mclk multiple is too small, adjust the mclk multiple to 384[0m
[0;32mI (1825) CODEC_INIT: Input init tdm ret 0[0m
[0;32mI (1829) CODEC_INIT: Init i2s 0 ok[0m
[0;32mI (1833) CODEC_INIT: Success to init i2s: 0[0m
[0;32mI (1838) CODEC_INIT: Success to int i2c: 0[0m
[0;32mI (1843) CODEC_INIT: Success to init i2s: 0[0m
[0;32mI (1848) CODEC_INIT: Get out handle 0x4087e708 port 0[0m
[0;32mI (1858) ES8311: Work in Slave mode[0m
[0;32mI (1864) ES7210: Work in Slave mode[0m
[0;32mI (1871) ES7210: Enable ES7210_INPUT_MIC1[0m
[0;32mI (1873) ES7210: Enable ES7210_INPUT_MIC2[0m
[0;32mI (1876) ES7210: Enable ES7210_INPUT_MIC3[0m
[0;32mI (1879) ES7210: Enable ES7210_INPUT_MIC4[0m
[0;32mI (1883) ES7210: Enable TDM mode[0m
[0;32mI (1891) I2S_IF: channel mode 2 bits:16/16 channel:2 mask:3[0m
[0;32mI (1892) I2S_IF: TDM Mode 1 bits:16/16 channel:2 sample_rate:16000 mask:3[0m
[0;32mI (1912) Adev_Codec: Open codec device OK[0m
[0;32mI (1913) I2S_IF: channel mode 2 bits:16/16 channel:2 mask:3[0m
[0;32mI (1913) I2S_IF: TDM Mode 0 bits:16/16 channel:2 sample_rate:16000 mask:3[0m
[0;32mI (1921) ES7210: Bits 8[0m
[0;32mI (1930) ES7210: Enable ES7210_INPUT_MIC1[0m
[0;32mI (1932) ES7210: Enable ES7210_INPUT_MIC2[0m
[0;32mI (1935) ES7210: Enable ES7210_INPUT_MIC3[0m
[0;32mI (1940) ES7210: Enable ES7210_INPUT_MIC4[0m
[0;32mI (1945) ES7210: Enable TDM mode[0m
[0;32mI (1951) ES7210: Unmuted[0m
[0;32mI (1951) Adev_Codec: Open codec device OK[0m
[0;32mI (1953) Adev_Codec: Input already open[0m
[0;32mI (1958) Adev_Codec: Input already open[0m
[0;32mI (1978) clare_audio: ALC ready: 16000 Hz mono PCM16, gain 6 dB[0m
[0;32mI (2162) pp: pp rom version: 5b8dcfa[0m
[0;32mI (2163) net80211: net80211 rom version: 5b8dcfa[0m
I (2164) wifi:wifi driver task: 40867d48, prio:23, stack:6656, core=0
I (2174) wifi:wifi firmware version: 4df78f2
I (2174) wifi:wifi certification version: v7.0
I (2175) wifi:config NVS flash: enabled
I (2179) wifi:config nano formatting: disabled
I (2183) wifi:mac_version:HAL_MAC_ESP32AX_761,ut_version:N, band mode:0x1
I (2190) wifi:Init data frame dynamic rx buffer num: 16
I (2195) wifi:Init static rx mgmt buffer num: 5
I (2199) wifi:Init management short buffer num: 32
I (2204) wifi:Init static tx buffer num: 16
I (2207) wifi:Init static tx FG buffer num: 2
I (2211) wifi:Init static rx buffer size: 1700 (rxctrl:92, csi:512)
I (2217) wifi:Init static rx buffer num: 10
I (2221) wifi:Init dynamic rx buffer num: 16
[0;32mI (2226) wifi_init: rx ba win: 6[0m
[0;32mI (2229) wifi_init: accept mbox: 6[0m
[0;32mI (2233) wifi_init: tcpip mbox: 32[0m
[0;32mI (2237) wifi_init: udp mbox: 6[0m
[0;32mI (2241) wifi_init: tcp mbox: 6[0m
[0;32mI (2245) wifi_init: tcp tx win: 5760[0m
[0;32mI (2249) wifi_init: tcp rx win: 5760[0m
[0;32mI (2253) wifi_init: tcp mss: 1240[0m
[0;32mI (2257) wifi_init: WiFi IRAM OP enabled[0m
[0;32mI (2262) wifi_init: WiFi RX IRAM OP enabled[0m
[0;32mI (2267) wifi_init: WiFi SLP IRAM OP enabled[0m
W (2272) wifi:Password length matches WPA2 standards, authmode threshold changes from OPEN to WPA2
[0;32mI (2281) phy_init: phy_version 343,b513b46,Nov 14 2025,16:34:12[0m
W (2348) wifi:ACK_TAB0   :0x   90a0b, QAM16:0x9 (24Mbps), QPSK:0xa (12Mbps), BPSK:0xb (6Mbps)
W (2348) wifi:CTS_TAB0   :0x   90a0b, QAM16:0x9 (24Mbps), QPSK:0xa (12Mbps), BPSK:0xb (6Mbps)
W (2353) wifi:(agc)0x600a7128:0xd2049abc, min.avgNF:0xce->0xd2(dB), RCalCount:0x48, min.RRssi:0xabc(-84.25)
I (2363) wifi:11ax coex: WDEVAX_PTI0(0x55777555), WDEVAX_PTI1(0x00003377).

I (2370) wifi:mode : sta (20:6e:f1:16:e0:a4)
I (2374) wifi:enable tsf
I (2389) wifi:new:<11,0>, old:<1,0>, ap:<255,255>, sta:<11,0>, prof:1, snd_ch_cfg:0x0
I (2390) wifi:(connect)dot11_authmode:0x3, pairwise_cipher:0x3, group_cipher:0x3
I (2393) wifi:state: init -> auth (0xb0)
[0;32mI (2404) clare_net: Wi-Fi protocols limited to 11b/g/n mask=0x07[0m
I (2404) wifi:Set ps type: 0, coexist: 0

[0;32mI (2408) clare_c6: Clare UI ready; touch the Clare tile[0m
[0;32mI (2417) main_task: Returned from app_main()[0m
I (2463) wifi:state: auth -> assoc (0x0)
I (2471) wifi:(assoc)RESP, Extended Capabilities length:8, operating_mode_notification:0
I (2472) wifi:(assoc)RESP, Extended Capabilities, MBSSID:0, TWT Responder:0, OBSS Narrow Bandwidth RU In OFDMA Tolerance:0
I (2479) wifi:Extended Capabilities length:8, operating_mode_notification:1
I (2486) wifi:state: assoc -> run (0x10)
I (2489) wifi:(trc)phytype:CBW20-SGI, snr:56, maxRate:144, highestRateIdx:0
W (2496) wifi:(trc)band:2G, phymode:3, highestRateIdx:0, lowestRateIdx:11, dataSchedTableSize:14
I (2504) wifi:(trc)band:2G, rate(S-MCS7, rateIdx:0), ampdu(rate:S-MCS7, schedIdx(0, stop:8)), snr:56, ampduState:wait operational
I (2516) wifi:ifidx:0, rssi:-31, nf:-87, phytype(0x3, CBW20-SGI), phymode(0x3, 11bgn), max_rate:144, he:0, vht:0, ht:1
I (2526) wifi:(ht)max.RxAMPDULenExponent:3(65535 bytes), MMSS:6(8 us)
I (2545) wifi:connected with oxygen‘s iPhone, aid = 20, channel 11, BW20, bssid = 12:3d:46:d8:6d:be
I (2545) wifi:security: WPA2-PSK, phy:bgn, rssi:-31, cipher(pairwise:0x3, group:0x3), pmf:0, 
I (2553) wifi:pm start, type: 0, twt_start:0

I (2555) wifi:pm start, type:0, aid:0x14, trans-BSSID:12:3d:46:d8:6d:be, BSSID[5]:0xbe, mbssid(max-indicator:0, index:0), he:0
I (2567) wifi:dp: 1, bi: 102400, li: 3, scale listen interval from 307200 us to 307200 us
I (2575) wifi:set rx beacon pti, rx_bcn_pti: 10, bcn_timeout: 25000, mt_pti: 10, mt_time: 10000
I (2583) wifi:[ADDBA]TX addba request, tid:0, dialogtoken:1, bufsize:64, A-MSDU:0(not supported), policy:1(IMR), ssn:0(0x0)
I (2594) wifi:[ADDBA]TX addba request, tid:7, dialogtoken:2, bufsize:64, A-MSDU:0(not supported), policy:1(IMR), ssn:0(0x20)
I (2605) wifi:[ADDBA]TX addba request, tid:5, dialogtoken:3, bufsize:64, A-MSDU:0(not supported), policy:1(IMR), ssn:0(0x0)
W (2616) wifi:<ba-add>idx:0, ifx:0, tid:0, TAHI:0x100be6d, TALO:0xd8463d12, (ssn:2442, win:64, cur_ssn:2442), CONF:0xc0000005
W (2627) wifi:<ba-add>idx:1, ifx:0, tid:2, TAHI:0x100be6d, TALO:0xd8463d12, (ssn:3067, win:64, cur_ssn:3067), CONF:0xc0002005
W (2638) wifi:<ba-add>idx:2, ifx:0, tid:4, TAHI:0x100be6d, TALO:0xd8463d12, (ssn:1048, win:64, cur_ssn:1048), CONF:0xc0004005
W (2649) wifi:<ba-add>idx:3, ifx:0, tid:6, TAHI:0x100be6d, TALO:0xd8463d12, (ssn:3699, win:64, cur_ssn:3699), CONF:0xc0006005
I (2660) wifi:AP's beacon interval = 102400 us, DTIM period = 1
I (2666) wifi:[ADDBA]RX addba response, status:0, tid:0/tb:1(0xa1), bufsize:64, batimeout:0, txa_wnd:8
I (2674) wifi:[ADDBA]RX addba response, status:0, tid:7/tb:1(0xa1), bufsize:64, batimeout:0, txa_wnd:8
I (2683) wifi:[ADDBA]RX addba response, status:0, tid:5/tb:1(0xa1), bufsize:64, batimeout:0, txa_wnd:8
[0;32mI (3748) esp_netif_handlers: sta ip: 172.20.10.10, mask: 255.255.255.240, gw: 172.20.10.1[0m
[0;32mI (3748) clare_net: DHCP DNS main=172.20.10.1[0m
[0;32mI (10408) clare_c6: Boot network self-test begin[0m
[0;32mI (10426) clare_c6: probe dns rc=0[0m
[0;32mI (10426) clare_c6: probe socket fd=54 errno=0[0m
[0;32mI (10938) clare_c6: probe connect rc=0 errno=0[0m
[0;31mE (11377) esp-tls-mbedtls: No server verification option set in esp_tls_cfg_t structure. Check esp_tls API reference[0m
[0;31mE (11377) esp-tls-mbedtls: Failed to set client configurations, returned [0x8017] (ESP_ERR_MBEDTLS_SSL_SETUP_FAILED)[0m
[0;31mE (11388) esp-tls: create_ssl_handle failed[0m
[0;31mE (11393) esp-tls: Failed to open new connection[0m
[0;32mI (11398) clare_c6: probe esp-tls rc=-1 last=0x0 flags=0x0[0m
[0;32mI (11406) clare_net: Create session URL ready=1[0m
[0;32mI (11410) clare_net: HTTP before init free8=42204 largest8=25088 free_internal=42204 largest_internal=25088[0m
[0;31mE (13895) esp-aes: Failed to allocate memory[0m
[0;31mE (13896) esp-tls-mbedtls: mbedtls_ssl_handshake returned -0x0001[0m
[0;31mE (13896) esp-tls: Failed to open new connection[0m
[0;31mE (13901) transport_base: Failed to open a new connection[0m
[0;31mE (13909) HTTP_CLIENT: Connection failed, sock < 0[0m
[0;32mI (13913) clare_net: HTTP response status=0 bytes=0 truncated=0[0m
[0;33mW (13920) clare_net: HTTP request failed err=28674 status=0 tls=1 flags=0x0[0m
[0;32mI (13928) clare_c6: Network error - check Wi-Fi/API[0m
[0;32mI (13934) clare_c6: Boot network self-test session err=28674 (attempt 1/4)[0m
[0;33mW (13940) clare_c6: Boot network self-test attempt 1 failed, retrying in 5000 ms[0m
[0;32mI (18948) clare_net: Create session URL ready=1[0m
[0;32mI (18948) clare_net: HTTP before init free8=41868 largest8=16384 free_internal=41868 largest_internal=16384[0m
[0;31mE (22243) esp-aes: Failed to allocate memory[0m
[0;31mE (22244) esp-tls-mbedtls: mbedtls_ssl_handshake returned -0x0001[0m
[0;31mE (22244) esp-tls: Failed to open new connection[0m
[0;31mE (22250) transport_base: Failed to open a new connection[0m
[0;31mE (22257) HTTP_CLIENT: Connection failed, sock < 0[0m
[0;32mI (22261) clare_net: HTTP response status=0 bytes=0 truncated=0[0m
[0;33mW (22268) clare_net: HTTP request failed err=28674 status=0 tls=1 flags=0x0[0m
[0;32mI (22276) clare_c6: Network error - check Wi-Fi/API[0m
[0;32mI (22281) clare_c6: Boot network self-test session err=28674 (attempt 2/4)[0m
[0;33mW (22288) clare_c6: Boot network self-test attempt 2 failed, retrying in 5000 ms[0m
[0;32mI (27297) clare_net: Create session URL ready=1[0m
[0;32mI (27297) clare_net: HTTP before init free8=41696 largest8=16384 free_internal=41696 largest_internal=16384[0m
[0;31mE (43309) esp-aes: Failed to allocate memory[0m
[0;31mE (43309) esp-tls-mbedtls: mbedtls_ssl_handshake returned -0x0001[0m
[0;31mE (43310) esp-tls: Failed to open new connection[0m
[0;31mE (43315) transport_base: Failed to open a new connection[0m
[0;31mE (43323) HTTP_CLIENT: Connection failed, sock < 0[0m
[0;32mI (43327) clare_net: HTTP response status=0 bytes=0 truncated=0[0m
[0;33mW (43333) clare_net: HTTP request failed err=28674 status=0 tls=1 flags=0x0[0m
[0;32mI (43342) clare_c6: Network error - check Wi-Fi/API[0m
[0;32mI (43347) clare_c6: Boot network self-test session err=28674 (attempt 3/4)[0m
[0;33mW (43354) clare_c6: Boot network self-test attempt 3 failed, retrying in 5000 ms[0m
[0;32mI (48362) clare_net: Create session URL ready=1[0m
[0;32mI (48362) clare_net: HTTP before init free8=41700 largest8=16384 free_internal=41700 largest_internal=16384[0m
