
I (77) boot: End of partition table
I (81) esp_image: segment 0: paddr=00010020 vaddr=42130020 size=84234h (541236) map
I (190) esp_image: segment 1: paddr=0009425c vaddr=40800000 size=0bdbch ( 48572) load
I (201) esp_image: segment 2: paddr=000a0020 vaddr=42000020 size=12ae6ch (1224300) map
I (431) esp_image: segment 3: paddr=001cae94 vaddr=4080bdbc size=2d140h (184640) load
I (472) esp_image: segment 4: paddr=001f7fdc vaddr=40838f00 size=03e30h ( 15920) load
I (489) boot: Loaded app from partition at offset 0x10000
I (489) boot: Disabling RNG early entropy source...
[0;32mI (499) cpu_start: Unicore app[0m
[0;32mI (508) cpu_start: GPIO 17 and 16 are used as console UART I/O pins[0m
[0;32mI (508) cpu_start: Pro cpu start user code[0m
[0;32mI (508) cpu_start: cpu freq: 160000000 Hz[0m
[0;32mI (513) app_init: Application information:[0m
[0;32mI (518) app_init: Project name:     Clare_C6[0m
[0;32mI (523) app_init: App version:      3e09a44-dirty[0m
[0;32mI (528) app_init: Compile time:     Aug 28 2026 10:14:54[0m
[0;32mI (534) app_init: ELF file SHA256:  ec6eaae81b38f5f3...[0m
[0;32mI (540) app_init: ESP-IDF:          v5.5.3[0m
[0;32mI (545) efuse_init: Min chip rev:     v0.0[0m
[0;32mI (549) efuse_init: Max chip rev:     v0.99 [0m
[0;32mI (554) efuse_init: Chip rev:         v0.2[0m
[0;32mI (559) heap_init: Initializing. RAM available for dynamic allocation:[0m
[0;32mI (566) heap_init: At 4084C6D0 len 0002FF40 (191 KiB): RAM[0m
[0;32mI (572) heap_init: At 4087C610 len 00002F54 (11 KiB): RAM[0m
[0;32mI (579) heap_init: At 50000000 len 00003FE8 (15 KiB): RTCRAM[0m
[0;32mI (586) spi_flash: detected chip: generic[0m
[0;32mI (590) spi_flash: flash io: dio[0m
[0;32mI (594) sleep_gpio: Configure to isolate all GPIO pins in sleep state[0m
[0;32mI (601) sleep_gpio: Enable automatic switching of GPIO sleep configuration[0m
[0;32mI (619) main_task: Started on CPU0[0m
[0;32mI (622) main_task: Calling app_main()[0m
[0;32mI (627) clare_c6: Clare C6 starting[0m
[0;32mI (642) axp2101: Init PMU SUCCESS![0m
[0;32mI (648) DisplayPort: SPI BUS init[0m
[0;32mI (648) DisplayPort: Install panel IO[0m
[0;32mI (649) sh8601: LCD panel create success, version: 1.0.0[0m
[0;33mW (1552) sh8601: The 3Ah command has been used and will be overwritten by external initialization sequence[0m
[0;33mW (1552) sh8601: The 36h command has been used and will be overwritten by external initialization sequence[0m
[0;32mI (1736) CST9217: Checkcode: 0x204ECACA[0m
[0;32mI (1738) CST9217: Resolution X: 480, Y: 480[0m
[0;32mI (1740) CST9217: Chip Type: 0x9220, ProjectID: 0x542F[0m
[0;32mI (1740) esp_lvgl:adapter: LVGL adapter initialized successfully[0m
[0;32mI (1750) esp_lvgl:touch: Touch input device registered successfully (IRQ mode: enabled)[0m
[0;32mI (1758) esp_lvgl:adapter: LVGL task started successfully[0m
i2c: {sda: 8, scl: 7}
i2s: {mclk: 19, bclk: 20, ws: 22, din: 21, dout: 23}
out: {codec: ES8311, pa: -1, pa_gain: 6, use_mclk: 1, pa_gain: 6}
Codec 0 dir 2 type:1
in: {codec: ES7210}
Codec 1 dir 1 type:2
[0;32mI (1780) CODEC_INIT: in:1 out:1 port: 1[0m
[0;32mI (1784) CODEC_INIT: Success to int i2c: 0[0m
[0;32mI (1791) CODEC_INIT: Init i2s 0 type: 3 mclk:19 bclk:20 ws:22 din:21 dout:23[0m
[0;32mI (1797) CODEC_INIT: tx:0x4087e684 rx:0x4087e840[0m
[0;33mW (1802) i2s_tdm: the current mclk multiple is too small, adjust the mclk multiple to 384[0m
[0;32mI (1811) CODEC_INIT: output init tdm ret 0[0m
[0;33mW (1816) i2s_tdm: the current mclk multiple is too small, adjust the mclk multiple to 384[0m
[0;32mI (1825) CODEC_INIT: Input init tdm ret 0[0m
[0;32mI (1829) CODEC_INIT: Init i2s 0 ok[0m
[0;32mI (1833) CODEC_INIT: Success to init i2s: 0[0m
[0;32mI (1838) CODEC_INIT: Success to int i2c: 0[0m
[0;32mI (1843) CODEC_INIT: Success to init i2s: 0[0m
[0;32mI (1848) CODEC_INIT: Get out handle 0x4087e684 port 0[0m
[0;32mI (1858) ES8311: Work in Slave mode[0m
[0;32mI (1864) ES7210: Work in Slave mode[0m
[0;32mI (1871) ES7210: Enable ES7210_INPUT_MIC1[0m
[0;32mI (1873) ES7210: Enable ES7210_INPUT_MIC2[0m
[0;32mI (1876) ES7210: Enable ES7210_INPUT_MIC3[0m
[0;32mI (1879) ES7210: Enable ES7210_INPUT_MIC4[0m
[0;32mI (1883) ES7210: Enable TDM mode[0m
[0;32mI (1891) I2S_IF: channel mode 2 bits:16/16 channel:2 mask:3[0m
[0;32mI (1892) I2S_IF: TDM Mode 1 bits:16/16 channel:2 sample_rate:16000 mask:3[0m
[0;32mI (1912) Adev_Codec: Open codec device OK[0m
[0;32mI (1913) I2S_IF: channel mode 2 bits:16/16 channel:2 mask:3[0m
[0;32mI (1913) I2S_IF: TDM Mode 0 bits:16/16 channel:2 sample_rate:16000 mask:3[0m
[0;32mI (1921) ES7210: Bits 8[0m
[0;32mI (1930) ES7210: Enable ES7210_INPUT_MIC1[0m
[0;32mI (1932) ES7210: Enable ES7210_INPUT_MIC2[0m
[0;32mI (1935) ES7210: Enable ES7210_INPUT_MIC3[0m
[0;32mI (1940) ES7210: Enable ES7210_INPUT_MIC4[0m
[0;32mI (1945) ES7210: Enable TDM mode[0m
[0;32mI (1951) ES7210: Unmuted[0m
[0;32mI (1951) Adev_Codec: Open codec device OK[0m
[0;32mI (1953) Adev_Codec: Input already open[0m
[0;32mI (1958) Adev_Codec: Input already open[0m
[0;32mI (1978) clare_audio: ALC ready: 16000 Hz mono PCM16, gain 6 dB[0m
[0;32mI (2162) pp: pp rom version: 5b8dcfa[0m
[0;32mI (2163) net80211: net80211 rom version: 5b8dcfa[0m
I (2164) wifi:wifi driver task: 40867ccc, prio:23, stack:6656, core=0
I (2174) wifi:wifi firmware version: 4df78f2
I (2174) wifi:wifi certification version: v7.0
I (2175) wifi:config NVS flash: enabled
I (2179) wifi:config nano formatting: disabled
I (2183) wifi:mac_version:HAL_MAC_ESP32AX_761,ut_version:N, band mode:0x1
I (2190) wifi:Init data frame dynamic rx buffer num: 16
I (2195) wifi:Init static rx mgmt buffer num: 5
I (2199) wifi:Init management short buffer num: 32
I (2204) wifi:Init static tx buffer num: 16
I (2207) wifi:Init static tx FG buffer num: 2
I (2211) wifi:Init static rx buffer size: 1700 (rxctrl:92, csi:512)
I (2217) wifi:Init static rx buffer num: 10
I (2221) wifi:Init dynamic rx buffer num: 16
[0;32mI (2226) wifi_init: rx ba win: 6[0m
[0;32mI (2229) wifi_init: accept mbox: 6[0m
[0;32mI (2233) wifi_init: tcpip mbox: 32[0m
[0;32mI (2237) wifi_init: udp mbox: 6[0m
[0;32mI (2241) wifi_init: tcp mbox: 6[0m
[0;32mI (2245) wifi_init: tcp tx win: 5760[0m
[0;32mI (2249) wifi_init: tcp rx win: 5760[0m
[0;32mI (2253) wifi_init: tcp mss: 1240[0m
[0;32mI (2257) wifi_init: WiFi IRAM OP enabled[0m
[0;32mI (2262) wifi_init: WiFi RX IRAM OP enabled[0m
[0;32mI (2267) wifi_init: WiFi SLP IRAM OP enabled[0m
W (2272) wifi:Password length matches WPA2 standards, authmode threshold changes from OPEN to WPA2
[0;32mI (2281) phy_init: phy_version 343,b513b46,Nov 14 2025,16:34:12[0m
W (2348) wifi:ACK_TAB0   :0x   90a0b, QAM16:0x9 (24Mbps), QPSK:0xa (12Mbps), BPSK:0xb (6Mbps)
W (2348) wifi:CTS_TAB0   :0x   90a0b, QAM16:0x9 (24Mbps), QPSK:0xa (12Mbps), BPSK:0xb (6Mbps)
W (2354) wifi:(agc)0x600a7128:0xd20b6a9e, min.avgNF:0xce->0xd2(dB), RCalCount:0xb5, min.RRssi:0xa9e(-86.12)
I (2363) wifi:11ax coex: WDEVAX_PTI0(0x55777555), WDEVAX_PTI1(0x00003377).

I (2370) wifi:mode : sta (20:6e:f1:16:e0:a4)
I (2374) wifi:enable tsf
[0;32mI (2392) clare_net: Wi-Fi protocols limited to 11b/g/n mask=0x07[0m
I (2392) wifi:Set ps type: 0, coexist: 0

[0;32mI (2393) clare_c6: Clare UI ready; touch the Clare tile[0m
[0;32mI (2397) main_task: Returned from app_main()[0m
[0;33mW (4785) clare_net: Wi-Fi disconnected reason=201 retry=1[0m
[0;33mW (7193) clare_net: Wi-Fi disconnected reason=201 retry=2[0m
[0;33mW (9600) clare_net: Wi-Fi disconnected reason=201 retry=3[0m
[0;32mI (10393) clare_c6: Boot network self-test begin[0m
E (10393) wifi:sta is connecting, return error
[0;33mW (12007) clare_net: Wi-Fi disconnected reason=201 retry=1[0m
[0;33mW (14415) clare_net: Wi-Fi disconnected reason=201 retry=2[0m
[0;33mW (16822) clare_net: Wi-Fi disconnected reason=201 retry=3[0m
[0;33mW (19229) clare_net: Wi-Fi disconnected reason=201 retry=4[0m
[0;33mW (21636) clare_net: Wi-Fi disconnected reason=201 retry=5[0m
[0;33mW (24043) clare_net: Wi-Fi disconnected reason=201 retry=6[0m
[0;33mW (25394) clare_c6: Boot network self-test Wi-Fi unavailable[0m
[0;33mW (26451) clare_net: Wi-Fi disconnected reason=201 retry=7[0m
[0;33mW (28858) clare_net: Wi-Fi disconnected reason=201 retry=8[0m
[0;33mW (31264) clare_net: Wi-Fi disconnected reason=201 retry=8[0m
