[0;33mW (1556) sh8601: The 3Ah command has been used and will be overwritten by external initialization sequence[0m
[0;33mW (1556) sh8601: The 36h command has been used and will be overwritten by external initialization sequence[0m
[0;32mI (1740) CST9217: Checkcode: 0x204ECACA[0m
[0;32mI (1742) CST9217: Resolution X: 480, Y: 480[0m
[0;32mI (1744) CST9217: Chip Type: 0x9220, ProjectID: 0x542F[0m
[0;32mI (1744) esp_lvgl:adapter: LVGL adapter initialized successfully[0m
[0;32mI (1754) esp_lvgl:touch: Touch input device registered successfully (IRQ mode: enabled)[0m
[0;32mI (1762) esp_lvgl:adapter: LVGL task started successfully[0m
i2c: {sda: 8, scl: 7}
i2s: {mclk: 19, bclk: 20, ws: 22, din: 21, dout: 23}
out: {codec: ES8311, pa: -1, pa_gain: 6, use_mclk: 1, pa_gain: 6}
Codec 0 dir 2 type:1
in: {codec: ES7210}
Codec 1 dir 1 type:2
[0;32mI (1784) CODEC_INIT: in:1 out:1 port: 1[0m
[0;32mI (1788) CODEC_INIT: Success to int i2c: 0[0m
[0;32mI (1794) CODEC_INIT: Init i2s 0 type: 3 mclk:19 bclk:20 ws:22 din:21 dout:23[0m
[0;32mI (1801) CODEC_INIT: tx:0x4087e71c rx:0x4087e8d8[0m
[0;33mW (1806) i2s_tdm: the current mclk multiple is too small, adjust the mclk multiple to 384[0m
[0;32mI (1815) CODEC_INIT: output init tdm ret 0[0m
[0;33mW (1819) i2s_common: the rx channel on I2S0 is switched from master to slave for full-duplex mode[0m
[0;33mW (1829) i2s_tdm: the current mclk multiple is too small, adjust the mclk multiple to 384[0m
[0;33mW (1838) i2s_tdm: the mclk/bclk ratio 3 is too small for the full-duplex rx slave (min 4), data might be sampled incorrectly, please increase mclk_multiple[0m
[0;32mI (1853) CODEC_INIT: Input init tdm ret 0[0m
[0;32mI (1857) CODEC_INIT: Init i2s 0 ok[0m
[0;32mI (1861) CODEC_INIT: Success to init i2s: 0[0m
[0;32mI (1866) CODEC_INIT: Success to int i2c: 0[0m
[0;32mI (1871) CODEC_INIT: Success to init i2s: 0[0m
[0;32mI (1876) CODEC_INIT: Get out handle 0x4087e71c port 0[0m
[0;32mI (1887) ES8311: Work in Slave mode[0m
[0;32mI (1892) ES7210: Work in Slave mode[0m
[0;32mI (1899) ES7210: Enable ES7210_INPUT_MIC1[0m
[0;32mI (1901) ES7210: Enable ES7210_INPUT_MIC2[0m
[0;32mI (1904) ES7210: Enable ES7210_INPUT_MIC3[0m
[0;32mI (1907) ES7210: Enable ES7210_INPUT_MIC4[0m
[0;32mI (1911) ES7210: Enable TDM mode[0m
[0;32mI (1920) I2S_IF: channel mode 2 bits:16/16 channel:2 mask:3[0m
[0;32mI (1920) I2S_IF: TDM Mode 1 bits:16/16 channel:2 sample_rate:16000 mask:3[0m
[0;32mI (1941) Adev_Codec: Open codec device OK[0m
[0;32mI (1941) I2S_IF: channel mode 2 bits:16/16 channel:2 mask:3[0m
[0;32mI (1941) I2S_IF: TDM Mode 0 bits:16/16 channel:2 sample_rate:16000 mask:3[0m
[0;32mI (1949) ES7210: Bits 8[0m
[0;32mI (1958) ES7210: Enable ES7210_INPUT_MIC1[0m
[0;32mI (1960) ES7210: Enable ES7210_INPUT_MIC2[0m
[0;32mI (1963) ES7210: Enable ES7210_INPUT_MIC3[0m
[0;32mI (1968) ES7210: Enable ES7210_INPUT_MIC4[0m
[0;32mI (1973) ES7210: Enable TDM mode[0m
[0;32mI (1979) ES7210: Unmuted[0m
[0;32mI (1979) Adev_Codec: Open codec device OK[0m
[0;32mI (1982) Adev_Codec: Input already open[0m
[0;32mI (1986) Adev_Codec: Input already open[0m
[0;32mI (2175) pp: pp rom version: 5b8dcfa[0m
[0;32mI (2176) net80211: net80211 rom version: 5b8dcfa[0m
I (2177) wifi:wifi driver task: 40867194, prio:23, stack:6656, core=0
I (2186) wifi:wifi firmware version: b9f67df
I (2187) wifi:wifi certification version: v7.0
I (2188) wifi:config NVS flash: enabled
I (2192) wifi:config nano formatting: disabled
I (2196) wifi:mac_version:HAL_MAC_ESP32AX_761,ut_version:N, band mode:0x1
I (2203) wifi:Init data frame dynamic rx buffer num: 16
I (2208) wifi:Init static rx mgmt buffer num: 5
I (2212) wifi:Init management short buffer num: 32
I (2216) wifi:Init static tx buffer num: 16
I (2220) wifi:Init static tx FG buffer num: 2
I (2224) wifi:Init static rx buffer size: 1700 (rxctrl:92, csi:512)
I (2230) wifi:Init static rx buffer num: 10
I (2234) wifi:Init dynamic rx buffer num: 16
[0;32mI (2239) wifi_init: accept mbox: 6[0m
[0;32mI (2242) wifi_init: tcpip mbox: 32[0m
[0;32mI (2246) wifi_init: udp mbox: 6[0m
[0;32mI (2250) wifi_init: tcp mbox: 6[0m
[0;32mI (2254) wifi_init: tcp tx win: 5760[0m
[0;32mI (2258) wifi_init: tcp rx win: 5760[0m
[0;32mI (2262) wifi_init: tcp mss: 1240[0m
[0;32mI (2266) wifi_init: WiFi IRAM OP enabled[0m
[0;32mI (2271) wifi_init: WiFi RX IRAM OP enabled[0m
[0;32mI (2276) wifi_init: WiFi SLP IRAM OP enabled[0m
W (2281) wifi:Password length matches WPA2 standards, authmode threshold changes from OPEN to WPA2
[0;32mI (2290) phy_init: phy_version 345,552b044,Jul 14 2026,10:37:00[0m
I (2357) wifi:11ax coex: WDEVAX_PTI0(0x55777555), WDEVAX_PTI1(0x00003377).

I (2358) wifi:mode : sta (20:6e:f1:16:e0:a4)
I (2358) wifi:enable tsf
I (2374) wifi:new:<6,0>, old:<1,0>, ap:<255,255>, sta:<6,0>, prof:1, snd_ch_cfg:0x0
I (2375) wifi:(connect)dot11_authmode:0x3, pairwise_cipher:0x3, group_cipher:0x3
I (2378) wifi:state: init -> auth (0xb0)
[0;32mI (2388) clara_net: Wi-Fi protocols limited to 11b/g/n mask=0x07[0m
I (2389) wifi:Set ps type: 0, coexist: 0

I (2392) wifi:state: auth -> assoc (0x0)
[0;32mI (2397) clara_c6: Clara UI ready; touch the Clara tile[0m
[0;32mI (2402) main_task: Returned from app_main()[0m
I (2403) wifi:(assoc)RESP, Extended Capabilities length:11, operating_mode_notification:0
I (2415) wifi:(assoc)RESP, Extended Capabilities, MBSSID:0, TWT Responder:0, OBSS Narrow Bandwidth RU In OFDMA Tolerance:0
I (2425) wifi:Extended Capabilities length:11, operating_mode_notification:1
I (2433) wifi:BSS max idle period:291(1000TU), protected keep alive:FALSE
I (2439) wifi:state: assoc -> run (0x10)
I (2443) wifi:(trc)phytype:CBW20-SGI, snr:52, maxRate:144, highestRateIdx:0
W (2449) wifi:(trc)band:2G, phymode:3, highestRateIdx:0, lowestRateIdx:11, dataSchedTableSize:14
I (2458) wifi:(trc)band:2G, rate(S-MCS7, rateIdx:0), ampdu(rate:S-MCS7, schedIdx(0, stop:8)), snr:52, ampduState:wait operational
I (2469) wifi:ifidx:0, rssi:-34, nf:-86, phytype(0x3, CBW20-SGI), phymode(0x3, 11bgn), max_rate:144, he:0, vht:0, ht:1
I (2479) wifi:(ht)max.RxAMPDULenExponent:3(65535 bytes), MMSS:0(no restriction)
I (2497) wifi:connected with LDKJ, aid = 2, channel 6, BW20, bssid = 50:fe:39:e6:47:92
I (2497) wifi:security: WPA2-PSK, phy: bgn, rssi: -34, cipher(pairwise:0x3, group:0x3), pmf:0
I (2504) wifi:pm start, type: 0, twt_start:0

I (2506) wifi:pm start, type:0, aid:0x2, trans-BSSID:50:fe:39:e6:47:92, BSSID[5]:0x92, mbssid(max-indicator:0, index:0), he:0
I (2518) wifi:dp: 1, bi: 102400, li: 3, scale listen interval from 307200 us to 307200 us
I (2525) wifi:set rx beacon pti, rx_bcn_pti: 10, bcn_timeout: 25000, mt_pti: 10, mt_time: 10000
I (2549) wifi:AP's beacon interval = 102400 us, DTIM period = 1
[0;32mI (3575) esp_netif_handlers: sta ip: 192.168.31.147, mask: 255.255.255.0, gw: 192.168.31.1[0m
[0;32mI (3575) clara_net: DHCP DNS main=192.168.31.1[0m
