
I (77) boot: End of partition table
I (81) esp_image: segment 0: paddr=00010020 vaddr=42130020 size=84590h (542096) map
I (190) esp_image: segment 1: paddr=000945b8 vaddr=40800000 size=0ba60h ( 47712) load
I (201) esp_image: segment 2: paddr=000a0020 vaddr=42000020 size=12bda0h (1228192) map
I (432) esp_image: segment 3: paddr=001cbdc8 vaddr=4080ba60 size=2d49ch (185500) load
I (472) esp_image: segment 4: paddr=001f926c vaddr=40838f00 size=03e30h ( 15920) load
I (490) boot: Loaded app from partition at offset 0x10000
I (490) boot: Disabling RNG early entropy source...
[0;32mI (500) cpu_start: Unicore app[0m
[0;32mI (508) cpu_start: GPIO 17 and 16 are used as console UART I/O pins[0m
[0;32mI (509) cpu_start: Pro cpu start user code[0m
[0;32mI (509) cpu_start: cpu freq: 160000000 Hz[0m
[0;32mI (514) app_init: Application information:[0m
[0;32mI (518) app_init: Project name:     Clare_C6[0m
[0;32mI (523) app_init: App version:      3e09a44-dirty[0m
[0;32mI (529) app_init: Compile time:     Aug 28 2026 10:14:54[0m
[0;32mI (535) app_init: ELF file SHA256:  144dae6213fd7702...[0m
[0;32mI (541) app_init: ESP-IDF:          v5.5.3[0m
[0;32mI (545) efuse_init: Min chip rev:     v0.0[0m
[0;32mI (550) efuse_init: Max chip rev:     v0.99 [0m
[0;32mI (555) efuse_init: Chip rev:         v0.2[0m
[0;32mI (560) heap_init: Initializing. RAM available for dynamic allocation:[0m
[0;32mI (567) heap_init: At 4084CCF0 len 0002F920 (190 KiB): RAM[0m
[0;32mI (573) heap_init: At 4087C610 len 00002F54 (11 KiB): RAM[0m
[0;32mI (579) heap_init: At 50000000 len 00003FE8 (15 KiB): RTCRAM[0m
[0;32mI (586) spi_flash: detected chip: generic[0m
[0;32mI (590) spi_flash: flash io: dio[0m
[0;32mI (595) sleep_gpio: Configure to isolate all GPIO pins in sleep state[0m
[0;32mI (602) sleep_gpio: Enable automatic switching of GPIO sleep configuration[0m
[0;32mI (620) main_task: Started on CPU0[0m
[0;32mI (623) main_task: Calling app_main()[0m
[0;32mI (628) clare_c6: Clare C6 starting[0m
[0;32mI (643) axp2101: Init PMU SUCCESS![0m
[0;32mI (649) DisplayPort: SPI BUS init[0m
[0;32mI (649) DisplayPort: Install panel IO[0m
[0;32mI (650) sh8601: LCD panel create success, version: 1.0.0[0m
[0;33mW (1553) sh8601: The 3Ah command has been used and will be overwritten by external initialization sequence[0m
[0;33mW (1553) sh8601: The 36h command has been used and will be overwritten by external initialization sequence[0m
[0;32mI (1737) CST9217: Checkcode: 0x204ECACA[0m
[0;32mI (1739) CST9217: Resolution X: 480, Y: 480[0m
[0;32mI (1741) CST9217: Chip Type: 0x9220, ProjectID: 0x542F[0m
[0;32mI (1741) esp_lvgl:adapter: LVGL adapter initialized successfully[0m
[0;32mI (1751) esp_lvgl:touch: Touch input device registered successfully (IRQ mode: enabled)[0m
[0;32mI (1759) esp_lvgl:adapter: LVGL task started successfully[0m
i2c: {sda: 8, scl: 7}
i2s: {mclk: 19, bclk: 20, ws: 22, din: 21, dout: 23}
out: {codec: ES8311, pa: -1, pa_gain: 6, use_mclk: 1, pa_gain: 6}
Codec 0 dir 2 type:1
in: {codec: ES7210}
Codec 1 dir 1 type:2
[0;32mI (1781) CODEC_INIT: in:1 out:1 port: 1[0m
[0;32mI (1785) CODEC_INIT: Success to int i2c: 0[0m
[0;32mI (1790) CODEC_INIT: Init i2s 0 type: 3 mclk:19 bclk:20 ws:22 din:21 dout:23[0m
[0;32mI (1798) CODEC_INIT: tx:0x4087e708 rx:0x4087e8c4[0m
[0;33mW (1803) i2s_tdm: the current mclk multiple is too small, adjust the mclk multiple to 384[0m
[0;32mI (1812) CODEC_INIT: output init tdm ret 0[0m
[0;33mW (1817) i2s_tdm: the current mclk multiple is too small, adjust the mclk multiple to 384[0m
[0;32mI (1826) CODEC_INIT: Input init tdm ret 0[0m
[0;32mI (1830) CODEC_INIT: Init i2s 0 ok[0m
[0;32mI (1834) CODEC_INIT: Success to init i2s: 0[0m
[0;32mI (1839) CODEC_INIT: Success to int i2c: 0[0m
[0;32mI (1844) CODEC_INIT: Success to init i2s: 0[0m
[0;32mI (1849) CODEC_INIT: Get out handle 0x4087e708 port 0[0m
[0;32mI (1859) ES8311: Work in Slave mode[0m
[0;32mI (1865) ES7210: Work in Slave mode[0m
[0;32mI (1871) ES7210: Enable ES7210_INPUT_MIC1[0m
[0;32mI (1874) ES7210: Enable ES7210_INPUT_MIC2[0m
[0;32mI (1877) ES7210: Enable ES7210_INPUT_MIC3[0m
[0;32mI (1880) ES7210: Enable ES7210_INPUT_MIC4[0m
[0;32mI (1884) ES7210: Enable TDM mode[0m
[0;32mI (1892) I2S_IF: channel mode 2 bits:16/16 channel:2 mask:3[0m
[0;32mI (1893) I2S_IF: TDM Mode 1 bits:16/16 channel:2 sample_rate:16000 mask:3[0m
[0;32mI (1913) Adev_Codec: Open codec device OK[0m
[0;32mI (1914) I2S_IF: channel mode 2 bits:16/16 channel:2 mask:3[0m
[0;32mI (1914) I2S_IF: TDM Mode 0 bits:16/16 channel:2 sample_rate:16000 mask:3[0m
[0;32mI (1922) ES7210: Bits 8[0m
[0;32mI (1931) ES7210: Enable ES7210_INPUT_MIC1[0m
[0;32mI (1933) ES7210: Enable ES7210_INPUT_MIC2[0m
[0;32mI (1936) ES7210: Enable ES7210_INPUT_MIC3[0m
[0;32mI (1941) ES7210: Enable ES7210_INPUT_MIC4[0m
[0;32mI (1946) ES7210: Enable TDM mode[0m
[0;32mI (1952) ES7210: Unmuted[0m
[0;32mI (1952) Adev_Codec: Open codec device OK[0m
[0;32mI (1954) Adev_Codec: Input already open[0m
[0;32mI (1959) Adev_Codec: Input already open[0m
[0;32mI (1979) clare_audio: ALC ready: 16000 Hz mono PCM16, gain 6 dB[0m
[0;32mI (2165) pp: pp rom version: 5b8dcfa[0m
[0;32mI (2165) net80211: net80211 rom version: 5b8dcfa[0m
I (2167) wifi:wifi driver task: 4086835c, prio:23, stack:6656, core=0
I (2176) wifi:wifi firmware version: 4df78f2
I (2176) wifi:wifi certification version: v7.0
I (2178) wifi:config NVS flash: enabled
I (2181) wifi:config nano formatting: disabled
I (2185) wifi:mac_version:HAL_MAC_ESP32AX_761,ut_version:N, band mode:0x1
I (2192) wifi:Init data frame dynamic rx buffer num: 16
I (2197) wifi:Init static rx mgmt buffer num: 5
I (2201) wifi:Init management short buffer num: 32
I (2206) wifi:Init static tx buffer num: 16
I (2210) wifi:Init static tx FG buffer num: 2
I (2214) wifi:Init static rx buffer size: 1700 (rxctrl:92, csi:512)
I (2220) wifi:Init static rx buffer num: 10
I (2223) wifi:Init dynamic rx buffer num: 16
[0;32mI (2228) wifi_init: rx ba win: 6[0m
[0;32mI (2231) wifi_init: accept mbox: 6[0m
[0;32mI (2235) wifi_init: tcpip mbox: 32[0m
[0;32mI (2240) wifi_init: udp mbox: 6[0m
[0;32mI (2243) wifi_init: tcp mbox: 6[0m
[0;32mI (2247) wifi_init: tcp tx win: 5760[0m
[0;32mI (2251) wifi_init: tcp rx win: 5760[0m
[0;32mI (2256) wifi_init: tcp mss: 1240[0m
[0;32mI (2260) wifi_init: WiFi IRAM OP enabled[0m
[0;32mI (2264) wifi_init: WiFi RX IRAM OP enabled[0m
[0;32mI (2269) wifi_init: WiFi SLP IRAM OP enabled[0m
W (2275) wifi:Password length matches WPA2 standards, authmode threshold changes from OPEN to WPA2
[0;32mI (2283) phy_init: phy_version 343,b513b46,Nov 14 2025,16:34:12[0m
W (2351) wifi:ACK_TAB0   :0x   90a0b, QAM16:0x9 (24Mbps), QPSK:0xa (12Mbps), BPSK:0xb (6Mbps)
W (2351) wifi:CTS_TAB0   :0x   90a0b, QAM16:0x9 (24Mbps), QPSK:0xa (12Mbps), BPSK:0xb (6Mbps)
W (2357) wifi:(agc)0x600a7128:0xd2097aba, min.avgNF:0xce->0xd2(dB), RCalCount:0x97, min.RRssi:0xaba(-84.38)
I (2367) wifi:11ax coex: WDEVAX_PTI0(0x55777555), WDEVAX_PTI1(0x00003377).

I (2373) wifi:mode : sta (20:6e:f1:16:e0:a4)
I (2377) wifi:enable tsf
[0;33mW (4882) clare_net: SCAN[0] rssi=-28 ch=11 ssid_hex=6f787967656ee2809873206950686f6e65[0m
[0;33mW (4883) clare_net: SCAN[1] rssi=-64 ch=11 ssid_hex=5a4b592d47594c574c4150[0m
[0;33mW (4888) clare_net: SCAN[2] rssi=-66 ch=6 ssid_hex=e6beb3e997a8e79a87e5aeb6e8b58ce59cba[0m
[0;33mW (4896) clare_net: SCAN[3] rssi=-68 ch=11 ssid_hex=5a4b592d47594c574c4150[0m
[0;33mW (4904) clare_net: SCAN[4] rssi=-79 ch=1 ssid_hex=5a4b592d47594c574c4150[0m
[0;33mW (4911) clare_net: SCAN[5] rssi=-82 ch=1 ssid_hex=5a4b592d47594c574c4150[0m
[0;33mW (4919) clare_net: SCAN[6] rssi=-83 ch=11 ssid_hex=5a4b592d47594c574c4150[0m
[0;32mI (4928) clare_net: Wi-Fi protocols limited to 11b/g/n mask=0x07[0m
I (4933) wifi:Set ps type: 0, coexist: 0

[0;32mI (4937) clare_c6: Clare UI ready; touch the Clare tile[0m
[0;32mI (4943) main_task: Returned from app_main()[0m
I (4959) wifi:new:<11,0>, old:<1,0>, ap:<255,255>, sta:<11,0>, prof:1, snd_ch_cfg:0x0
I (4960) wifi:(connect)dot11_authmode:0x3, pairwise_cipher:0x3, group_cipher:0x3
I (4963) wifi:state: init -> auth (0xb0)
I (5027) wifi:state: auth -> assoc (0x0)
I (5037) wifi:(assoc)RESP, Extended Capabilities length:8, operating_mode_notification:0
I (5038) wifi:(assoc)RESP, Extended Capabilities, MBSSID:0, TWT Responder:0, OBSS Narrow Bandwidth RU In OFDMA Tolerance:0
I (5045) wifi:Extended Capabilities length:8, operating_mode_notification:1
I (5052) wifi:state: assoc -> run (0x10)
I (5055) wifi:(trc)phytype:CBW20-SGI, snr:55, maxRate:144, highestRateIdx:0
W (5062) wifi:(trc)band:2G, phymode:3, highestRateIdx:0, lowestRateIdx:11, dataSchedTableSize:14
I (5071) wifi:(trc)band:2G, rate(S-MCS7, rateIdx:0), ampdu(rate:S-MCS7, schedIdx(0, stop:8)), snr:55, ampduState:wait operational
I (5082) wifi:ifidx:0, rssi:-31, nf:-86, phytype(0x3, CBW20-SGI), phymode(0x3, 11bgn), max_rate:144, he:0, vht:0, ht:1
I (5092) wifi:(ht)max.RxAMPDULenExponent:3(65535 bytes), MMSS:6(8 us)
I (5115) wifi:connected with oxygen‘s iPhone, aid = 20, channel 11, BW20, bssid = 12:3d:46:d8:6d:be
I (5116) wifi:security: WPA2-PSK, phy:bgn, rssi:-31, cipher(pairwise:0x3, group:0x3), pmf:0, 
I (5123) wifi:pm start, type: 0, twt_start:0

I (5126) wifi:pm start, type:0, aid:0x14, trans-BSSID:12:3d:46:d8:6d:be, BSSID[5]:0xbe, mbssid(max-indicator:0, index:0), he:0
I (5137) wifi:dp: 1, bi: 102400, li: 3, scale listen interval from 307200 us to 307200 us
I (5145) wifi:set rx beacon pti, rx_bcn_pti: 10, bcn_timeout: 25000, mt_pti: 10, mt_time: 10000
I (5154) wifi:[ADDBA]TX addba request, tid:0, dialogtoken:1, bufsize:64, A-MSDU:0(not supported), policy:1(IMR), ssn:0(0x0)
I (5164) wifi:[ADDBA]TX addba request, tid:7, dialogtoken:2, bufsize:64, A-MSDU:0(not supported), policy:1(IMR), ssn:0(0x20)
I (5175) wifi:[ADDBA]TX addba request, tid:5, dialogtoken:3, bufsize:64, A-MSDU:0(not supported), policy:1(IMR), ssn:0(0x0)
W (5186) wifi:<ba-add>idx:0, ifx:0, tid:0, TAHI:0x100be6d, TALO:0xd8463d12, (ssn:916, win:64, cur_ssn:916), CONF:0xc0000005
W (5197) wifi:<ba-add>idx:1, ifx:0, tid:2, TAHI:0x100be6d, TALO:0xd8463d12, (ssn:3645, win:64, cur_ssn:3645), CONF:0xc0002005
W (5208) wifi:<ba-add>idx:2, ifx:0, tid:4, TAHI:0x100be6d, TALO:0xd8463d12, (ssn:1586, win:64, cur_ssn:1586), CONF:0xc0004005
W (5219) wifi:<ba-add>idx:3, ifx:0, tid:6, TAHI:0x100be6d, TALO:0xd8463d12, (ssn:3973, win:64, cur_ssn:3973), CONF:0xc0006005
I (5230) wifi:[ADDBA]RX addba response, status:0, tid:0/tb:1(0xa1), bufsize:64, batimeout:0, txa_wnd:8
I (5239) wifi:AP's beacon interval = 102400 us, DTIM period = 1
I (5246) wifi:[ADDBA]RX addba response, status:0, tid:7/tb:1(0xa1), bufsize:64, batimeout:0, txa_wnd:8
I (5254) wifi:[ADDBA]RX addba response, status:0, tid:5/tb:1(0xa1), bufsize:64, batimeout:0, txa_wnd:8
[0;32mI (6290) esp_netif_handlers: sta ip: 172.20.10.10, mask: 255.255.255.240, gw: 172.20.10.1[0m
[0;32mI (6290) clare_net: DHCP DNS main=172.20.10.1[0m
[0;32mI (12937) clare_c6: Boot network self-test begin[0m
[0;32mI (13207) clare_c6: probe dns rc=0[0m
[0;32mI (13208) clare_c6: probe socket fd=54 errno=0[0m
[0;32mI (13446) clare_c6: probe connect rc=0 errno=0[0m
[0;31mE (13708) esp-tls-mbedtls: No server verification option set in esp_tls_cfg_t structure. Check esp_tls API reference[0m
[0;31mE (13708) esp-tls-mbedtls: Failed to set client configurations, returned [0x8017] (ESP_ERR_MBEDTLS_SSL_SETUP_FAILED)[0m
[0;31mE (13719) esp-tls: create_ssl_handle failed[0m
[0;31mE (13724) esp-tls: Failed to open new connection[0m
[0;32mI (13729) clare_c6: probe esp-tls rc=-1 last=0x0 flags=0x0[0m
[0;32mI (13737) clare_net: Create session URL ready=1[0m
[0;32mI (13741) clare_net: HTTP before init free8=40592 largest8=23552 free_internal=40592 largest_internal=23552[0m
[0;31mE (18865) esp-aes: Failed to allocate memory[0m
[0;31mE (18865) esp-tls-mbedtls: mbedtls_ssl_handshake returned -0x0001[0m
[0;31mE (18865) esp-tls: Failed to open new connection[0m
[0;31mE (18871) transport_base: Failed to open a new connection[0m
[0;31mE (18878) HTTP_CLIENT: Connection failed, sock < 0[0m
[0;32mI (18882) clare_net: HTTP response status=0 bytes=0 truncated=0[0m
[0;33mW (18889) clare_net: HTTP request failed err=28674 status=0 tls=1 flags=0x0[0m
[0;32mI (18897) clare_c6: Network error - check Wi-Fi/API[0m
[0;32mI (18902) clare_c6: Boot network self-test session err=28674 (attempt 1/4)[0m
[0;33mW (18912) clare_c6: Boot network self-test attempt 1 failed, retrying in 5000 ms[0m
[0;32mI (23918) clare_net: Create session URL ready=1[0m
[0;32mI (23918) clare_net: HTTP before init free8=40256 largest8=15616 free_internal=40256 largest_internal=15616[0m
[0;32mI (34535) clare_net: HTTP response status=200 bytes=82 truncated=0[0m
[0;32mI (34537) clare_c6: Boot network self-test session err=0 (attempt 2/4)[0m
[0;32mI (34539) websocket_client: Started[0m
