
I (77) boot: End of partition table
I (81) esp_image: segment 0: paddr=00010020 vaddr=42130020 size=84590h (542096) map
I (190) esp_image: segment 1: paddr=000945b8 vaddr=40800000 size=0ba60h ( 47712) load
I (201) esp_image: segment 2: paddr=000a0020 vaddr=42000020 size=12bd78h (1228152) map
I (432) esp_image: segment 3: paddr=001cbda0 vaddr=4080ba60 size=2d49ch (185500) load
I (472) esp_image: segment 4: paddr=001f9244 vaddr=40838f00 size=03e30h ( 15920) load
I (490) boot: Loaded app from partition at offset 0x10000
I (490) boot: Disabling RNG early entropy source...
[0;32mI (500) cpu_start: Unicore app[0m
[0;32mI (508) cpu_start: GPIO 17 and 16 are used as console UART I/O pins[0m
[0;32mI (509) cpu_start: Pro cpu start user code[0m
[0;32mI (509) cpu_start: cpu freq: 160000000 Hz[0m
[0;32mI (514) app_init: Application information:[0m
[0;32mI (518) app_init: Project name:     Clare_C6[0m
[0;32mI (523) app_init: App version:      3e09a44-dirty[0m
[0;32mI (529) app_init: Compile time:     Aug 28 2026 10:14:54[0m
[0;32mI (535) app_init: ELF file SHA256:  d2297561ff354ec3...[0m
[0;32mI (541) app_init: ESP-IDF:          v5.5.3[0m
[0;32mI (545) efuse_init: Min chip rev:     v0.0[0m
[0;32mI (550) efuse_init: Max chip rev:     v0.99 [0m
[0;32mI (555) efuse_init: Chip rev:         v0.2[0m
[0;32mI (560) heap_init: Initializing. RAM available for dynamic allocation:[0m
[0;32mI (567) heap_init: At 4084CCF0 len 0002F920 (190 KiB): RAM[0m
[0;32mI (573) heap_init: At 4087C610 len 00002F54 (11 KiB): RAM[0m
[0;32mI (579) heap_init: At 50000000 len 00003FE8 (15 KiB): RTCRAM[0m
[0;32mI (586) spi_flash: detected chip: generic[0m
[0;32mI (590) spi_flash: flash io: dio[0m
[0;32mI (595) sleep_gpio: Configure to isolate all GPIO pins in sleep state[0m
[0;32mI (602) sleep_gpio: Enable automatic switching of GPIO sleep configuration[0m
[0;32mI (620) main_task: Started on CPU0[0m
[0;32mI (623) main_task: Calling app_main()[0m
[0;32mI (628) clare_c6: Clare C6 starting[0m
[0;32mI (643) axp2101: Init PMU SUCCESS![0m
[0;32mI (649) DisplayPort: SPI BUS init[0m
[0;32mI (649) DisplayPort: Install panel IO[0m
[0;32mI (650) sh8601: LCD panel create success, version: 1.0.0[0m
[0;33mW (1553) sh8601: The 3Ah command has been used and will be overwritten by external initialization sequence[0m
[0;33mW (1553) sh8601: The 36h command has been used and will be overwritten by external initialization sequence[0m
[0;32mI (1737) CST9217: Checkcode: 0x204ECACA[0m
[0;32mI (1739) CST9217: Resolution X: 480, Y: 480[0m
[0;32mI (1741) CST9217: Chip Type: 0x9220, ProjectID: 0x542F[0m
[0;32mI (1741) esp_lvgl:adapter: LVGL adapter initialized successfully[0m
[0;32mI (1751) esp_lvgl:touch: Touch input device registered successfully (IRQ mode: enabled)[0m
[0;32mI (1759) esp_lvgl:adapter: LVGL task started successfully[0m
i2c: {sda: 8, scl: 7}
i2s: {mclk: 19, bclk: 20, ws: 22, din: 21, dout: 23}
out: {codec: ES8311, pa: -1, pa_gain: 6, use_mclk: 1, pa_gain: 6}
Codec 0 dir 2 type:1
in: {codec: ES7210}
Codec 1 dir 1 type:2
[0;32mI (1781) CODEC_INIT: in:1 out:1 port: 1[0m
[0;32mI (1785) CODEC_INIT: Success to int i2c: 0[0m
[0;32mI (1791) CODEC_INIT: Init i2s 0 type: 3 mclk:19 bclk:20 ws:22 din:21 dout:23[0m
[0;32mI (1798) CODEC_INIT: tx:0x4087e708 rx:0x4087e8c4[0m
[0;33mW (1803) i2s_tdm: the current mclk multiple is too small, adjust the mclk multiple to 384[0m
[0;32mI (1812) CODEC_INIT: output init tdm ret 0[0m
[0;33mW (1817) i2s_tdm: the current mclk multiple is too small, adjust the mclk multiple to 384[0m
[0;32mI (1826) CODEC_INIT: Input init tdm ret 0[0m
[0;32mI (1830) CODEC_INIT: Init i2s 0 ok[0m
[0;32mI (1834) CODEC_INIT: Success to init i2s: 0[0m
[0;32mI (1839) CODEC_INIT: Success to int i2c: 0[0m
[0;32mI (1844) CODEC_INIT: Success to init i2s: 0[0m
[0;32mI (1849) CODEC_INIT: Get out handle 0x4087e708 port 0[0m
[0;32mI (1859) ES8311: Work in Slave mode[0m
[0;32mI (1865) ES7210: Work in Slave mode[0m
[0;32mI (1871) ES7210: Enable ES7210_INPUT_MIC1[0m
[0;32mI (1874) ES7210: Enable ES7210_INPUT_MIC2[0m
[0;32mI (1877) ES7210: Enable ES7210_INPUT_MIC3[0m
[0;32mI (1880) ES7210: Enable ES7210_INPUT_MIC4[0m
[0;32mI (1884) ES7210: Enable TDM mode[0m
[0;32mI (1892) I2S_IF: channel mode 2 bits:16/16 channel:2 mask:3[0m
[0;32mI (1893) I2S_IF: TDM Mode 1 bits:16/16 channel:2 sample_rate:16000 mask:3[0m
[0;32mI (1913) Adev_Codec: Open codec device OK[0m
[0;32mI (1914) I2S_IF: channel mode 2 bits:16/16 channel:2 mask:3[0m
[0;32mI (1914) I2S_IF: TDM Mode 0 bits:16/16 channel:2 sample_rate:16000 mask:3[0m
[0;32mI (1922) ES7210: Bits 8[0m
[0;32mI (1931) ES7210: Enable ES7210_INPUT_MIC1[0m
[0;32mI (1933) ES7210: Enable ES7210_INPUT_MIC2[0m
[0;32mI (1936) ES7210: Enable ES7210_INPUT_MIC3[0m
[0;32mI (1941) ES7210: Enable ES7210_INPUT_MIC4[0m
[0;32mI (1946) ES7210: Enable TDM mode[0m
[0;32mI (1952) ES7210: Unmuted[0m
[0;32mI (1952) Adev_Codec: Open codec device OK[0m
[0;32mI (1954) Adev_Codec: Input already open[0m
[0;32mI (1959) Adev_Codec: Input already open[0m
[0;32mI (1979) clare_audio: ALC ready: 16000 Hz mono PCM16, gain 6 dB[0m
[0;32mI (2163) pp: pp rom version: 5b8dcfa[0m
[0;32mI (2163) net80211: net80211 rom version: 5b8dcfa[0m
I (2165) wifi:wifi driver task: 4086835c, prio:23, stack:6656, core=0
I (2174) wifi:wifi firmware version: 4df78f2
I (2174) wifi:wifi certification version: v7.0
I (2176) wifi:config NVS flash: enabled
I (2179) wifi:config nano formatting: disabled
I (2183) wifi:mac_version:HAL_MAC_ESP32AX_761,ut_version:N, band mode:0x1
I (2190) wifi:Init data frame dynamic rx buffer num: 16
I (2195) wifi:Init static rx mgmt buffer num: 5
I (2199) wifi:Init management short buffer num: 32
I (2204) wifi:Init static tx buffer num: 16
I (2208) wifi:Init static tx FG buffer num: 2
I (2212) wifi:Init static rx buffer size: 1700 (rxctrl:92, csi:512)
I (2218) wifi:Init static rx buffer num: 10
I (2222) wifi:Init dynamic rx buffer num: 16
[0;32mI (2227) wifi_init: rx ba win: 6[0m
[0;32mI (2229) wifi_init: accept mbox: 6[0m
[0;32mI (2234) wifi_init: tcpip mbox: 32[0m
[0;32mI (2238) wifi_init: udp mbox: 6[0m
[0;32mI (2241) wifi_init: tcp mbox: 6[0m
[0;32mI (2245) wifi_init: tcp tx win: 5760[0m
[0;32mI (2249) wifi_init: tcp rx win: 5760[0m
[0;32mI (2254) wifi_init: tcp mss: 1240[0m
[0;32mI (2258) wifi_init: WiFi IRAM OP enabled[0m
[0;32mI (2262) wifi_init: WiFi RX IRAM OP enabled[0m
[0;32mI (2267) wifi_init: WiFi SLP IRAM OP enabled[0m
W (2273) wifi:Password length matches WPA2 standards, authmode threshold changes from OPEN to WPA2
[0;32mI (2281) phy_init: phy_version 343,b513b46,Nov 14 2025,16:34:12[0m
W (2348) wifi:ACK_TAB0   :0x   90a0b, QAM16:0x9 (24Mbps), QPSK:0xa (12Mbps), BPSK:0xb (6Mbps)
W (2349) wifi:CTS_TAB0   :0x   90a0b, QAM16:0x9 (24Mbps), QPSK:0xa (12Mbps), BPSK:0xb (6Mbps)
W (2354) wifi:(agc)0x600a7128:0xd21daac6, min.avgNF:0xce->0xd2(dB), RCalCount:0x1da, min.RRssi:0xac6(-83.62)
I (2364) wifi:11ax coex: WDEVAX_PTI0(0x55777555), WDEVAX_PTI1(0x00003377).

I (2371) wifi:mode : sta (20:6e:f1:16:e0:a4)
I (2374) wifi:enable tsf
W (2392) wifi:sta_scan: STA is connecting, scan are not allowed!
[0;33mW (2392) clare_net: Diagnostic scan failed err=12294[0m
[0;32mI (2393) clare_net: Wi-Fi protocols limited to 11b/g/n mask=0x07[0m
I (2399) wifi:Set ps type: 0, coexist: 0

[0;32mI (2404) clare_c6: Clare UI ready; touch the Clare tile[0m
[0;32mI (2409) main_task: Returned from app_main()[0m
[0;33mW (4786) clare_net: Wi-Fi disconnected reason=201 retry=1[0m
[0;33mW (7193) clare_net: Wi-Fi disconnected reason=201 retry=2[0m
[0;33mW (9599) clare_net: Wi-Fi disconnected reason=201 retry=3[0m
[0;32mI (10404) clare_c6: Boot network self-test begin[0m
E (10404) wifi:sta is connecting, return error
[0;33mW (12007) clare_net: Wi-Fi disconnected reason=201 retry=1[0m
[0;33mW (14414) clare_net: Wi-Fi disconnected reason=201 retry=2[0m
[0;33mW (16821) clare_net: Wi-Fi disconnected reason=201 retry=3[0m
[0;33mW (19228) clare_net: Wi-Fi disconnected reason=201 retry=4[0m
[0;33mW (21634) clare_net: Wi-Fi disconnected reason=201 retry=5[0m
[0;33mW (24041) clare_net: Wi-Fi disconnected reason=201 retry=6[0m
[0;33mW (25405) clare_c6: Boot network self-test Wi-Fi unavailable[0m
[0;33mW (26449) clare_net: Wi-Fi disconnected reason=201 retry=7[0m
[0;33mW (28856) clare_net: Wi-Fi disconnected reason=201 retry=8[0m
[0;33mW (31262) clare_net: Wi-Fi disconnected reason=201 retry=8[0m
