I (390) esp_image: segment 3: paddr=0018e6f8 vaddr=4080c324 size=2d258h (184920) load
I (431) esp_image: segment 4: paddr=001bb958 vaddr=40839580 size=03e20h ( 15904) load
I (448) boot: Loaded app from partition at offset 0x10000
I (448) boot: Disabling RNG early entropy source...
I (458) cpu_start: Unicore app
I (467) cpu_start: GPIO 17 and 16 are used as console UART I/O pins
I (467) cpu_start: Pro cpu start user code
I (467) cpu_start: cpu freq: 160000000 Hz
I (472) app_init: Application information:
I (477) app_init: Project name:     Clara_C6
I (482) app_init: App version:      4b9bf00-dirty
I (487) app_init: Compile time:     Aug 25 2026 21:23:09
I (493) app_init: ELF file SHA256:  150efa3e6022b038...
I (499) app_init: ESP-IDF:          1a1a5aa6-dirty
I (504) efuse_init: Min chip rev:     v0.0
I (509) efuse_init: Max chip rev:     v0.99 
I (514) efuse_init: Chip rev:         v0.2
I (519) heap_init: Initializing. RAM available for dynamic allocation:
I (526) heap_init: At 4084F620 len 0002CFF0 (179 KiB): RAM
I (532) heap_init: At 4087C610 len 00002F54 (11 KiB): RAM
I (538) heap_init: At 50000000 len 00003FE8 (15 KiB): RTCRAM
I (545) spi_flash: detected chip: generic
I (549) spi_flash: flash io: dio
I (554) sleep_gpio: Configure to isolate all GPIO pins in sleep state
I (560) sleep_gpio: Enable automatic switching of GPIO sleep configuration
I (578) main_task: Started on CPU0
I (582) main_task: Calling app_main()
I (586) clara_c6: Clara C6 starting
I (601) axp2101: Init PMU SUCCESS!
I (607) DisplayPort: SPI BUS init
I (607) DisplayPort: Install panel IO
I (608) sh8601: LCD panel create success, version: 1.0.0
W (1511) sh8601: The 3Ah command has been used and will be overwritten by external initialization sequence
W (1511) sh8601: The 36h command has been used and will be overwritten by external initialization sequence
I (1695) CST9217: Checkcode: 0x204ECACA
I (1697) CST9217: Resolution X: 480, Y: 480
I (1699) CST9217: Chip Type: 0x9220, ProjectID: 0x542F
I (1699) esp_lvgl:adapter: LVGL adapter initialized successfully
I (1709) esp_lvgl:touch: Touch input device registered successfully (IRQ mode: enabled)
I (1717) esp_lvgl:adapter: LVGL task started successfully
i2c: {sda: 8, scl: 7}
i2s: {mclk: 19, bclk: 20, ws: 22, din: 21, dout: 23}
out: {codec: ES8311, pa: -1, pa_gain: 6, use_mclk: 1, pa_gain: 6}
Codec 0 dir 2 type:1
in: {codec: ES7210}
Codec 1 dir 1 type:2
I (1739) CODEC_INIT: in:1 out:1 port: 1
I (1743) CODEC_INIT: Success to int i2c: 0
I (1748) CODEC_INIT: Init i2s 0 type: 3 mclk:19 bclk:20 ws:22 din:21 dout:23
I (1756) CODEC_INIT: tx:0x4087e71c rx:0x4087e8d8
W (1761) i2s_tdm: the current mclk multiple is too small, adjust the mclk multiple to 384
I (1770) CODEC_INIT: output init tdm ret 0
W (1774) i2s_common: the rx channel on I2S0 is switched from master to slave for full-duplex mode
W (1784) i2s_tdm: the current mclk multiple is too small, adjust the mclk multiple to 384
W (1793) i2s_tdm: the mclk/bclk ratio 3 is too small for the full-duplex rx slave (min 4), data might be sampled incorrectly, please increase mclk_multiple
I (1808) CODEC_INIT: Input init tdm ret 0
I (1812) CODEC_INIT: Init i2s 0 ok
I (1816) CODEC_INIT: Success to init i2s: 0
I (1821) CODEC_INIT: Success to int i2c: 0
I (1826) CODEC_INIT: Success to init i2s: 0
I (1831) CODEC_INIT: Get out handle 0x4087e71c port 0
I (1842) ES8311: Work in Slave mode
I (1847) ES7210: Work in Slave mode
I (1854) ES7210: Enable ES7210_INPUT_MIC1
I (1856) ES7210: Enable ES7210_INPUT_MIC2
I (1859) ES7210: Enable ES7210_INPUT_MIC3
I (1862) ES7210: Enable ES7210_INPUT_MIC4
I (1866) ES7210: Enable TDM mode
I (1875) I2S_IF: channel mode 2 bits:16/16 channel:2 mask:3
I (1875) I2S_IF: TDM Mode 1 bits:16/16 channel:2 sample_rate:16000 mask:3
I (1896) Adev_Codec: Open codec device OK
I (1896) I2S_IF: channel mode 2 bits:16/16 channel:2 mask:3
I (1896) I2S_IF: TDM Mode 0 bits:16/16 channel:2 sample_rate:16000 mask:3
I (1904) ES7210: Bits 8
I (1913) ES7210: Enable ES7210_INPUT_MIC1
I (1916) ES7210: Enable ES7210_INPUT_MIC2
I (1918) ES7210: Enable ES7210_INPUT_MIC3
I (1923) ES7210: Enable ES7210_INPUT_MIC4
I (1928) ES7210: Enable TDM mode
I (1934) ES7210: Unmuted
I (1934) Adev_Codec: Open codec device OK
I (1937) Adev_Codec: Input already open
I (1941) Adev_Codec: Input already open
I (2125) pp: pp rom version: 5b8dcfa
I (2126) net80211: net80211 rom version: 5b8dcfa
I (2127) wifi:wifi driver task: 4086a5f4, prio:23, stack:6656, core=0
I (2136) wifi:wifi firmware version: b9f67df
I (2136) wifi:wifi certification version: v7.0
I (2138) wifi:config NVS flash: enabled
I (2142) wifi:config nano formatting: disabled
I (2146) wifi:mac_version:HAL_MAC_ESP32AX_761,ut_version:N, band mode:0x1
I (2153) wifi:Init data frame dynamic rx buffer num: 16
I (2157) wifi:Init static rx mgmt buffer num: 5
I (2161) wifi:Init management short buffer num: 32
I (2166) wifi:Init static tx buffer num: 16
I (2170) wifi:Init static tx FG buffer num: 2
I (2174) wifi:Init static rx buffer size: 1700 (rxctrl:92, csi:512)
I (2180) wifi:Init static rx buffer num: 10
I (2184) wifi:Init dynamic rx buffer num: 16
I (2189) wifi_init: rx ba win: 6
I (2192) wifi_init: accept mbox: 6
I (2196) wifi_init: tcpip mbox: 32
I (2200) wifi_init: udp mbox: 6
I (2204) wifi_init: tcp mbox: 6
I (2208) wifi_init: tcp tx win: 5760
I (2212) wifi_init: tcp rx win: 5760
I (2216) wifi_init: tcp mss: 1240
I (2220) wifi_init: WiFi IRAM OP enabled
I (2225) wifi_init: WiFi RX IRAM OP enabled
I (2229) wifi_init: WiFi SLP IRAM OP enabled
W (2235) wifi:Password length matches WPA2 standards, authmode threshold changes from OPEN to WPA2
I (2244) phy_init: phy_version 345,552b044,Jul 14 2026,10:37:00
I (2311) wifi:11ax coex: WDEVAX_PTI0(0x55777555), WDEVAX_PTI1(0x00003377).
I (2312) wifi:mode : sta (20:6e:f1:16:e0:a4)
I (2312) wifi:enable tsf
I (2325) wifi:new:<6,0>, old:<1,0>, ap:<255,255>, sta:<6,0>, prof:1, snd_ch_cfg:0x0
I (2327) wifi:(connect)dot11_authmode:0x3, pairwise_cipher:0x3, group_cipher:0x3
I (2329) wifi:state: init -> auth (0xb0)
I (2341) clara_net: Wi-Fi protocols limited to 11b/g/n mask=0x07
I (2341) wifi:Set ps type: 0, coexist: 0
I (2344) clara_c6: Clara UI ready; touch the Clara tile
I (2349) main_task: Returned from app_main()
I (2356) wifi:state: auth -> assoc (0x0)
I (2365) wifi:(assoc)RESP, Extended Capabilities length:8, operating_mode_notification:0
I (2366) wifi:(assoc)RESP, Extended Capabilities, MBSSID:0, TWT Responder:0, OBSS Narrow Bandwidth RU In OFDMA Tolerance:0
I (2376) wifi:Extended Capabilities length:8, operating_mode_notification:1
I (2384) wifi:state: assoc -> run (0x10)
I (2387) wifi:(trc)phytype:CBW20-SGI, snr:42, maxRate:144, highestRateIdx:0
W (2393) wifi:(trc)band:2G, phymode:3, highestRateIdx:0, lowestRateIdx:11, dataSchedTableSize:14
I (2402) wifi:(trc)band:2G, rate(S-MCS7, rateIdx:0), ampdu(rate:S-MCS7, schedIdx(0, stop:8)), snr:42, ampduState:wait operational
I (2413) wifi:ifidx:0, rssi:-44, nf:-86, phytype(0x3, CBW20-SGI), phymode(0x3, 11bgn), max_rate:144, he:0, vht:0, ht:1
I (2424) wifi:(ht)max.RxAMPDULenExponent:3(65535 bytes), MMSS:6(8 us)
I (2442) wifi:connected with oxygen‘s iPhone, aid = 16, channel 6, BW20, bssid = 5a:ab:6e:47:58:b4
I (2442) wifi:security: WPA2-PSK, phy: bgn, rssi: -44, cipher(pairwise:0x3, group:0x3), pmf:0
I (2449) wifi:pm start, type: 0, twt_start:0
I (2452) wifi:pm start, type:0, aid:0x10, trans-BSSID:5a:ab:6e:47:58:b4, BSSID[5]:0xb4, mbssid(max-indicator:0, index:0), he:0
I (2463) wifi:dp: 1, bi: 102400, li: 3, scale listen interval from 307200 us to 307200 us
I (2471) wifi:set rx beacon pti, rx_bcn_pti: 10, bcn_timeout: 25000, mt_pti: 10, mt_time: 10000
I (2480) wifi:[ADDBA]TX addba request, tid:0, dialogtoken:1, bufsize:64, A-MSDU:0(not supported), policy:1(IMR), ssn:0(0x0)
I (2490) wifi:[ADDBA]TX addba request, tid:7, dialogtoken:2, bufsize:64, A-MSDU:0(not supported), policy:1(IMR), ssn:0(0x20)
I (2501) wifi:[ADDBA]TX addba request, tid:5, dialogtoken:3, bufsize:64, A-MSDU:0(not supported), policy:1(IMR), ssn:0(0x0)
I (2512) wifi:AP's beacon interval = 102400 us, DTIM period = 1
W (2519) wifi:<ba-add>idx:0, ifx:0, tid:0, TAHI:0x100b458, TALO:0x476eab5a, (ssn:3721, win:64, cur_ssn:3721), CONF:0xc0000005
W (2529) wifi:<ba-add>idx:1, ifx:0, tid:2, TAHI:0x100b458, TALO:0x476eab5a, (ssn:3726, win:64, cur_ssn:3726), CONF:0xc0002005
W (2540) wifi:<ba-add>idx:2, ifx:0, tid:4, TAHI:0x100b458, TALO:0x476eab5a, (ssn:1711, win:64, cur_ssn:1711), CONF:0xc0004005
W (2551) wifi:<ba-add>idx:3, ifx:0, tid:6, TAHI:0x100b458, TALO:0x476eab5a, (ssn:2750, win:64, cur_ssn:2750), CONF:0xc0006005
I (2562) wifi:[ADDBA]RX addba response, status:0, tid:0/tb:1(0xa1), bufsize:64, batimeout:0, txa_wnd:8
I (2579) wifi:[ADDBA]RX addba response, status:0, tid:7/tb:1(0xa1), bufsize:64, batimeout:0, txa_wnd:8
I (2580) wifi:[ADDBA]RX addba response, status:0, tid:5/tb:1(0xa1), bufsize:64, batimeout:0, txa_wnd:8
I (3607) esp_netif_handlers: sta ip: 172.20.10.10, mask: 255.255.255.240, gw: 172.20.10.1
I (3607) clara_net: DHCP DNS main=172.20.10.1
I (10344) clara_c6: Boot network self-test begin
I (14044) clara_net: Wi-Fi scan found 19 AP(s)
I (14044) clara_net: scan[0] ssid="LDKJ" rssi=-33 ch=6 auth=3
I (14045) clara_net: scan[1] ssid="" rssi=-33 ch=6 auth=3
I (14051) clara_net: scan[2] ssid="" rssi=-44 ch=6 auth=3
I (14057) clara_net: scan[3] ssid="USYDer" rssi=-47 ch=1 auth=4
I (14063) clara_net: scan[4] ssid="Be_my_guest" rssi=-48 ch=1 auth=4
I (14070) clara_net: scan[5] ssid="" rssi=-54 ch=11 auth=4
I (14076) clara_net: scan[6] ssid="TP-LINK_84D2" rssi=-55 ch=11 auth=4
I (14084) clara_net: scan[7] ssid="TO-Tech-2.4G-2680" rssi=-63 ch=9 auth=4
I (14091) clara_net: scan[8] ssid="HLSEMI_Wi-Fi5" rssi=-64 ch=11 auth=3
I (14099) clara_net: scan[9] ssid="CU_g8jn" rssi=-66 ch=11 auth=4
I (14105) clara_net: scan[10] ssid="henlyn-ai" rssi=-69 ch=6 auth=3
I (14112) clara_net: scan[11] ssid="I-CUBE" rssi=-70 ch=1 auth=0
I (14119) clara_net: scan[12] ssid="DIRECT-B2-HP DeskJet 2800 series" rssi=-71 ch=9 auth=3
I (14128) clara_net: scan[13] ssid="AMICRO" rssi=-73 ch=13 auth=4
I (14135) clara_net: scan[14] ssid="HLSEMI" rssi=-75 ch=11 auth=3
I (14141) clara_net: scan[15] ssid="ChinaNet-6xVX" rssi=-77 ch=1 auth=4
I (14149) clara_net: scan[16] ssid="Phasecom" rssi=-80 ch=10 auth=3
I (14156) clara_net: scan[17] ssid="SHQJZY" rssi=-81 ch=6 auth=4
I (14162) clara_net: scan[18] ssid="ChinaNet-baxA" rssi=-81 ch=6 auth=7
I (14186) clara_net: diag dns clare.vinex.top -> 172.67.178.147
I (14590) clara_net: diag tcp clare.vinex.top:443 CONNECTED
I (19592) clara_net: diag tcp 1.1.1.1:443 TIMEOUT/ERR ret=0
I (19592) clara_net: Create session URL ready=1
I (19593) clara_net: HTTP before init free8=32324 largest8=14592 free_internal=32324 largest_internal=14592
E (22554) esp-x509-crt-bundle: PK verify failed with error 0x4290
E (22554) esp-x509-crt-bundle: Certificate matched but signature verification failed
E (22558) esp-x509-crt-bundle: Failed to verify certificate
E (22565) esp-tls-mbedtls: mbedtls_ssl_handshake returned -0x3000
E (22571) esp-tls: Failed to open new connection
E (22576) transport_base: Failed to open a new connection
E (22583) HTTP_CLIENT: Connection failed, sock < 0
I (22588) clara_net: HTTP response status=0 bytes=0 truncated=0
W (22594) clara_net: HTTP request failed err=28674 status=0 tls=12288 flags=0x0
I (22603) clara_c6: Network error  •  check Wi-Fi/API
I (22608) clara_c6: Boot network self-test session err=28674 (attempt 1/4)
W (22616) clara_c6: Boot network self-test attempt 1 failed, retrying in 5000 ms
I (27624) clara_net: Create session URL ready=1
I (27624) clara_net: HTTP before init free8=31812 largest8=13568 free_internal=31812 largest_internal=13568
E (32953) esp-x509-crt-bundle: PK verify failed with error 0x4290
E (32953) esp-x509-crt-bundle: Certificate matched but signature verification failed
E (32957) esp-x509-crt-bundle: Failed to verify certificate
E (32965) esp-tls-mbedtls: mbedtls_ssl_handshake returned -0x3000
E (32970) esp-tls: Failed to open new connection
E (32976) transport_base: Failed to open a new connection
E (32983) HTTP_CLIENT: Connection failed, sock < 0
I (32987) clara_net: HTTP response status=0 bytes=0 truncated=0
W (32994) clara_net: HTTP request failed err=28674 status=0 tls=12288 flags=0x0
I (33003) clara_c6: Network error  •  check Wi-Fi/API
I (33008) clara_c6: Boot network self-test session err=28674 (attempt 2/4)
W (33015) clara_c6: Boot network self-test attempt 2 failed, retrying in 5000 ms
I (38023) clara_net: Create session URL ready=1
I (38023) clara_net: HTTP before init free8=31812 largest8=13568 free_internal=31812 largest_internal=13568
E (41822) esp-x509-crt-bundle: PK verify failed with error 0x4290
E (41822) esp-x509-crt-bundle: Certificate matched but signature verification failed
E (41826) esp-x509-crt-bundle: Failed to verify certificate
E (41834) esp-tls-mbedtls: mbedtls_ssl_handshake returned -0x3000
E (41839) esp-tls: Failed to open new connection
E (41844) transport_base: Failed to open a new connection
E (41851) HTTP_CLIENT: Connection failed, sock < 0
I (41856) clara_net: HTTP response status=0 bytes=0 truncated=0
W (41862) clara_net: HTTP request failed err=28674 status=0 tls=12288 flags=0x0
I (41871) clara_c6: Network error  •  check Wi-Fi/API
I (41876) clara_c6: Boot network self-test session err=28674 (attempt 3/4)
W (41884) clara_c6: Boot network self-test attempt 3 failed, retrying in 5000 ms
I (46892) clara_net: Create session URL ready=1
I (46892) clara_net: HTTP before init free8=31812 largest8=13568 free_internal=31812 largest_internal=13568
E (49595) esp-x509-crt-bundle: PK verify failed with error 0x4290
E (49596) esp-x509-crt-bundle: Certificate matched but signature verification failed
E (49600) esp-x509-crt-bundle: Failed to verify certificate
E (49607) esp-tls-mbedtls: mbedtls_ssl_handshake returned -0x3000
E (49613) esp-tls: Failed to open new connection
E (49618) transport_base: Failed to open a new connection
E (49625) HTTP_CLIENT: Connection failed, sock < 0
I (49630) clara_net: HTTP response status=0 bytes=0 truncated=0
W (49636) clara_net: HTTP request failed err=28674 status=0 tls=12288 flags=0x0
I (49645) clara_c6: Network error  •  check Wi-Fi/API
I (49650) clara_c6: Boot network self-test session err=28674 (attempt 4/4)
W (49658) clara_c6: Boot network self-test failed after 4 attempts
