I (395) esp_image: segment 3: paddr=00194cd0 vaddr=4080c4e4 size=2d098h (184472) load
I (436) esp_image: segment 4: paddr=001c1d70 vaddr=40839580 size=03e28h ( 15912) load
I (453) boot: Loaded app from partition at offset 0x10000
I (453) boot: Disabling RNG early entropy source...
I (463) cpu_start: Unicore app
I (472) cpu_start: GPIO 17 and 16 are used as console UART I/O pins
I (472) cpu_start: Pro cpu start user code
I (472) cpu_start: cpu freq: 160000000 Hz
I (477) app_init: Application information:
I (481) app_init: Project name:     Clara_C6
I (486) app_init: App version:      4b9bf00-dirty
I (492) app_init: Compile time:     Aug 25 2026 15:14:01
I (498) app_init: ELF file SHA256:  a278361fedebaeca...
I (504) app_init: ESP-IDF:          1a1a5aa6-dirty
I (509) efuse_init: Min chip rev:     v0.0
I (514) efuse_init: Max chip rev:     v0.99 
I (519) efuse_init: Chip rev:         v0.2
I (524) heap_init: Initializing. RAM available for dynamic allocation:
I (531) heap_init: At 40853C60 len 000289B0 (162 KiB): RAM
I (537) heap_init: At 4087C610 len 00002F54 (11 KiB): RAM
I (543) heap_init: At 50000000 len 00003FE8 (15 KiB): RTCRAM
I (550) spi_flash: detected chip: generic
I (554) spi_flash: flash io: dio
I (559) sleep_gpio: Configure to isolate all GPIO pins in sleep state
I (565) sleep_gpio: Enable automatic switching of GPIO sleep configuration
I (583) main_task: Started on CPU0
I (586) main_task: Calling app_main()
I (591) clara_c6: Clara C6 starting
I (606) axp2101: Init PMU SUCCESS!
I (611) DisplayPort: SPI BUS init
I (612) DisplayPort: Install panel IO
I (613) sh8601: LCD panel create success, version: 1.0.0
W (1516) sh8601: The 3Ah command has been used and will be overwritten by external initialization sequence
W (1516) sh8601: The 36h command has been used and will be overwritten by external initialization sequence
I (1700) CST9217: Checkcode: 0x204ECACA
I (1702) CST9217: Resolution X: 480, Y: 480
I (1704) CST9217: Chip Type: 0x9220, ProjectID: 0x542F
I (1704) esp_lvgl:adapter: LVGL adapter initialized successfully
I (1714) esp_lvgl:touch: Touch input device registered successfully (IRQ mode: enabled)
I (1722) esp_lvgl:adapter: LVGL task started successfully
i2c: {sda: 8, scl: 7}
i2s: {mclk: 19, bclk: 20, ws: 22, din: 21, dout: 23}
out: {codec: ES8311, pa: -1, pa_gain: 6, use_mclk: 1, pa_gain: 6}
Codec 0 dir 2 type:1
in: {codec: ES7210}
Codec 1 dir 1 type:2
I (1744) CODEC_INIT: in:1 out:1 port: 1
I (1748) CODEC_INIT: Success to int i2c: 0
I (1753) CODEC_INIT: Init i2s 0 type: 3 mclk:19 bclk:20 ws:22 din:21 dout:23
I (1761) CODEC_INIT: tx:0x4087e698 rx:0x4087e854
W (1766) i2s_tdm: the current mclk multiple is too small, adjust the mclk multiple to 384
I (1775) CODEC_INIT: output init tdm ret 0
W (1779) i2s_common: the rx channel on I2S0 is switched from master to slave for full-duplex mode
W (1789) i2s_tdm: the current mclk multiple is too small, adjust the mclk multiple to 384
W (1798) i2s_tdm: the mclk/bclk ratio 3 is too small for the full-duplex rx slave (min 4), data might be sampled incorrectly, please increase mclk_multiple
I (1813) CODEC_INIT: Input init tdm ret 0
I (1817) CODEC_INIT: Init i2s 0 ok
I (1821) CODEC_INIT: Success to init i2s: 0
I (1826) CODEC_INIT: Success to int i2c: 0
I (1831) CODEC_INIT: Success to init i2s: 0
I (1836) CODEC_INIT: Get out handle 0x4087e698 port 0
I (1846) ES8311: Work in Slave mode
I (1852) ES7210: Work in Slave mode
I (1859) ES7210: Enable ES7210_INPUT_MIC1
I (1861) ES7210: Enable ES7210_INPUT_MIC2
I (1864) ES7210: Enable ES7210_INPUT_MIC3
I (1867) ES7210: Enable ES7210_INPUT_MIC4
I (1871) ES7210: Enable TDM mode
I (1880) I2S_IF: channel mode 2 bits:16/16 channel:2 mask:3
I (1880) I2S_IF: TDM Mode 1 bits:16/16 channel:2 sample_rate:16000 mask:3
I (1901) Adev_Codec: Open codec device OK
I (1901) I2S_IF: channel mode 2 bits:16/16 channel:2 mask:3
I (1901) I2S_IF: TDM Mode 0 bits:16/16 channel:2 sample_rate:16000 mask:3
I (1909) ES7210: Bits 8
I (1918) ES7210: Enable ES7210_INPUT_MIC1
I (1921) ES7210: Enable ES7210_INPUT_MIC2
I (1923) ES7210: Enable ES7210_INPUT_MIC3
I (1928) ES7210: Enable ES7210_INPUT_MIC4
I (1933) ES7210: Enable TDM mode
I (1939) ES7210: Unmuted
I (1939) Adev_Codec: Open codec device OK
I (1942) Adev_Codec: Input already open
I (1946) Adev_Codec: Input already open
I (2129) pp: pp rom version: 5b8dcfa
I (2130) net80211: net80211 rom version: 5b8dcfa
I (2131) wifi:wifi driver task: 4086ec78, prio:23, stack:6656, core=0
I (2140) wifi:wifi firmware version: b9f67df
I (2140) wifi:wifi certification version: v7.0
I (2142) wifi:config NVS flash: enabled
I (2146) wifi:config nano formatting: disabled
I (2150) wifi:mac_version:HAL_MAC_ESP32AX_761,ut_version:N, band mode:0x1
I (2157) wifi:Init data frame dynamic rx buffer num: 32
I (2162) wifi:Init static rx mgmt buffer num: 5
I (2166) wifi:Init management short buffer num: 32
I (2171) wifi:Init static tx buffer num: 16
I (2174) wifi:Init static tx FG buffer num: 2
I (2178) wifi:Init static rx buffer size: 1700 (rxctrl:92, csi:512)
I (2184) wifi:Init static rx buffer num: 10
I (2188) wifi:Init dynamic rx buffer num: 32
I (2193) wifi_init: rx ba win: 6
I (2196) wifi_init: accept mbox: 6
I (2200) wifi_init: tcpip mbox: 32
I (2204) wifi_init: udp mbox: 6
I (2208) wifi_init: tcp mbox: 6
I (2212) wifi_init: tcp tx win: 5760
I (2216) wifi_init: tcp rx win: 5760
I (2220) wifi_init: tcp mss: 1440
I (2224) wifi_init: WiFi IRAM OP enabled
I (2229) wifi_init: WiFi RX IRAM OP enabled
I (2234) wifi_init: WiFi SLP IRAM OP enabled
W (2239) wifi:Password length matches WPA2 standards, authmode threshold changes from OPEN to WPA2
I (2248) phy_init: phy_version 345,552b044,Jul 14 2026,10:37:00
I (2313) phy_init: Saving new calibration data due to checksum failure or outdated calibration data, mode(0)
I (2323) wifi:11ax coex: WDEVAX_PTI0(0x55777555), WDEVAX_PTI1(0x00003377).
I (2324) wifi:mode : sta (20:6e:f1:16:e0:a4)
I (2324) wifi:enable tsf
W (2328) wifi:m f probe req l=0
I (2341) clara_net: Wi-Fi protocols limited to 11b/g/n mask=0x07
I (2342) wifi:Set ps type: 0, coexist: 0
I (2343) clara_c6: Clara UI ready; touch the Clara tile
I (2347) wifi:new:<6,0>, old:<1,0>, ap:<255,255>, sta:<6,0>, prof:1, snd_ch_cfg:0x0
I (2355) wifi:(connect)dot11_authmode:0x3, pairwise_cipher:0x3, group_cipher:0x3
I (2362) wifi:state: init -> auth (0xb0)
W (2365) wifi:m f deauth reason:3
W (2368) wifi:m f auth
I (2376) main_task: Returned from app_main()
I (3371) wifi:state: auth -> init (0x200)
W (3374) clara_net: Wi-Fi disconnected reason=2 retry=1
I (5678) wifi:(connect)dot11_authmode:0x3, pairwise_cipher:0x3, group_cipher:0x3
I (5679) wifi:state: init -> auth (0xb0)
I (5688) wifi:state: auth -> assoc (0x0)
I (5696) wifi:(assoc)RESP, Extended Capabilities length:11, operating_mode_notification:0
I (5697) wifi:(assoc)RESP, Extended Capabilities, MBSSID:0, TWT Responder:0, OBSS Narrow Bandwidth RU In OFDMA Tolerance:0
I (5704) wifi:Extended Capabilities length:11, operating_mode_notification:1
I (5711) wifi:BSS max idle period:291(1000TU), protected keep alive:FALSE
I (5717) wifi:state: assoc -> run (0x10)
I (5721) wifi:(trc)phytype:CBW20-SGI, snr:50, maxRate:144, highestRateIdx:0
W (5728) wifi:(trc)band:2G, phymode:3, highestRateIdx:0, lowestRateIdx:11, dataSchedTableSize:14
I (5736) wifi:(trc)band:2G, rate(S-MCS7, rateIdx:0), ampdu(rate:S-MCS7, schedIdx(0, stop:8)), snr:50, ampduState:wait operational
I (5748) wifi:ifidx:0, rssi:-36, nf:-86, phytype(0x3, CBW20-SGI), phymode(0x3, 11bgn), max_rate:144, he:0, vht:0, ht:1
I (5758) wifi:(ht)max.RxAMPDULenExponent:3(65535 bytes), MMSS:0(no restriction)
I (5777) wifi:connected with LDKJ, aid = 2, channel 6, BW20, bssid = 50:fe:39:e6:47:92
I (5777) wifi:security: WPA2-PSK, phy: bgn, rssi: -36, cipher(pairwise:0x3, group:0x3), pmf:0
I (5783) wifi:pm start, type: 0, twt_start:0
I (5786) wifi:pm start, type:0, aid:0x2, trans-BSSID:50:fe:39:e6:47:92, BSSID[5]:0x92, mbssid(max-indicator:0, index:0), he:0
I (5797) wifi:dp: 1, bi: 102400, li: 3, scale listen interval from 307200 us to 307200 us
I (5805) wifi:set rx beacon pti, rx_bcn_pti: 10, bcn_timeout: 25000, mt_pti: 10, mt_time: 10000
I (5814) wifi:[ADDBA]TX addba request, tid:0, dialogtoken:1, bufsize:64, A-MSDU:0(not supported), policy:1(IMR), ssn:0(0x0)
I (5824) wifi:[ADDBA]TX addba request, tid:7, dialogtoken:2, bufsize:64, A-MSDU:0(not supported), policy:1(IMR), ssn:0(0x20)
I (5835) wifi:[ADDBA]TX addba request, tid:5, dialogtoken:3, bufsize:64, A-MSDU:0(not supported), policy:1(IMR), ssn:0(0x0)
I (5846) wifi:AP's beacon interval = 102400 us, DTIM period = 1
I (5852) wifi:[ADDBA]RX addba response, status:0, tid:0/tb:1(0xa1), bufsize:64, batimeout:0, txa_wnd:8
I (5861) wifi:[ADDBA]RX addba response, status:0, tid:7/tb:1(0xa1), bufsize:64, batimeout:0, txa_wnd:8
I (5870) wifi:[ADDBA]RX addba response, status:0, tid:5/tb:1(0xa1), bufsize:64, batimeout:0, txa_wnd:8
W (5886) wifi:<ba-add>idx:0, ifx:0, tid:0, TAHI:0x1009247, TALO:0xe639fe50, (ssn:0, win:64, cur_ssn:0), CONF:0xc0000005
I (6915) esp_netif_handlers: sta ip: 192.168.31.147, mask: 255.255.255.0, gw: 192.168.31.1
I (6915) clara_net: DHCP DNS main=192.168.31.1
I (10343) clara_c6: Boot network self-test begin
I (10343) clara_net: Create session URL ready=1
I (10343) clara_net: HTTP before init free8=14896 largest8=10496 free_internal=14896 largest_internal=10496
W (10358) wifi:<ba-add>idx:1, ifx:0, tid:6, TAHI:0x1009247, TALO:0xe639fe50, (ssn:2, win:64, cur_ssn:2), CONF:0xc0006005
I (20962) wifi:bcn_timeout,ap_probe_send_start
W (20962) wifi:m f probe req l=0
W (20963) wifi:m f null
W (21463) wifi:m f probe req l=0
W (21963) wifi:m f probe req l=0
W (22463) wifi:m f probe req l=0
W (22964) wifi:m f probe req l=0
I (23464) wifi:ap_probe_send over, reset wifi status to disassoc
I (23464) wifi:state: run -> init (0xc800)
W (23466) wifi:m f disassoc
I (23466) wifi:teardown, set twt_inactive_time_secs:6, sp_count:0
I (23471) wifi:pm stop, total sleep time: 0 us / 17674072 us
I (23477) wifi:<ba-del>idx:0, tid:0
I (23480) wifi:<ba-del>idx:1, tid:6
W (23486) clara_net: Wi-Fi disconnected reason=200 retry=1
I (23495) wifi:(connect)dot11_authmode:0x3, pairwise_cipher:0x3, group_cipher:0x3
I (23496) wifi:state: init -> auth (0xb0)
E (23503) esp-tls-mbedtls: mbedtls_ssl_handshake returned -0x004C
I (23506) wifi:state: auth -> assoc (0x0)
E (23511) esp-tls: Failed to open new connection
E (23516) transport_base: Failed to open a new connection
I (23522) wifi:(assoc)RESP, Extended Capabilities length:11, operating_mode_notification:0
I (23530) wifi:(assoc)RESP, Extended Capabilities, MBSSID:0, TWT Responder:0, OBSS Narrow Bandwidth RU In OFDMA Tolerance:0
I (23541) wifi:Extended Capabilities length:11, operating_mode_notification:1
I (23548) wifi:BSS max idle period:291(1000TU), protected keep alive:FALSE
I (23554) wifi:state: assoc -> run (0x10)
I (23558) wifi:(trc)phytype:CBW20-SGI, snr:52, maxRate:144, highestRateIdx:0
W (23565) wifi:(trc)band:2G, phymode:3, highestRateIdx:0, lowestRateIdx:11, dataSchedTableSize:14
I (23573) wifi:(trc)band:2G, rate(S-MCS7, rateIdx:0), ampdu(rate:S-MCS7, schedIdx(0, stop:8)), snr:52, ampduState:wait operational
I (23585) wifi:ifidx:0, rssi:-33, nf:-85, phytype(0x3, CBW20-SGI), phymode(0x3, 11bgn), max_rate:144, he:0, vht:0, ht:1
I (23595) wifi:(ht)max.RxAMPDULenExponent:3(65535 bytes), MMSS:0(no restriction)
E (23605) HTTP_CLIENT: Connection failed, sock < 0
I (23608) clara_net: HTTP response status=0 bytes=0 truncated=0
I (23613) wifi:connected with LDKJ, aid = 2, channel 6, BW20, bssid = 50:fe:39:e6:47:92
I (23622) wifi:security: WPA2-PSK, phy: bgn, rssi: -33, cipher(pairwise:0x3, group:0x3), pmf:0
I (23632) wifi:pm start, type: 0, twt_start:0
I (23635) wifi:pm start, type:0, aid:0x2, trans-BSSID:50:fe:39:e6:47:92, BSSID[5]:0x92, mbssid(max-indicator:0, index:0), he:0
I (23646) wifi:set rx beacon pti, rx_bcn_pti: 10, bcn_timeout: 25000, mt_pti: 10, mt_time: 10000
I (23655) wifi:[ADDBA]TX addba request, tid:0, dialogtoken:4, bufsize:64, A-MSDU:0(not supported), policy:1(IMR), ssn:0(0x0)
I (23666) wifi:[ADDBA]TX addba request, tid:7, dialogtoken:5, bufsize:64, A-MSDU:0(not supported), policy:1(IMR), ssn:0(0x20)
I (23677) wifi:[ADDBA]TX addba request, tid:5, dialogtoken:6, bufsize:64, A-MSDU:0(not supported), policy:1(IMR), ssn:0(0x0)
W (23687) wifi:mem fail
I (23690) wifi:AP's beacon interval = 102400 us, DTIM period = 1
I (23696) wifi:[ADDBA]RX addba response, status:0, tid:0/tb:1(0xa1), bufsize:64, batimeout:0, txa_wnd:8
I (23705) wifi:[ADDBA]RX addba response, status:0, tid:7/tb:1(0xa1), bufsize:64, batimeout:0, txa_wnd:8
W (23715) clara_net: HTTP request failed err=28674 status=0 tls=76 flags=0x0
W (23721) wifi:<ba-add>idx:0, ifx:0, tid:0, TAHI:0x1009247, TALO:0xe639fe50, (ssn:0, win:64, cur_ssn:0), CONF:0xc0000005
I (23733) clara_c6: Network error  •  check Wi-Fi/API
I (23738) clara_c6: Boot network self-test session err=28674
I (24758) esp_netif_handlers: sta ip: 192.168.31.147, mask: 255.255.255.0, gw: 192.168.31.1
I (24758) clara_net: DHCP DNS main=192.168.31.1
W (28926) wifi:<ba-add>idx:1, ifx:0, tid:6, TAHI:0x1009247, TALO:0xe639fe50, (ssn:2, win:64, cur_ssn:2), CONF:0xc0006005
