I (396) esp_image: segment 3: paddr=00195e6c vaddr=4080befc size=2d680h (185984) load
I (437) esp_image: segment 4: paddr=001c34f4 vaddr=40839580 size=03e28h ( 15912) load
I (454) boot: Loaded app from partition at offset 0x10000
I (454) boot: Disabling RNG early entropy source...
I (464) cpu_start: Unicore app
I (473) cpu_start: GPIO 17 and 16 are used as console UART I/O pins
I (473) cpu_start: Pro cpu start user code
I (473) cpu_start: cpu freq: 160000000 Hz
I (478) app_init: Application information:
I (483) app_init: Project name:     Clara_C6
I (488) app_init: App version:      4b9bf00-dirty
I (493) app_init: Compile time:     Aug 25 2026 18:52:28
I (499) app_init: ELF file SHA256:  165a27cb68f5e66b...
I (505) app_init: ESP-IDF:          1a1a5aa6-dirty
I (510) efuse_init: Min chip rev:     v0.0
I (515) efuse_init: Max chip rev:     v0.99 
I (520) efuse_init: Chip rev:         v0.2
I (525) heap_init: Initializing. RAM available for dynamic allocation:
I (532) heap_init: At 40853C60 len 000289B0 (162 KiB): RAM
I (538) heap_init: At 4087C610 len 00002F54 (11 KiB): RAM
I (544) heap_init: At 50000000 len 00003FE8 (15 KiB): RTCRAM
I (551) spi_flash: detected chip: generic
I (555) spi_flash: flash io: dio
I (560) sleep_gpio: Configure to isolate all GPIO pins in sleep state
I (566) sleep_gpio: Enable automatic switching of GPIO sleep configuration
I (584) main_task: Started on CPU0
I (587) main_task: Calling app_main()
I (592) clara_c6: Clara C6 starting
I (607) axp2101: Init PMU SUCCESS!
I (613) DisplayPort: SPI BUS init
I (614) DisplayPort: Install panel IO
I (614) sh8601: LCD panel create success, version: 1.0.0
W (1517) sh8601: The 3Ah command has been used and will be overwritten by external initialization sequence
W (1517) sh8601: The 36h command has been used and will be overwritten by external initialization sequence
I (1701) CST9217: Checkcode: 0x204ECACA
I (1703) CST9217: Resolution X: 480, Y: 480
I (1705) CST9217: Chip Type: 0x9220, ProjectID: 0x542F
I (1705) esp_lvgl:adapter: LVGL adapter initialized successfully
I (1715) esp_lvgl:touch: Touch input device registered successfully (IRQ mode: enabled)
I (1723) esp_lvgl:adapter: LVGL task started successfully
i2c: {sda: 8, scl: 7}
i2s: {mclk: 19, bclk: 20, ws: 22, din: 21, dout: 23}
out: {codec: ES8311, pa: -1, pa_gain: 6, use_mclk: 1, pa_gain: 6}
Codec 0 dir 2 type:1
in: {codec: ES7210}
Codec 1 dir 1 type:2
I (1745) CODEC_INIT: in:1 out:1 port: 1
I (1749) CODEC_INIT: Success to int i2c: 0
I (1754) CODEC_INIT: Init i2s 0 type: 3 mclk:19 bclk:20 ws:22 din:21 dout:23
I (1762) CODEC_INIT: tx:0x4087e698 rx:0x4087e854
W (1767) i2s_tdm: the current mclk multiple is too small, adjust the mclk multiple to 384
I (1776) CODEC_INIT: output init tdm ret 0
W (1780) i2s_common: the rx channel on I2S0 is switched from master to slave for full-duplex mode
W (1790) i2s_tdm: the current mclk multiple is too small, adjust the mclk multiple to 384
W (1799) i2s_tdm: the mclk/bclk ratio 3 is too small for the full-duplex rx slave (min 4), data might be sampled incorrectly, please increase mclk_multiple
I (1814) CODEC_INIT: Input init tdm ret 0
I (1818) CODEC_INIT: Init i2s 0 ok
I (1822) CODEC_INIT: Success to init i2s: 0
I (1827) CODEC_INIT: Success to int i2c: 0
I (1832) CODEC_INIT: Success to init i2s: 0
I (1837) CODEC_INIT: Get out handle 0x4087e698 port 0
I (1848) ES8311: Work in Slave mode
I (1853) ES7210: Work in Slave mode
I (1860) ES7210: Enable ES7210_INPUT_MIC1
I (1862) ES7210: Enable ES7210_INPUT_MIC2
I (1865) ES7210: Enable ES7210_INPUT_MIC3
I (1868) ES7210: Enable ES7210_INPUT_MIC4
I (1872) ES7210: Enable TDM mode
I (1881) I2S_IF: channel mode 2 bits:16/16 channel:2 mask:3
I (1881) I2S_IF: TDM Mode 1 bits:16/16 channel:2 sample_rate:16000 mask:3
I (1902) Adev_Codec: Open codec device OK
I (1902) I2S_IF: channel mode 2 bits:16/16 channel:2 mask:3
I (1902) I2S_IF: TDM Mode 0 bits:16/16 channel:2 sample_rate:16000 mask:3
I (1910) ES7210: Bits 8
I (1919) ES7210: Enable ES7210_INPUT_MIC1
I (1921) ES7210: Enable ES7210_INPUT_MIC2
I (1924) ES7210: Enable ES7210_INPUT_MIC3
I (1929) ES7210: Enable ES7210_INPUT_MIC4
I (1934) ES7210: Enable TDM mode
I (1940) ES7210: Unmuted
I (1940) Adev_Codec: Open codec device OK
I (1943) Adev_Codec: Input already open
I (1947) Adev_Codec: Input already open
I (2129) pp: pp rom version: 5b8dcfa
I (2130) net80211: net80211 rom version: 5b8dcfa
I (2131) wifi:wifi driver task: 4086ec78, prio:23, stack:6656, core=0
I (2140) wifi:wifi firmware version: b9f67df
I (2140) wifi:wifi certification version: v7.0
I (2142) wifi:config NVS flash: enabled
I (2146) wifi:config nano formatting: disabled
I (2150) wifi:mac_version:HAL_MAC_ESP32AX_761,ut_version:N, band mode:0x1
I (2157) wifi:Init data frame dynamic rx buffer num: 16
I (2161) wifi:Init static rx mgmt buffer num: 5
I (2165) wifi:Init management short buffer num: 32
I (2170) wifi:Init static tx buffer num: 16
I (2174) wifi:Init static tx FG buffer num: 2
I (2178) wifi:Init static rx buffer size: 1700 (rxctrl:92, csi:512)
I (2184) wifi:Init static rx buffer num: 10
I (2188) wifi:Init dynamic rx buffer num: 16
I (2193) wifi_init: rx ba win: 6
I (2196) wifi_init: accept mbox: 6
I (2200) wifi_init: tcpip mbox: 32
I (2204) wifi_init: udp mbox: 6
I (2208) wifi_init: tcp mbox: 6
I (2212) wifi_init: tcp tx win: 5760
I (2216) wifi_init: tcp rx win: 5760
I (2220) wifi_init: tcp mss: 1440
I (2224) wifi_init: WiFi IRAM OP enabled
I (2229) wifi_init: WiFi RX IRAM OP enabled
I (2233) wifi_init: WiFi SLP IRAM OP enabled
W (2239) wifi:Password length matches WPA2 standards, authmode threshold changes from OPEN to WPA2
I (2248) phy_init: phy_version 345,552b044,Jul 14 2026,10:37:00
I (2316) wifi:11ax coex: WDEVAX_PTI0(0x55777555), WDEVAX_PTI1(0x00003377).
I (2317) wifi:mode : sta (20:6e:f1:16:e0:a4)
I (2317) wifi:enable tsf
W (2321) wifi:m f probe req l=0
I (2335) clara_net: Wi-Fi protocols limited to 11b/g/n mask=0x07
I (2335) wifi:Set ps type: 0, coexist: 0
I (2336) clara_c6: Clara UI ready; touch the Clara tile
I (2340) main_task: Returned from app_main()
W (4729) clara_net: Wi-Fi disconnected reason=201 retry=1
W (7138) clara_net: Wi-Fi disconnected reason=201 retry=2
W (9545) clara_net: Wi-Fi disconnected reason=201 retry=3
I (10336) clara_c6: Boot network self-test begin
W (10336) wifi:sta_scan: STA is connecting, scan are not allowed!
W (10336) clara_net: Wi-Fi scan start err=12294
E (10341) wifi:sta is connecting, return error
W (11953) clara_net: Wi-Fi disconnected reason=201 retry=1
W (14361) clara_net: Wi-Fi disconnected reason=201 retry=2
W (16769) clara_net: Wi-Fi disconnected reason=201 retry=3
W (19177) clara_net: Wi-Fi disconnected reason=201 retry=4
W (21584) clara_net: Wi-Fi disconnected reason=201 retry=5
W (23992) clara_net: Wi-Fi disconnected reason=201 retry=6
W (25346) clara_c6: Boot network self-test Wi-Fi unavailable
W (26400) clara_net: Wi-Fi disconnected reason=201 retry=7
W (28808) clara_net: Wi-Fi disconnected reason=201 retry=8
W (31215) clara_net: Wi-Fi disconnected reason=201 retry=8
