I (396) esp_image: segment 3: paddr=00195e80 vaddr=4080befc size=2d680h (185984) load
I (436) esp_image: segment 4: paddr=001c3508 vaddr=40839580 size=03e28h ( 15912) load
I (453) boot: Loaded app from partition at offset 0x10000
I (454) boot: Disabling RNG early entropy source...
I (464) cpu_start: Unicore app
I (472) cpu_start: GPIO 17 and 16 are used as console UART I/O pins
I (473) cpu_start: Pro cpu start user code
I (473) cpu_start: cpu freq: 160000000 Hz
I (477) app_init: Application information:
I (482) app_init: Project name:     Clara_C6
I (487) app_init: App version:      4b9bf00-dirty
I (492) app_init: Compile time:     Aug 25 2026 18:52:28
I (498) app_init: ELF file SHA256:  79c58a04a6b0b0ef...
I (504) app_init: ESP-IDF:          1a1a5aa6-dirty
I (510) efuse_init: Min chip rev:     v0.0
I (515) efuse_init: Max chip rev:     v0.99 
I (520) efuse_init: Chip rev:         v0.2
I (524) heap_init: Initializing. RAM available for dynamic allocation:
I (532) heap_init: At 40853C60 len 000289B0 (162 KiB): RAM
I (538) heap_init: At 4087C610 len 00002F54 (11 KiB): RAM
I (544) heap_init: At 50000000 len 00003FE8 (15 KiB): RTCRAM
I (551) spi_flash: detected chip: generic
I (555) spi_flash: flash io: dio
I (559) sleep_gpio: Configure to isolate all GPIO pins in sleep state
I (566) sleep_gpio: Enable automatic switching of GPIO sleep configuration
I (584) main_task: Started on CPU0
I (587) main_task: Calling app_main()
I (592) clara_c6: Clara C6 starting
I (607) axp2101: Init PMU SUCCESS!
I (613) DisplayPort: SPI BUS init
I (613) DisplayPort: Install panel IO
I (614) sh8601: LCD panel create success, version: 1.0.0
W (1517) sh8601: The 3Ah command has been used and will be overwritten by external initialization sequence
W (1517) sh8601: The 36h command has been used and will be overwritten by external initialization sequence
I (1701) CST9217: Checkcode: 0x204ECACA
I (1703) CST9217: Resolution X: 480, Y: 480
I (1705) CST9217: Chip Type: 0x9220, ProjectID: 0x542F
I (1705) esp_lvgl:adapter: LVGL adapter initialized successfully
I (1715) esp_lvgl:touch: Touch input device registered successfully (IRQ mode: enabled)
I (1723) esp_lvgl:adapter: LVGL task started successfully
i2c: {sda: 8, scl: 7}
i2s: {mclk: 19, bclk: 20, ws: 22, din: 21, dout: 23}
out: {codec: ES8311, pa: -1, pa_gain: 6, use_mclk: 1, pa_gain: 6}
Codec 0 dir 2 type:1
in: {codec: ES7210}
Codec 1 dir 1 type:2
I (1745) CODEC_INIT: in:1 out:1 port: 1
I (1749) CODEC_INIT: Success to int i2c: 0
I (1754) CODEC_INIT: Init i2s 0 type: 3 mclk:19 bclk:20 ws:22 din:21 dout:23
I (1762) CODEC_INIT: tx:0x4087e698 rx:0x4087e854
W (1767) i2s_tdm: the current mclk multiple is too small, adjust the mclk multiple to 384
I (1776) CODEC_INIT: output init tdm ret 0
W (1780) i2s_common: the rx channel on I2S0 is switched from master to slave for full-duplex mode
W (1790) i2s_tdm: the current mclk multiple is too small, adjust the mclk multiple to 384
W (1799) i2s_tdm: the mclk/bclk ratio 3 is too small for the full-duplex rx slave (min 4), data might be sampled incorrectly, please increase mclk_multiple
I (1814) CODEC_INIT: Input init tdm ret 0
I (1818) CODEC_INIT: Init i2s 0 ok
I (1822) CODEC_INIT: Success to init i2s: 0
I (1827) CODEC_INIT: Success to int i2c: 0
I (1832) CODEC_INIT: Success to init i2s: 0
I (1837) CODEC_INIT: Get out handle 0x4087e698 port 0
I (1847) ES8311: Work in Slave mode
I (1853) ES7210: Work in Slave mode
I (1860) ES7210: Enable ES7210_INPUT_MIC1
I (1862) ES7210: Enable ES7210_INPUT_MIC2
I (1865) ES7210: Enable ES7210_INPUT_MIC3
I (1868) ES7210: Enable ES7210_INPUT_MIC4
I (1872) ES7210: Enable TDM mode
I (1881) I2S_IF: channel mode 2 bits:16/16 channel:2 mask:3
I (1881) I2S_IF: TDM Mode 1 bits:16/16 channel:2 sample_rate:16000 mask:3
I (1901) Adev_Codec: Open codec device OK
I (1902) I2S_IF: channel mode 2 bits:16/16 channel:2 mask:3
I (1902) I2S_IF: TDM Mode 0 bits:16/16 channel:2 sample_rate:16000 mask:3
I (1910) ES7210: Bits 8
I (1919) ES7210: Enable ES7210_INPUT_MIC1
I (1921) ES7210: Enable ES7210_INPUT_MIC2
I (1924) ES7210: Enable ES7210_INPUT_MIC3
I (1929) ES7210: Enable ES7210_INPUT_MIC4
I (1934) ES7210: Enable TDM mode
I (1940) ES7210: Unmuted
I (1940) Adev_Codec: Open codec device OK
I (1943) Adev_Codec: Input already open
I (1947) Adev_Codec: Input already open
I (2131) pp: pp rom version: 5b8dcfa
I (2131) net80211: net80211 rom version: 5b8dcfa
I (2133) wifi:wifi driver task: 4086ec78, prio:23, stack:6656, core=0
I (2142) wifi:wifi firmware version: b9f67df
I (2142) wifi:wifi certification version: v7.0
I (2144) wifi:config NVS flash: enabled
I (2147) wifi:config nano formatting: disabled
I (2151) wifi:mac_version:HAL_MAC_ESP32AX_761,ut_version:N, band mode:0x1
I (2158) wifi:Init data frame dynamic rx buffer num: 16
I (2163) wifi:Init static rx mgmt buffer num: 5
I (2167) wifi:Init management short buffer num: 32
I (2172) wifi:Init static tx buffer num: 16
I (2176) wifi:Init static tx FG buffer num: 2
I (2180) wifi:Init static rx buffer size: 1700 (rxctrl:92, csi:512)
I (2186) wifi:Init static rx buffer num: 10
I (2189) wifi:Init dynamic rx buffer num: 16
I (2194) wifi_init: rx ba win: 6
I (2197) wifi_init: accept mbox: 6
I (2201) wifi_init: tcpip mbox: 32
I (2206) wifi_init: udp mbox: 6
I (2209) wifi_init: tcp mbox: 6
I (2213) wifi_init: tcp tx win: 5760
I (2217) wifi_init: tcp rx win: 5760
I (2222) wifi_init: tcp mss: 1440
I (2226) wifi_init: WiFi IRAM OP enabled
I (2230) wifi_init: WiFi RX IRAM OP enabled
I (2235) wifi_init: WiFi SLP IRAM OP enabled
W (2241) wifi:Password length matches WPA2 standards, authmode threshold changes from OPEN to WPA2
I (2249) phy_init: phy_version 345,552b044,Jul 14 2026,10:37:00
I (2317) phy_init: Saving new calibration data due to checksum failure or outdated calibration data, mode(0)
I (2344) wifi:11ax coex: WDEVAX_PTI0(0x55777555), WDEVAX_PTI1(0x00003377).
I (2345) wifi:mode : sta (20:6e:f1:16:e0:a4)
I (2345) wifi:enable tsf
W (2349) wifi:m f probe req l=0
I (2363) clara_net: Wi-Fi protocols limited to 11b/g/n mask=0x07
I (2363) wifi:Set ps type: 0, coexist: 0
I (2364) clara_c6: Clara UI ready; touch the Clara tile
I (2368) main_task: Returned from app_main()
W (4757) clara_net: Wi-Fi disconnected reason=201 retry=1
W (7165) clara_net: Wi-Fi disconnected reason=201 retry=2
W (9572) clara_net: Wi-Fi disconnected reason=201 retry=3
I (10364) clara_c6: Boot network self-test begin
E (10364) wifi:sta is connecting, return error
W (11980) clara_net: Wi-Fi disconnected reason=201 retry=1
W (14388) clara_net: Wi-Fi disconnected reason=201 retry=2
W (16795) clara_net: Wi-Fi disconnected reason=201 retry=3
W (19203) clara_net: Wi-Fi disconnected reason=201 retry=4
W (21610) clara_net: Wi-Fi disconnected reason=201 retry=5
W (24018) clara_net: Wi-Fi disconnected reason=201 retry=6
W (25365) clara_c6: Boot network self-test Wi-Fi unavailable
W (26426) clara_net: Wi-Fi disconnected reason=201 retry=7
W (28833) clara_net: Wi-Fi disconnected reason=201 retry=8
W (31240) clara_net: Wi-Fi disconnected reason=201 retry=8
I (38166) clara_net: Wi-Fi scan found 17 AP(s)
I (38166) clara_net: scan[0] ssid="" rssi=-31 ch=6 auth=3
I (38167) clara_net: scan[1] ssid="LDKJ" rssi=-33 ch=6 auth=3
I (38173) clara_net: scan[2] ssid="oxygen‘s iPhone" rssi=-35 ch=6 auth=3
I (38181) clara_net: scan[3] ssid="Be_my_guest" rssi=-46 ch=1 auth=4
I (38188) clara_net: scan[4] ssid="USYDer" rssi=-48 ch=1 auth=4
I (38194) clara_net: scan[5] ssid="henlyn-ai" rssi=-56 ch=6 auth=3
I (38201) clara_net: scan[6] ssid="TP-LINK_84D2" rssi=-57 ch=11 auth=4
I (38208) clara_net: scan[7] ssid="" rssi=-61 ch=11 auth=4
I (38214) clara_net: scan[8] ssid="I-CUBE" rssi=-65 ch=1 auth=0
I (38221) clara_net: scan[9] ssid="CU_g8jn" rssi=-68 ch=11 auth=4
I (38228) clara_net: scan[10] ssid="AMICROVIP" rssi=-70 ch=13 auth=4
I (38235) clara_net: scan[11] ssid="HLSEMI_Wi-Fi5" rssi=-72 ch=11 auth=3
I (38242) clara_net: scan[12] ssid="ChinaNet-6xVX" rssi=-73 ch=1 auth=4
I (38249) clara_net: scan[13] ssid="HLSEMI" rssi=-74 ch=11 auth=3
I (38256) clara_net: scan[14] ssid="Maprody" rssi=-78 ch=11 auth=3
I (38263) clara_net: scan[15] ssid="Maprody_Guest" rssi=-79 ch=11 auth=3
I (38270) clara_net: scan[16] ssid="DCW1550_DB9C" rssi=-83 ch=6 auth=4
