I (378) esp_image: segment 3: paddr=0017e238 vaddr=40800634 size=38f48h (233288) load
I (429) esp_image: segment 4: paddr=001b7188 vaddr=40839580 size=03e20h ( 15904) load
I (446) boot: Loaded app from partition at offset 0x10000
I (447) boot: Disabling RNG early entropy source...
I (457) cpu_start: Unicore app
I (465) cpu_start: GPIO 17 and 16 are used as console UART I/O pins
I (466) cpu_start: Pro cpu start user code
I (466) cpu_start: cpu freq: 160000000 Hz
I (470) app_init: Application information:
I (475) app_init: Project name:     Clara_C6
I (480) app_init: App version:      4b9bf00-dirty
I (485) app_init: Compile time:     Aug 25 2026 21:43:43
I (491) app_init: ELF file SHA256:  cef0019807999390...
I (497) app_init: ESP-IDF:          1a1a5aa6-dirty
I (503) efuse_init: Min chip rev:     v0.0
I (507) efuse_init: Max chip rev:     v0.99 
I (512) efuse_init: Chip rev:         v0.2
I (517) heap_init: Initializing. RAM available for dynamic allocation:
I (524) heap_init: At 4084F620 len 0002CFF0 (179 KiB): RAM
I (531) heap_init: At 4087C610 len 00002F54 (11 KiB): RAM
I (537) heap_init: At 50000000 len 00003FE8 (15 KiB): RTCRAM
I (544) spi_flash: detected chip: generic
I (548) spi_flash: flash io: dio
I (552) sleep_gpio: Configure to isolate all GPIO pins in sleep state
I (559) sleep_gpio: Enable automatic switching of GPIO sleep configuration
I (577) main_task: Started on CPU0
I (580) main_task: Calling app_main()
I (585) clara_c6: Clara C6 starting
I (600) axp2101: Init PMU SUCCESS!
I (606) DisplayPort: SPI BUS init
I (606) DisplayPort: Install panel IO
I (607) sh8601: LCD panel create success, version: 1.0.0
W (1510) sh8601: The 3Ah command has been used and will be overwritten by external initialization sequence
W (1510) sh8601: The 36h command has been used and will be overwritten by external initialization sequence
I (1694) CST9217: Checkcode: 0x204ECACA
I (1696) CST9217: Resolution X: 480, Y: 480
I (1698) CST9217: Chip Type: 0x9220, ProjectID: 0x542F
I (1698) esp_lvgl:adapter: LVGL adapter initialized successfully
I (1708) esp_lvgl:touch: Touch input device registered successfully (IRQ mode: enabled)
I (1716) esp_lvgl:adapter: LVGL task started successfully
i2c: {sda: 8, scl: 7}
i2s: {mclk: 19, bclk: 20, ws: 22, din: 21, dout: 23}
out: {codec: ES8311, pa: -1, pa_gain: 6, use_mclk: 1, pa_gain: 6}
Codec 0 dir 2 type:1
in: {codec: ES7210}
Codec 1 dir 1 type:2
I (1738) CODEC_INIT: in:1 out:1 port: 1
I (1742) CODEC_INIT: Success to int i2c: 0
I (1748) CODEC_INIT: Init i2s 0 type: 3 mclk:19 bclk:20 ws:22 din:21 dout:23
I (1755) CODEC_INIT: tx:0x4087e71c rx:0x4087e8d8
W (1760) i2s_tdm: the current mclk multiple is too small, adjust the mclk multiple to 384
I (1769) CODEC_INIT: output init tdm ret 0
W (1773) i2s_common: the rx channel on I2S0 is switched from master to slave for full-duplex mode
W (1783) i2s_tdm: the current mclk multiple is too small, adjust the mclk multiple to 384
W (1792) i2s_tdm: the mclk/bclk ratio 3 is too small for the full-duplex rx slave (min 4), data might be sampled incorrectly, please increase mclk_multiple
I (1807) CODEC_INIT: Input init tdm ret 0
I (1811) CODEC_INIT: Init i2s 0 ok
I (1815) CODEC_INIT: Success to init i2s: 0
I (1820) CODEC_INIT: Success to int i2c: 0
I (1825) CODEC_INIT: Success to init i2s: 0
I (1830) CODEC_INIT: Get out handle 0x4087e71c port 0
I (1841) ES8311: Work in Slave mode
I (1846) ES7210: Work in Slave mode
I (1853) ES7210: Enable ES7210_INPUT_MIC1
I (1855) ES7210: Enable ES7210_INPUT_MIC2
I (1858) ES7210: Enable ES7210_INPUT_MIC3
I (1861) ES7210: Enable ES7210_INPUT_MIC4
I (1865) ES7210: Enable TDM mode
I (1874) I2S_IF: channel mode 2 bits:16/16 channel:2 mask:3
I (1874) I2S_IF: TDM Mode 1 bits:16/16 channel:2 sample_rate:16000 mask:3
I (1894) Adev_Codec: Open codec device OK
I (1895) I2S_IF: channel mode 2 bits:16/16 channel:2 mask:3
I (1895) I2S_IF: TDM Mode 0 bits:16/16 channel:2 sample_rate:16000 mask:3
I (1903) ES7210: Bits 8
I (1912) ES7210: Enable ES7210_INPUT_MIC1
I (1914) ES7210: Enable ES7210_INPUT_MIC2
I (1917) ES7210: Enable ES7210_INPUT_MIC3
I (1922) ES7210: Enable ES7210_INPUT_MIC4
I (1927) ES7210: Enable TDM mode
I (1933) ES7210: Unmuted
I (1933) Adev_Codec: Open codec device OK
I (1936) Adev_Codec: Input already open
I (1940) Adev_Codec: Input already open
I (2121) pp: pp rom version: 5b8dcfa
I (2122) net80211: net80211 rom version: 5b8dcfa
I (2123) wifi:wifi driver task: 4086a5f4, prio:23, stack:6656, core=0
I (2132) wifi:wifi firmware version: b9f67df
I (2132) wifi:wifi certification version: v7.0
I (2134) wifi:config NVS flash: enabled
I (2137) wifi:config nano formatting: disabled
I (2142) wifi:mac_version:HAL_MAC_ESP32AX_761,ut_version:N, band mode:0x1
I (2149) wifi:Init data frame dynamic rx buffer num: 16
I (2153) wifi:Init static rx mgmt buffer num: 5
I (2157) wifi:Init management short buffer num: 32
I (2162) wifi:Init static tx buffer num: 16
I (2166) wifi:Init static tx FG buffer num: 2
I (2170) wifi:Init static rx buffer size: 1700 (rxctrl:92, csi:512)
I (2176) wifi:Init static rx buffer num: 10
I (2180) wifi:Init dynamic rx buffer num: 16
I (2185) wifi_init: accept mbox: 6
I (2188) wifi_init: tcpip mbox: 32
I (2192) wifi_init: udp mbox: 6
I (2196) wifi_init: tcp mbox: 6
I (2200) wifi_init: tcp tx win: 5760
I (2204) wifi_init: tcp rx win: 5760
I (2208) wifi_init: tcp mss: 1240
I (2212) wifi_init: WiFi IRAM OP enabled
I (2217) wifi_init: WiFi RX IRAM OP enabled
I (2222) wifi_init: WiFi SLP IRAM OP enabled
W (2227) wifi:Password length matches WPA2 standards, authmode threshold changes from OPEN to WPA2
I (2236) phy_init: phy_version 345,552b044,Jul 14 2026,10:37:00
I (2305) wifi:11ax coex: WDEVAX_PTI0(0x55777555), WDEVAX_PTI1(0x00003377).
I (2306) wifi:mode : sta (20:6e:f1:16:e0:a4)
I (2306) wifi:enable tsf
I (2319) wifi:new:<6,0>, old:<1,0>, ap:<255,255>, sta:<6,0>, prof:1, snd_ch_cfg:0x0
I (2320) wifi:(connect)dot11_authmode:0x3, pairwise_cipher:0x3, group_cipher:0x3
I (2323) wifi:state: init -> auth (0xb0)
I (2335) clara_net: Wi-Fi protocols limited to 11b/g/n mask=0x07
I (2336) wifi:Set ps type: 0, coexist: 0
I (2338) clara_c6: Clara UI ready; touch the Clara tile
I (2342) wifi:state: auth -> assoc (0x0)
I (2352) main_task: Returned from app_main()
I (2361) wifi:(assoc)RESP, Extended Capabilities length:11, operating_mode_notification:0
I (2362) wifi:(assoc)RESP, Extended Capabilities, MBSSID:0, TWT Responder:0, OBSS Narrow Bandwidth RU In OFDMA Tolerance:0
I (2370) wifi:Extended Capabilities length:11, operating_mode_notification:1
I (2378) wifi:BSS max idle period:291(1000TU), protected keep alive:FALSE
I (2384) wifi:state: assoc -> run (0x10)
I (2388) wifi:(trc)phytype:CBW20-SGI, snr:53, maxRate:144, highestRateIdx:0
W (2394) wifi:(trc)band:2G, phymode:3, highestRateIdx:0, lowestRateIdx:11, dataSchedTableSize:14
I (2403) wifi:(trc)band:2G, rate(S-MCS7, rateIdx:0), ampdu(rate:S-MCS7, schedIdx(0, stop:8)), snr:53, ampduState:wait operational
I (2414) wifi:ifidx:0, rssi:-32, nf:-85, phytype(0x3, CBW20-SGI), phymode(0x3, 11bgn), max_rate:144, he:0, vht:0, ht:1
I (2424) wifi:(ht)max.RxAMPDULenExponent:3(65535 bytes), MMSS:0(no restriction)
I (2447) wifi:connected with LDKJ, aid = 5, channel 6, BW20, bssid = 50:fe:39:e6:47:92
I (2448) wifi:security: WPA2-PSK, phy: bgn, rssi: -32, cipher(pairwise:0x3, group:0x3), pmf:0
I (2454) wifi:pm start, type: 0, twt_start:0
I (2456) wifi:pm start, type:0, aid:0x5, trans-BSSID:50:fe:39:e6:47:92, BSSID[5]:0x92, mbssid(max-indicator:0, index:0), he:0
I (2467) wifi:dp: 1, bi: 102400, li: 3, scale listen interval from 307200 us to 307200 us
I (2475) wifi:set rx beacon pti, rx_bcn_pti: 10, bcn_timeout: 25000, mt_pti: 10, mt_time: 10000
I (2539) wifi:AP's beacon interval = 102400 us, DTIM period = 1
I (3512) esp_netif_handlers: sta ip: 192.168.31.147, mask: 255.255.255.0, gw: 192.168.31.1
I (3512) clara_net: DHCP DNS main=192.168.31.1
I (10338) clara_c6: Boot network self-test begin
I (14038) clara_net: Wi-Fi scan found 16 AP(s)
I (14038) clara_net: scan[0] ssid="LDKJ" rssi=-32 ch=6 auth=3
I (14039) clara_net: scan[1] ssid="" rssi=-32 ch=6 auth=3
I (14045) clara_net: scan[2] ssid="USYDer" rssi=-55 ch=1 auth=4
I (14051) clara_net: scan[3] ssid="Be_my_guest" rssi=-55 ch=1 auth=4
I (14058) clara_net: scan[4] ssid="" rssi=-55 ch=11 auth=4
I (14064) clara_net: scan[5] ssid="TP-LINK_84D2" rssi=-56 ch=11 auth=4
I (14072) clara_net: scan[6] ssid="henlyn-ai" rssi=-58 ch=6 auth=3
I (14078) clara_net: scan[7] ssid="CU_g8jn" rssi=-62 ch=11 auth=4
I (14085) clara_net: scan[8] ssid="TO-Tech-2.4G-2680" rssi=-63 ch=9 auth=4
I (14093) clara_net: scan[9] ssid="I-CUBE" rssi=-67 ch=1 auth=0
I (14099) clara_net: scan[10] ssid="AMICROVIP" rssi=-71 ch=13 auth=4
I (14106) clara_net: scan[11] ssid="SHQJZY" rssi=-76 ch=6 auth=4
I (14113) clara_net: scan[12] ssid="ChinaNet-6xVX" rssi=-77 ch=1 auth=4
I (14120) clara_net: scan[13] ssid="MolPE" rssi=-79 ch=1 auth=4
I (14127) clara_net: scan[14] ssid="Phasecom" rssi=-80 ch=10 auth=3
I (14134) clara_net: scan[15] ssid="DCW1550_DB9C" rssi=-82 ch=6 auth=4
I (14159) clara_net: diag dns clare.vinex.top -> 172.67.178.147
I (14362) clara_net: diag tcp clare.vinex.top:443 CONNECTED
I (19365) clara_net: diag tcp 1.1.1.1:443 TIMEOUT/ERR ret=0
I (19365) clara_net: Create session URL ready=1
I (19366) clara_net: HTTP before init free8=33020 largest8=14592 free_internal=33020 largest_internal=14592
E (20540) esp-tls-mbedtls: mbedtls_ssl_handshake returned -0x2700
E (20541) esp-tls: Failed to open new connection
E (20541) transport_base: Failed to open a new connection
E (20549) HTTP_CLIENT: Connection failed, sock < 0
I (20553) clara_net: HTTP response status=0 bytes=0 truncated=0
W (20560) clara_net: HTTP request failed err=28674 status=0 tls=9984 flags=0x0
I (20568) clara_c6: Network error  •  check Wi-Fi/API
I (20574) clara_c6: Boot network self-test session err=28674 (attempt 1/4)
W (20581) clara_c6: Boot network self-test attempt 1 failed, retrying in 5000 ms
I (25589) clara_net: Create session URL ready=1
I (25589) clara_net: HTTP before init free8=32668 largest8=14592 free_internal=32668 largest_internal=14592
E (26771) esp-tls-mbedtls: mbedtls_ssl_handshake returned -0x2700
E (26771) esp-tls: Failed to open new connection
E (26772) transport_base: Failed to open a new connection
E (26779) HTTP_CLIENT: Connection failed, sock < 0
I (26783) clara_net: HTTP response status=0 bytes=0 truncated=0
W (26790) clara_net: HTTP request failed err=28674 status=0 tls=9984 flags=0x0
I (26798) clara_c6: Network error  •  check Wi-Fi/API
I (26804) clara_c6: Boot network self-test session err=28674 (attempt 2/4)
W (26811) clara_c6: Boot network self-test attempt 2 failed, retrying in 5000 ms
I (31819) clara_net: Create session URL ready=1
I (31819) clara_net: HTTP before init free8=32668 largest8=14592 free_internal=32668 largest_internal=14592
E (32933) esp-tls-mbedtls: mbedtls_ssl_handshake returned -0x2700
E (32933) esp-tls: Failed to open new connection
E (32934) transport_base: Failed to open a new connection
E (32941) HTTP_CLIENT: Connection failed, sock < 0
I (32945) clara_net: HTTP response status=0 bytes=0 truncated=0
W (32952) clara_net: HTTP request failed err=28674 status=0 tls=9984 flags=0x0
I (32961) clara_c6: Network error  •  check Wi-Fi/API
I (32966) clara_c6: Boot network self-test session err=28674 (attempt 3/4)
W (32973) clara_c6: Boot network self-test attempt 3 failed, retrying in 5000 ms
I (37982) clara_net: Create session URL ready=1
I (37982) clara_net: HTTP before init free8=32668 largest8=14592 free_internal=32668 largest_internal=14592
E (40120) esp-tls-mbedtls: mbedtls_ssl_handshake returned -0x2700
E (40121) esp-tls: Failed to open new connection
E (40121) transport_base: Failed to open a new connection
E (40128) HTTP_CLIENT: Connection failed, sock < 0
I (40133) clara_net: HTTP response status=0 bytes=0 truncated=0
W (40140) clara_net: HTTP request failed err=28674 status=0 tls=9984 flags=0x0
I (40148) clara_c6: Network error  •  check Wi-Fi/API
I (40154) clara_c6: Boot network self-test session err=28674 (attempt 4/4)
W (40161) clara_c6: Boot network self-test failed after 4 attempts
