I (395) esp_image: segment 3: paddr=00194d68 vaddr=4080c3ec size=2d190h (184720) load
I (436) esp_image: segment 4: paddr=001c1f00 vaddr=40839580 size=03e28h ( 15912) load
I (453) boot: Loaded app from partition at offset 0x10000
I (453) boot: Disabling RNG early entropy source...
I (463) cpu_start: Unicore app
I (472) cpu_start: GPIO 17 and 16 are used as console UART I/O pins
I (472) cpu_start: Pro cpu start user code
I (472) cpu_start: cpu freq: 160000000 Hz
I (477) app_init: Application information:
I (481) app_init: Project name:     Clara_C6
I (486) app_init: App version:      4b9bf00-dirty
I (492) app_init: Compile time:     Aug 25 2026 18:33:47
I (498) app_init: ELF file SHA256:  4aea0533df2b9063...
I (504) app_init: ESP-IDF:          1a1a5aa6-dirty
I (509) efuse_init: Min chip rev:     v0.0
I (514) efuse_init: Max chip rev:     v0.99 
I (519) efuse_init: Chip rev:         v0.2
I (524) heap_init: Initializing. RAM available for dynamic allocation:
I (531) heap_init: At 40853C60 len 000289B0 (162 KiB): RAM
I (537) heap_init: At 4087C610 len 00002F54 (11 KiB): RAM
I (543) heap_init: At 50000000 len 00003FE8 (15 KiB): RTCRAM
I (550) spi_flash: detected chip: generic
I (554) spi_flash: flash io: dio
I (559) sleep_gpio: Configure to isolate all GPIO pins in sleep state
I (565) sleep_gpio: Enable automatic switching of GPIO sleep configuration
I (583) main_task: Started on CPU0
I (586) main_task: Calling app_main()
I (591) clara_c6: Clara C6 starting
I (606) axp2101: Init PMU SUCCESS!
I (612) DisplayPort: SPI BUS init
I (612) DisplayPort: Install panel IO
I (613) sh8601: LCD panel create success, version: 1.0.0
W (1516) sh8601: The 3Ah command has been used and will be overwritten by external initialization sequence
W (1516) sh8601: The 36h command has been used and will be overwritten by external initialization sequence
I (1700) CST9217: Checkcode: 0x204ECACA
I (1702) CST9217: Resolution X: 480, Y: 480
I (1704) CST9217: Chip Type: 0x9220, ProjectID: 0x542F
I (1704) esp_lvgl:adapter: LVGL adapter initialized successfully
I (1714) esp_lvgl:touch: Touch input device registered successfully (IRQ mode: enabled)
I (1722) esp_lvgl:adapter: LVGL task started successfully
i2c: {sda: 8, scl: 7}
i2s: {mclk: 19, bclk: 20, ws: 22, din: 21, dout: 23}
out: {codec: ES8311, pa: -1, pa_gain: 6, use_mclk: 1, pa_gain: 6}
Codec 0 dir 2 type:1
in: {codec: ES7210}
Codec 1 dir 1 type:2
I (1744) CODEC_INIT: in:1 out:1 port: 1
I (1748) CODEC_INIT: Success to int i2c: 0
I (1753) CODEC_INIT: Init i2s 0 type: 3 mclk:19 bclk:20 ws:22 din:21 dout:23
I (1761) CODEC_INIT: tx:0x4087e71c rx:0x4087e8d8
W (1766) i2s_tdm: the current mclk multiple is too small, adjust the mclk multiple to 384
I (1775) CODEC_INIT: output init tdm ret 0
W (1779) i2s_common: the rx channel on I2S0 is switched from master to slave for full-duplex mode
W (1789) i2s_tdm: the current mclk multiple is too small, adjust the mclk multiple to 384
W (1798) i2s_tdm: the mclk/bclk ratio 3 is too small for the full-duplex rx slave (min 4), data might be sampled incorrectly, please increase mclk_multiple
I (1813) CODEC_INIT: Input init tdm ret 0
I (1817) CODEC_INIT: Init i2s 0 ok
I (1821) CODEC_INIT: Success to init i2s: 0
I (1826) CODEC_INIT: Success to int i2c: 0
I (1831) CODEC_INIT: Success to init i2s: 0
I (1836) CODEC_INIT: Get out handle 0x4087e71c port 0
I (1846) ES8311: Work in Slave mode
I (1852) ES7210: Work in Slave mode
I (1859) ES7210: Enable ES7210_INPUT_MIC1
I (1861) ES7210: Enable ES7210_INPUT_MIC2
I (1864) ES7210: Enable ES7210_INPUT_MIC3
I (1867) ES7210: Enable ES7210_INPUT_MIC4
I (1871) ES7210: Enable TDM mode
I (1880) I2S_IF: channel mode 2 bits:16/16 channel:2 mask:3
I (1880) I2S_IF: TDM Mode 1 bits:16/16 channel:2 sample_rate:16000 mask:3
I (1901) Adev_Codec: Open codec device OK
I (1901) I2S_IF: channel mode 2 bits:16/16 channel:2 mask:3
I (1901) I2S_IF: TDM Mode 0 bits:16/16 channel:2 sample_rate:16000 mask:3
I (1909) ES7210: Bits 8
I (1918) ES7210: Enable ES7210_INPUT_MIC1
I (1920) ES7210: Enable ES7210_INPUT_MIC2
I (1923) ES7210: Enable ES7210_INPUT_MIC3
I (1928) ES7210: Enable ES7210_INPUT_MIC4
I (1933) ES7210: Enable TDM mode
I (1939) ES7210: Unmuted
I (1939) Adev_Codec: Open codec device OK
I (1942) Adev_Codec: Input already open
I (1946) Adev_Codec: Input already open
I (2129) pp: pp rom version: 5b8dcfa
I (2130) net80211: net80211 rom version: 5b8dcfa
I (2131) wifi:wifi driver task: 4086ecfc, prio:23, stack:6656, core=0
I (2140) wifi:wifi firmware version: b9f67df
I (2140) wifi:wifi certification version: v7.0
I (2142) wifi:config NVS flash: enabled
I (2146) wifi:config nano formatting: disabled
I (2150) wifi:mac_version:HAL_MAC_ESP32AX_761,ut_version:N, band mode:0x1
I (2157) wifi:Init data frame dynamic rx buffer num: 16
I (2161) wifi:Init static rx mgmt buffer num: 5
I (2166) wifi:Init management short buffer num: 32
I (2170) wifi:Init static tx buffer num: 16
I (2174) wifi:Init static tx FG buffer num: 2
I (2178) wifi:Init static rx buffer size: 1700 (rxctrl:92, csi:512)
I (2184) wifi:Init static rx buffer num: 10
I (2188) wifi:Init dynamic rx buffer num: 16
I (2193) wifi_init: rx ba win: 6
I (2196) wifi_init: accept mbox: 6
I (2200) wifi_init: tcpip mbox: 32
I (2204) wifi_init: udp mbox: 6
I (2208) wifi_init: tcp mbox: 6
I (2212) wifi_init: tcp tx win: 5760
I (2216) wifi_init: tcp rx win: 5760
I (2220) wifi_init: tcp mss: 1440
I (2224) wifi_init: WiFi IRAM OP enabled
I (2229) wifi_init: WiFi RX IRAM OP enabled
I (2234) wifi_init: WiFi SLP IRAM OP enabled
W (2239) wifi:Password length matches WPA2 standards, authmode threshold changes from OPEN to WPA2
I (2248) phy_init: phy_version 345,552b044,Jul 14 2026,10:37:00
I (2314) wifi:11ax coex: WDEVAX_PTI0(0x55777555), WDEVAX_PTI1(0x00003377).
I (2315) wifi:mode : sta (20:6e:f1:16:e0:a4)
I (2315) wifi:enable tsf
W (2319) wifi:m f probe req l=0
I (2332) clara_net: Wi-Fi protocols limited to 11b/g/n mask=0x07
I (2333) wifi:Set ps type: 0, coexist: 0
I (2334) clara_c6: Clara UI ready; touch the Clara tile
I (2338) main_task: Returned from app_main()
I (2346) wifi:new:<6,0>, old:<1,0>, ap:<255,255>, sta:<6,0>, prof:1, snd_ch_cfg:0x0
I (2351) wifi:(connect)dot11_authmode:0x3, pairwise_cipher:0x3, group_cipher:0x3
I (2357) wifi:state: init -> auth (0xb0)
I (2369) wifi:state: auth -> assoc (0x0)
I (2377) wifi:(assoc)RESP, Extended Capabilities length:11, operating_mode_notification:0
I (2377) wifi:(assoc)RESP, Extended Capabilities, MBSSID:0, TWT Responder:0, OBSS Narrow Bandwidth RU In OFDMA Tolerance:0
I (2385) wifi:Extended Capabilities length:11, operating_mode_notification:1
I (2392) wifi:BSS max idle period:291(1000TU), protected keep alive:FALSE
I (2398) wifi:state: assoc -> run (0x10)
I (2402) wifi:(trc)phytype:CBW20-SGI, snr:58, maxRate:144, highestRateIdx:0
W (2408) wifi:(trc)band:2G, phymode:3, highestRateIdx:0, lowestRateIdx:11, dataSchedTableSize:14
I (2417) wifi:(trc)band:2G, rate(S-MCS7, rateIdx:0), ampdu(rate:S-MCS7, schedIdx(0, stop:8)), snr:58, ampduState:wait operational
I (2428) wifi:ifidx:0, rssi:-28, nf:-86, phytype(0x3, CBW20-SGI), phymode(0x3, 11bgn), max_rate:144, he:0, vht:0, ht:1
I (2439) wifi:(ht)max.RxAMPDULenExponent:3(65535 bytes), MMSS:0(no restriction)
I (2457) wifi:connected with LDKJ, aid = 2, channel 6, BW20, bssid = 50:fe:39:e6:47:92
I (2458) wifi:security: WPA2-PSK, phy: bgn, rssi: -28, cipher(pairwise:0x3, group:0x3), pmf:0
I (2464) wifi:pm start, type: 0, twt_start:0
I (2467) wifi:pm start, type:0, aid:0x2, trans-BSSID:50:fe:39:e6:47:92, BSSID[5]:0x92, mbssid(max-indicator:0, index:0), he:0
I (2478) wifi:dp: 1, bi: 102400, li: 3, scale listen interval from 307200 us to 307200 us
I (2486) wifi:set rx beacon pti, rx_bcn_pti: 10, bcn_timeout: 25000, mt_pti: 10, mt_time: 10000
I (2494) wifi:[ADDBA]TX addba request, tid:0, dialogtoken:1, bufsize:64, A-MSDU:0(not supported), policy:1(IMR), ssn:0(0x0)
I (2505) wifi:[ADDBA]TX addba request, tid:7, dialogtoken:2, bufsize:64, A-MSDU:0(not supported), policy:1(IMR), ssn:0(0x20)
I (2516) wifi:[ADDBA]TX addba request, tid:5, dialogtoken:3, bufsize:64, A-MSDU:0(not supported), policy:1(IMR), ssn:0(0x0)
I (2530) wifi:[ADDBA]RX addba response, status:0, tid:0/tb:1(0xa1), bufsize:64, batimeout:0, txa_wnd:8
I (2536) wifi:[ADDBA]RX addba response, status:0, tid:7/tb:1(0xa1), bufsize:64, batimeout:0, txa_wnd:8
I (2545) wifi:[ADDBA]RX addba response, status:0, tid:5/tb:1(0xa1), bufsize:64, batimeout:0, txa_wnd:8
W (2554) wifi:<ba-add>idx:0, ifx:0, tid:0, TAHI:0x1009247, TALO:0xe639fe50, (ssn:0, win:64, cur_ssn:0), CONF:0xc0000005
I (2564) wifi:AP's beacon interval = 102400 us, DTIM period = 1
I (3624) esp_netif_handlers: sta ip: 192.168.31.147, mask: 255.255.255.0, gw: 192.168.31.1
I (3624) clara_net: DHCP DNS main=192.168.31.1
W (7623) wifi:<ba-add>idx:1, ifx:0, tid:6, TAHI:0x1009247, TALO:0xe639fe50, (ssn:2, win:64, cur_ssn:2), CONF:0xc0006005
I (10334) clara_c6: Boot network self-test begin
I (10334) clara_net: Create session URL ready=1
I (10334) clara_net: HTTP before init free8=14704 largest8=10496 free_internal=14704 largest_internal=10496
I (26667) wifi:bcn_timeout,ap_probe_send_start
W (26667) wifi:m f probe req l=0
W (27168) wifi:m f probe req l=0
W (27668) wifi:m f probe req l=0
W (28168) wifi:m f probe req l=0
W (28668) wifi:m f probe req l=0
I (29168) wifi:ap_probe_send over, reset wifi status to disassoc
I (29169) wifi:state: run -> init (0xc800)
W (29170) wifi:m f disassoc
I (29170) wifi:teardown, set twt_inactive_time_secs:6, sp_count:0
I (29176) wifi:pm stop, total sleep time: 0 us / 26697908 us
I (29181) wifi:<ba-del>idx:0, tid:0
I (29184) wifi:<ba-del>idx:1, tid:6
W (29190) clara_net: Wi-Fi disconnected reason=200 retry=1
E (29199) esp-tls-mbedtls: mbedtls_ssl_handshake returned -0x004C
I (29202) wifi:(connect)dot11_authmode:0x3, pairwise_cipher:0x3, group_cipher:0x3
I (29208) wifi:state: init -> auth (0xb0)
E (29212) esp-tls: Failed to open new connection
E (29217) transport_base: Failed to open a new connection
I (29221) wifi:state: auth -> assoc (0x0)
E (29228) HTTP_CLIENT: Connection failed, sock < 0
I (29232) clara_net: HTTP response status=0 bytes=0 truncated=0
I (29236) wifi:(assoc)RESP, Extended Capabilities length:11, operating_mode_notification:0
I (29247) wifi:(assoc)RESP, Extended Capabilities, MBSSID:0, TWT Responder:0, OBSS Narrow Bandwidth RU In OFDMA Tolerance:0
I (29258) wifi:Extended Capabilities length:11, operating_mode_notification:1
I (29265) wifi:BSS max idle period:291(1000TU), protected keep alive:FALSE
I (29271) wifi:state: assoc -> run (0x10)
I (29275) wifi:(trc)phytype:CBW20-SGI, snr:57, maxRate:144, highestRateIdx:0
W (29281) wifi:(trc)band:2G, phymode:3, highestRateIdx:0, lowestRateIdx:11, dataSchedTableSize:14
I (29290) wifi:(trc)band:2G, rate(S-MCS7, rateIdx:0), ampdu(rate:S-MCS7, schedIdx(0, stop:8)), snr:57, ampduState:wait operational
I (29301) wifi:ifidx:0, rssi:-28, nf:-85, phytype(0x3, CBW20-SGI), phymode(0x3, 11bgn), max_rate:144, he:0, vht:0, ht:1
I (29312) wifi:(ht)max.RxAMPDULenExponent:3(65535 bytes), MMSS:0(no restriction)
W (29322) clara_net: HTTP request failed err=28674 status=0 tls=76 flags=0x0
I (29328) clara_c6: Network error  •  check Wi-Fi/API
I (29333) clara_c6: Boot network self-test session err=28674 (attempt 1/4)
I (29333) wifi:connected with LDKJ, aid = 2, channel 6, BW20, bssid = 50:fe:39:e6:47:92
I (29348) wifi:security: WPA2-PSK, phy: bgn, rssi: -28, cipher(pairwise:0x3, group:0x3), pmf:0
I (29358) wifi:pm start, type: 0, twt_start:0
I (29360) wifi:pm start, type:0, aid:0x2, trans-BSSID:50:fe:39:e6:47:92, BSSID[5]:0x92, mbssid(max-indicator:0, index:0), he:0
I (29372) wifi:set rx beacon pti, rx_bcn_pti: 10, bcn_timeout: 25000, mt_pti: 10, mt_time: 10000
I (29380) wifi:[ADDBA]TX addba request, tid:0, dialogtoken:4, bufsize:64, A-MSDU:0(not supported), policy:1(IMR), ssn:0(0x0)
I (29391) wifi:[ADDBA]TX addba request, tid:7, dialogtoken:5, bufsize:64, A-MSDU:0(not supported), policy:1(IMR), ssn:0(0x20)
I (29402) wifi:[ADDBA]TX addba request, tid:5, dialogtoken:6, bufsize:64, A-MSDU:0(not supported), policy:1(IMR), ssn:0(0x0)
I (29414) wifi:AP's beacon interval = 102400 us, DTIM period = 1
I (29420) wifi:[ADDBA]RX addba response, status:0, tid:0/tb:1(0xa1), bufsize:64, batimeout:0, txa_wnd:8
I (29428) wifi:[ADDBA]RX addba response, status:0, tid:7/tb:1(0xa1), bufsize:64, batimeout:0, txa_wnd:8
I (29437) wifi:[ADDBA]RX addba response, status:0, tid:5/tb:1(0xa1), bufsize:64, batimeout:0, txa_wnd:8
W (29451) clara_c6: Boot network self-test attempt 1 failed, retrying in 5000 ms
W (29454) clara_c6: Wi-Fi down after self-test failure, reconnecting...
W (29456) wifi:<ba-add>idx:0, ifx:0, tid:0, TAHI:0x1009247, TALO:0xe639fe50, (ssn:0, win:64, cur_ssn:0), CONF:0xc0000005
W (29473) wifi:sta is connected, disconnect before connecting to new ap
I (30502) esp_netif_handlers: sta ip: 192.168.31.147, mask: 255.255.255.0, gw: 192.168.31.1
I (30502) clara_net: DHCP DNS main=192.168.31.1
W (34503) wifi:<ba-add>idx:1, ifx:0, tid:6, TAHI:0x1009247, TALO:0xe639fe50, (ssn:2, win:64, cur_ssn:2), CONF:0xc0006005
I (35516) clara_net: Create session URL ready=1
I (35516) clara_net: HTTP before init free8=14248 largest8=8064 free_internal=14248 largest_internal=8064
I (52342) wifi:bcn_timeout,ap_probe_send_start
W (52342) wifi:m f probe req l=0
W (52843) wifi:m f probe req l=0
W (53343) wifi:m f probe req l=0
W (53843) wifi:m f probe req l=0
W (54343) wifi:m f probe req l=0
I (54843) wifi:ap_probe_send over, reset wifi status to disassoc
I (54844) wifi:state: run -> init (0xc800)
W (54845) wifi:m f disassoc
I (54845) wifi:teardown, set twt_inactive_time_secs:6, sp_count:0
I (54851) wifi:pm stop, total sleep time: 0 us / 25478859 us
I (54856) wifi:<ba-del>idx:0, tid:0
I (54859) wifi:<ba-del>idx:1, tid:6
W (54865) clara_net: Wi-Fi disconnected reason=200 retry=1
E (54874) esp-tls-mbedtls: mbedtls_ssl_handshake returned -0x004C
E (54876) esp-tls: Failed to open new connection
I (54879) wifi:(connect)dot11_authmode:0x3, pairwise_cipher:0x3, group_cipher:0x3
I (54888) wifi:state: init -> auth (0xb0)
E (54892) transport_base: Failed to open a new connection
E (54899) HTTP_CLIENT: Connection failed, sock < 0
I (54900) wifi:state: auth -> assoc (0x0)
W (54907) wifi:m f assoc req l=252
I (54911) clara_net: HTTP response status=0 bytes=0 truncated=0
W (54917) clara_net: HTTP request failed err=28674 status=0 tls=76 flags=0x0
I (54925) clara_c6: Network error  •  check Wi-Fi/API
I (54931) clara_c6: Boot network self-test session err=28674 (attempt 2/4)
W (54938) clara_c6: Boot network self-test attempt 2 failed, retrying in 5000 ms
W (54946) clara_c6: Wi-Fi down after self-test failure, reconnecting...
E (54954) wifi:sta is connecting, return error
I (55910) wifi:state: assoc -> init (0x400)
W (55914) clara_net: Wi-Fi disconnected reason=4 retry=1
I (58210) wifi:(connect)dot11_authmode:0x3, pairwise_cipher:0x3, group_cipher:0x3
I (58210) wifi:state: init -> auth (0xb0)
I (58216) wifi:state: auth -> assoc (0x0)
I (58224) wifi:(assoc)RESP, Extended Capabilities length:11, operating_mode_notification:0
I (58225) wifi:(assoc)RESP, Extended Capabilities, MBSSID:0, TWT Responder:0, OBSS Narrow Bandwidth RU In OFDMA Tolerance:0
I (58233) wifi:Extended Capabilities length:11, operating_mode_notification:1
I (58240) wifi:BSS max idle period:291(1000TU), protected keep alive:FALSE
I (58246) wifi:state: assoc -> run (0x10)
I (58250) wifi:(trc)phytype:CBW20-SGI, snr:58, maxRate:144, highestRateIdx:0
W (58257) wifi:(trc)band:2G, phymode:3, highestRateIdx:0, lowestRateIdx:11, dataSchedTableSize:14
I (58265) wifi:(trc)band:2G, rate(S-MCS7, rateIdx:0), ampdu(rate:S-MCS7, schedIdx(0, stop:8)), snr:58, ampduState:wait operational
I (58277) wifi:ifidx:0, rssi:-28, nf:-86, phytype(0x3, CBW20-SGI), phymode(0x3, 11bgn), max_rate:144, he:0, vht:0, ht:1
I (58287) wifi:(ht)max.RxAMPDULenExponent:3(65535 bytes), MMSS:0(no restriction)
I (58315) wifi:connected with LDKJ, aid = 2, channel 6, BW20, bssid = 50:fe:39:e6:47:92
I (58315) wifi:security: WPA2-PSK, phy: bgn, rssi: -28, cipher(pairwise:0x3, group:0x3), pmf:0
I (58321) wifi:pm start, type: 0, twt_start:0
I (58324) wifi:pm start, type:0, aid:0x2, trans-BSSID:50:fe:39:e6:47:92, BSSID[5]:0x92, mbssid(max-indicator:0, index:0), he:0
I (58335) wifi:set rx beacon pti, rx_bcn_pti: 10, bcn_timeout: 25000, mt_pti: 10, mt_time: 10000
I (58344) wifi:[ADDBA]TX addba request, tid:0, dialogtoken:7, bufsize:64, A-MSDU:0(not supported), policy:1(IMR), ssn:0(0x0)
I (58355) wifi:[ADDBA]TX addba request, tid:7, dialogtoken:8, bufsize:64, A-MSDU:0(not supported), policy:1(IMR), ssn:0(0x20)
I (58366) wifi:[ADDBA]TX addba request, tid:5, dialogtoken:9, bufsize:64, A-MSDU:0(not supported), policy:1(IMR), ssn:0(0x0)
I (58377) wifi:AP's beacon interval = 102400 us, DTIM period = 1
I (58383) wifi:[ADDBA]RX addba response, status:0, tid:0/tb:1(0xa1), bufsize:64, batimeout:0, txa_wnd:8
I (58392) wifi:[ADDBA]RX addba response, status:0, tid:7/tb:1(0xa1), bufsize:64, batimeout:0, txa_wnd:8
I (58401) wifi:[ADDBA]RX addba response, status:0, tid:5/tb:1(0xa1), bufsize:64, batimeout:0, txa_wnd:8
W (58418) wifi:<ba-add>idx:0, ifx:0, tid:0, TAHI:0x1009247, TALO:0xe639fe50, (ssn:0, win:64, cur_ssn:0), CONF:0xc0000005
I (59446) esp_netif_handlers: sta ip: 192.168.31.147, mask: 255.255.255.0, gw: 192.168.31.1
I (59446) clara_net: DHCP DNS main=192.168.31.1
W (63479) wifi:<ba-add>idx:1, ifx:0, tid:6, TAHI:0x1009247, TALO:0xe639fe50, (ssn:2, win:64, cur_ssn:2), CONF:0xc0006005
I (64454) clara_net: Create session URL ready=1
I (64454) clara_net: HTTP before init free8=14240 largest8=8064 free_internal=14240 largest_internal=8064
