I (397) esp_image: segment 3: paddr=00194cd0 vaddr=4080c4e4 size=2d098h (184472) load
I (437) esp_image: segment 4: paddr=001c1d70 vaddr=40839580 size=03e28h ( 15912) load
I (454) boot: Loaded app from partition at offset 0x10000
I (455) boot: Disabling RNG early entropy source...
I (465) cpu_start: Unicore app
I (473) cpu_start: GPIO 17 and 16 are used as console UART I/O pins
I (474) cpu_start: Pro cpu start user code
I (474) cpu_start: cpu freq: 160000000 Hz
I (478) app_init: Application information:
I (483) app_init: Project name:     Clara_C6
I (488) app_init: App version:      4b9bf00-dirty
I (493) app_init: Compile time:     Aug 25 2026 15:14:01
I (499) app_init: ELF file SHA256:  a278361fedebaeca...
I (505) app_init: ESP-IDF:          1a1a5aa6-dirty
I (511) efuse_init: Min chip rev:     v0.0
I (516) efuse_init: Max chip rev:     v0.99 
I (520) efuse_init: Chip rev:         v0.2
I (525) heap_init: Initializing. RAM available for dynamic allocation:
I (532) heap_init: At 40853C60 len 000289B0 (162 KiB): RAM
I (539) heap_init: At 4087C610 len 00002F54 (11 KiB): RAM
I (545) heap_init: At 50000000 len 00003FE8 (15 KiB): RTCRAM
I (552) spi_flash: detected chip: generic
I (556) spi_flash: flash io: dio
I (560) sleep_gpio: Configure to isolate all GPIO pins in sleep state
I (567) sleep_gpio: Enable automatic switching of GPIO sleep configuration
I (585) main_task: Started on CPU0
I (588) main_task: Calling app_main()
I (593) clara_c6: Clara C6 starting
I (607) axp2101: Init PMU SUCCESS!
I (613) DisplayPort: SPI BUS init
I (613) DisplayPort: Install panel IO
I (614) sh8601: LCD panel create success, version: 1.0.0
W (1517) sh8601: The 3Ah command has been used and will be overwritten by external initialization sequence
W (1517) sh8601: The 36h command has been used and will be overwritten by external initialization sequence
I (1701) CST9217: Checkcode: 0x204ECACA
I (1703) CST9217: Resolution X: 480, Y: 480
I (1705) CST9217: Chip Type: 0x9220, ProjectID: 0x542F
I (1705) esp_lvgl:adapter: LVGL adapter initialized successfully
I (1715) esp_lvgl:touch: Touch input device registered successfully (IRQ mode: enabled)
I (1723) esp_lvgl:adapter: LVGL task started successfully
i2c: {sda: 8, scl: 7}
i2s: {mclk: 19, bclk: 20, ws: 22, din: 21, dout: 23}
out: {codec: ES8311, pa: -1, pa_gain: 6, use_mclk: 1, pa_gain: 6}
Codec 0 dir 2 type:1
in: {codec: ES7210}
Codec 1 dir 1 type:2
I (1745) CODEC_INIT: in:1 out:1 port: 1
I (1749) CODEC_INIT: Success to int i2c: 0
I (1754) CODEC_INIT: Init i2s 0 type: 3 mclk:19 bclk:20 ws:22 din:21 dout:23
I (1762) CODEC_INIT: tx:0x4087e71c rx:0x4087e8d8
W (1767) i2s_tdm: the current mclk multiple is too small, adjust the mclk multiple to 384
I (1776) CODEC_INIT: output init tdm ret 0
W (1780) i2s_common: the rx channel on I2S0 is switched from master to slave for full-duplex mode
W (1790) i2s_tdm: the current mclk multiple is too small, adjust the mclk multiple to 384
W (1799) i2s_tdm: the mclk/bclk ratio 3 is too small for the full-duplex rx slave (min 4), data might be sampled incorrectly, please increase mclk_multiple
I (1814) CODEC_INIT: Input init tdm ret 0
I (1818) CODEC_INIT: Init i2s 0 ok
I (1822) CODEC_INIT: Success to init i2s: 0
I (1827) CODEC_INIT: Success to int i2c: 0
I (1832) CODEC_INIT: Success to init i2s: 0
I (1837) CODEC_INIT: Get out handle 0x4087e71c port 0
I (1847) ES8311: Work in Slave mode
I (1853) ES7210: Work in Slave mode
I (1860) ES7210: Enable ES7210_INPUT_MIC1
I (1862) ES7210: Enable ES7210_INPUT_MIC2
I (1865) ES7210: Enable ES7210_INPUT_MIC3
I (1868) ES7210: Enable ES7210_INPUT_MIC4
I (1872) ES7210: Enable TDM mode
I (1881) I2S_IF: channel mode 2 bits:16/16 channel:2 mask:3
I (1881) I2S_IF: TDM Mode 1 bits:16/16 channel:2 sample_rate:16000 mask:3
I (1902) Adev_Codec: Open codec device OK
I (1902) I2S_IF: channel mode 2 bits:16/16 channel:2 mask:3
I (1902) I2S_IF: TDM Mode 0 bits:16/16 channel:2 sample_rate:16000 mask:3
I (1910) ES7210: Bits 8
I (1919) ES7210: Enable ES7210_INPUT_MIC1
I (1922) ES7210: Enable ES7210_INPUT_MIC2
I (1924) ES7210: Enable ES7210_INPUT_MIC3
I (1929) ES7210: Enable ES7210_INPUT_MIC4
I (1934) ES7210: Enable TDM mode
I (1940) ES7210: Unmuted
I (1940) Adev_Codec: Open codec device OK
I (1943) Adev_Codec: Input already open
I (1947) Adev_Codec: Input already open
I (2130) pp: pp rom version: 5b8dcfa
I (2131) net80211: net80211 rom version: 5b8dcfa
I (2132) wifi:wifi driver task: 4086ecfc, prio:23, stack:6656, core=0
I (2141) wifi:wifi firmware version: b9f67df
I (2142) wifi:wifi certification version: v7.0
I (2143) wifi:config NVS flash: enabled
I (2147) wifi:config nano formatting: disabled
I (2151) wifi:mac_version:HAL_MAC_ESP32AX_761,ut_version:N, band mode:0x1
I (2158) wifi:Init data frame dynamic rx buffer num: 32
I (2163) wifi:Init static rx mgmt buffer num: 5
I (2167) wifi:Init management short buffer num: 32
I (2172) wifi:Init static tx buffer num: 16
I (2175) wifi:Init static tx FG buffer num: 2
I (2179) wifi:Init static rx buffer size: 1700 (rxctrl:92, csi:512)
I (2185) wifi:Init static rx buffer num: 10
I (2189) wifi:Init dynamic rx buffer num: 32
I (2194) wifi_init: rx ba win: 6
I (2197) wifi_init: accept mbox: 6
I (2201) wifi_init: tcpip mbox: 32
I (2205) wifi_init: udp mbox: 6
I (2209) wifi_init: tcp mbox: 6
I (2213) wifi_init: tcp tx win: 5760
I (2217) wifi_init: tcp rx win: 5760
I (2221) wifi_init: tcp mss: 1440
I (2225) wifi_init: WiFi IRAM OP enabled
I (2230) wifi_init: WiFi RX IRAM OP enabled
I (2235) wifi_init: WiFi SLP IRAM OP enabled
W (2240) wifi:Password length matches WPA2 standards, authmode threshold changes from OPEN to WPA2
I (2249) phy_init: phy_version 345,552b044,Jul 14 2026,10:37:00
I (2319) wifi:11ax coex: WDEVAX_PTI0(0x55777555), WDEVAX_PTI1(0x00003377).
I (2319) wifi:mode : sta (20:6e:f1:16:e0:a4)
I (2320) wifi:enable tsf
W (2323) wifi:m f probe req l=0
I (2337) clara_net: Wi-Fi protocols limited to 11b/g/n mask=0x07
I (2337) wifi:Set ps type: 0, coexist: 0
I (2338) clara_c6: Clara UI ready; touch the Clara tile
I (2342) main_task: Returned from app_main()
I (2409) wifi:new:<6,0>, old:<1,0>, ap:<255,255>, sta:<6,0>, prof:1, snd_ch_cfg:0x0
I (2410) wifi:(connect)dot11_authmode:0x3, pairwise_cipher:0x3, group_cipher:0x3
I (2413) wifi:state: init -> auth (0xb0)
I (2424) wifi:state: auth -> assoc (0x0)
I (2433) wifi:(assoc)RESP, Extended Capabilities length:11, operating_mode_notification:0
I (2433) wifi:(assoc)RESP, Extended Capabilities, MBSSID:0, TWT Responder:0, OBSS Narrow Bandwidth RU In OFDMA Tolerance:0
I (2440) wifi:Extended Capabilities length:11, operating_mode_notification:1
I (2448) wifi:BSS max idle period:291(1000TU), protected keep alive:FALSE
I (2454) wifi:state: assoc -> run (0x10)
I (2457) wifi:(trc)phytype:CBW20-SGI, snr:46, maxRate:144, highestRateIdx:0
W (2464) wifi:(trc)band:2G, phymode:3, highestRateIdx:0, lowestRateIdx:11, dataSchedTableSize:14
I (2473) wifi:(trc)band:2G, rate(S-MCS7, rateIdx:0), ampdu(rate:S-MCS7, schedIdx(0, stop:8)), snr:46, ampduState:wait operational
I (2484) wifi:ifidx:0, rssi:-39, nf:-85, phytype(0x3, CBW20-SGI), phymode(0x3, 11bgn), max_rate:144, he:0, vht:0, ht:1
I (2494) wifi:(ht)max.RxAMPDULenExponent:3(65535 bytes), MMSS:0(no restriction)
I (2516) wifi:connected with LDKJ, aid = 2, channel 6, BW20, bssid = 50:fe:39:e6:47:92
I (2516) wifi:security: WPA2-PSK, phy: bgn, rssi: -39, cipher(pairwise:0x3, group:0x3), pmf:0
I (2522) wifi:pm start, type: 0, twt_start:0
I (2525) wifi:pm start, type:0, aid:0x2, trans-BSSID:50:fe:39:e6:47:92, BSSID[5]:0x92, mbssid(max-indicator:0, index:0), he:0
I (2536) wifi:dp: 1, bi: 102400, li: 3, scale listen interval from 307200 us to 307200 us
I (2544) wifi:set rx beacon pti, rx_bcn_pti: 10, bcn_timeout: 25000, mt_pti: 10, mt_time: 10000
I (2553) wifi:[ADDBA]TX addba request, tid:0, dialogtoken:1, bufsize:64, A-MSDU:0(not supported), policy:1(IMR), ssn:0(0x0)
I (2564) wifi:[ADDBA]TX addba request, tid:7, dialogtoken:2, bufsize:64, A-MSDU:0(not supported), policy:1(IMR), ssn:0(0x20)
I (2574) wifi:[ADDBA]TX addba request, tid:5, dialogtoken:3, bufsize:64, A-MSDU:0(not supported), policy:1(IMR), ssn:0(0x0)
I (2589) wifi:[ADDBA]RX addba response, status:0, tid:0/tb:1(0xa1), bufsize:64, batimeout:0, txa_wnd:8
I (2594) wifi:[ADDBA]RX addba response, status:0, tid:7/tb:1(0xa1), bufsize:64, batimeout:0, txa_wnd:8
I (2603) wifi:[ADDBA]RX addba response, status:0, tid:5/tb:1(0xa1), bufsize:64, batimeout:0, txa_wnd:8
W (2612) wifi:<ba-add>idx:0, ifx:0, tid:0, TAHI:0x1009247, TALO:0xe639fe50, (ssn:0, win:64, cur_ssn:0), CONF:0xc0000005
I (2623) wifi:AP's beacon interval = 102400 us, DTIM period = 1
I (3684) esp_netif_handlers: sta ip: 192.168.31.147, mask: 255.255.255.0, gw: 192.168.31.1
I (3684) clara_net: DHCP DNS main=192.168.31.1
W (7740) wifi:<ba-add>idx:1, ifx:0, tid:6, TAHI:0x1009247, TALO:0xe639fe50, (ssn:2, win:64, cur_ssn:2), CONF:0xc0006005
I (10338) clara_c6: Boot network self-test begin
I (10338) clara_net: Create session URL ready=1
I (10338) clara_net: HTTP before init free8=14696 largest8=10496 free_internal=14696 largest_internal=10496
I (26672) wifi:bcn_timeout,ap_probe_send_start
W (26672) wifi:m f probe req l=0
W (27173) wifi:m f probe req l=0
W (27673) wifi:m f probe req l=0
W (28173) wifi:m f probe req l=0
W (28673) wifi:m f probe req l=0
I (29173) wifi:ap_probe_send over, reset wifi status to disassoc
I (29174) wifi:state: run -> init (0xc800)
W (29175) wifi:m f disassoc
I (29175) wifi:teardown, set twt_inactive_time_secs:6, sp_count:0
I (29181) wifi:pm stop, total sleep time: 0 us / 26644438 us
I (29186) wifi:<ba-del>idx:0, tid:0
I (29189) wifi:<ba-del>idx:1, tid:6
W (29195) clara_net: Wi-Fi disconnected reason=200 retry=1
I (29205) wifi:(connect)dot11_authmode:0x3, pairwise_cipher:0x3, group_cipher:0x3
I (29206) wifi:state: init -> auth (0xb0)
E (29213) esp-tls-mbedtls: mbedtls_ssl_handshake returned -0x004C
E (29217) esp-tls: Failed to open new connection
I (29217) wifi:state: auth -> assoc (0x0)
E (29226) transport_base: Failed to open a new connection
E (29232) HTTP_CLIENT: Connection failed, sock < 0
I (29237) clara_net: HTTP response status=0 bytes=0 truncated=0
I (29238) wifi:(assoc)RESP, Extended Capabilities length:11, operating_mode_notification:0
I (29252) wifi:(assoc)RESP, Extended Capabilities, MBSSID:0, TWT Responder:0, OBSS Narrow Bandwidth RU In OFDMA Tolerance:0
I (29263) wifi:Extended Capabilities length:11, operating_mode_notification:1
I (29270) wifi:BSS max idle period:291(1000TU), protected keep alive:FALSE
I (29276) wifi:state: assoc -> run (0x10)
I (29280) wifi:(trc)phytype:CBW20-SGI, snr:49, maxRate:144, highestRateIdx:0
W (29286) wifi:(trc)band:2G, phymode:3, highestRateIdx:0, lowestRateIdx:11, dataSchedTableSize:14
I (29295) wifi:(trc)band:2G, rate(S-MCS7, rateIdx:0), ampdu(rate:S-MCS7, schedIdx(0, stop:8)), snr:49, ampduState:wait operational
I (29306) wifi:ifidx:0, rssi:-36, nf:-85, phytype(0x3, CBW20-SGI), phymode(0x3, 11bgn), max_rate:144, he:0, vht:0, ht:1
I (29317) wifi:(ht)max.RxAMPDULenExponent:3(65535 bytes), MMSS:0(no restriction)
W (29326) clara_net: HTTP request failed err=28674 status=0 tls=76 flags=0x0
I (29333) clara_c6: Network error  •  check Wi-Fi/API
I (29338) clara_c6: Boot network self-test session err=28674
I (29345) wifi:connected with LDKJ, aid = 2, channel 6, BW20, bssid = 50:fe:39:e6:47:92
I (29352) wifi:security: WPA2-PSK, phy: bgn, rssi: -36, cipher(pairwise:0x3, group:0x3), pmf:0
I (29362) wifi:pm start, type: 0, twt_start:0
I (29364) wifi:pm start, type:0, aid:0x2, trans-BSSID:50:fe:39:e6:47:92, BSSID[5]:0x92, mbssid(max-indicator:0, index:0), he:0
I (29376) wifi:set rx beacon pti, rx_bcn_pti: 10, bcn_timeout: 25000, mt_pti: 10, mt_time: 10000
I (29384) wifi:[ADDBA]TX addba request, tid:0, dialogtoken:4, bufsize:64, A-MSDU:0(not supported), policy:1(IMR), ssn:0(0x0)
I (29395) wifi:[ADDBA]TX addba request, tid:7, dialogtoken:5, bufsize:64, A-MSDU:0(not supported), policy:1(IMR), ssn:0(0x20)
I (29406) wifi:[ADDBA]TX addba request, tid:5, dialogtoken:6, bufsize:64, A-MSDU:0(not supported), policy:1(IMR), ssn:0(0x0)
I (29421) wifi:[ADDBA]RX addba response, status:0, tid:0/tb:1(0xa1), bufsize:64, batimeout:0, txa_wnd:8
I (29426) wifi:[ADDBA]RX addba response, status:0, tid:7/tb:1(0xa1), bufsize:64, batimeout:0, txa_wnd:8
I (29435) wifi:[ADDBA]RX addba response, status:0, tid:5/tb:1(0xa1), bufsize:64, batimeout:0, txa_wnd:8
W (29445) wifi:<ba-add>idx:0, ifx:0, tid:0, TAHI:0x1009247, TALO:0xe639fe50, (ssn:0, win:64, cur_ssn:0), CONF:0xc0000005
I (29455) wifi:AP's beacon interval = 102400 us, DTIM period = 1
I (30525) esp_netif_handlers: sta ip: 192.168.31.147, mask: 255.255.255.0, gw: 192.168.31.1
I (30525) clara_net: DHCP DNS main=192.168.31.1
W (34540) wifi:<ba-add>idx:1, ifx:0, tid:6, TAHI:0x1009247, TALO:0xe639fe50, (ssn:2, win:64, cur_ssn:2), CONF:0xc0006005
