I (390) esp_image: segment 3: paddr=0018e26c vaddr=4080ffcc size=295b0h (169392) load
I (428) esp_image: segment 4: paddr=001b7824 vaddr=40839580 size=03e20h ( 15904) load
I (445) boot: Loaded app from partition at offset 0x10000
I (445) boot: Disabling RNG early entropy source...
I (455) cpu_start: Unicore app
I (463) cpu_start: GPIO 17 and 16 are used as console UART I/O pins
I (464) cpu_start: Pro cpu start user code
I (464) cpu_start: cpu freq: 160000000 Hz
I (469) app_init: Application information:
I (473) app_init: Project name:     Clara_C6
I (478) app_init: App version:      4b9bf00-dirty
I (484) app_init: Compile time:     Aug 25 2026 21:27:02
I (490) app_init: ELF file SHA256:  70f5f91b98b80af5...
I (496) app_init: ESP-IDF:          1a1a5aa6-dirty
I (501) efuse_init: Min chip rev:     v0.0
I (506) efuse_init: Max chip rev:     v0.99 
I (511) efuse_init: Chip rev:         v0.2
I (516) heap_init: Initializing. RAM available for dynamic allocation:
I (523) heap_init: At 4084F620 len 0002CFF0 (179 KiB): RAM
I (529) heap_init: At 4087C610 len 00002F54 (11 KiB): RAM
I (535) heap_init: At 50000000 len 00003FE8 (15 KiB): RTCRAM
I (542) spi_flash: detected chip: generic
I (546) spi_flash: flash io: dio
I (551) sleep_gpio: Configure to isolate all GPIO pins in sleep state
I (557) sleep_gpio: Enable automatic switching of GPIO sleep configuration
I (575) main_task: Started on CPU0
I (578) main_task: Calling app_main()
I (583) clara_c6: Clara C6 starting
I (598) axp2101: Init PMU SUCCESS!
I (604) DisplayPort: SPI BUS init
I (604) DisplayPort: Install panel IO
I (605) sh8601: LCD panel create success, version: 1.0.0
W (1508) sh8601: The 3Ah command has been used and will be overwritten by external initialization sequence
W (1508) sh8601: The 36h command has been used and will be overwritten by external initialization sequence
I (1692) CST9217: Checkcode: 0x204ECACA
I (1694) CST9217: Resolution X: 480, Y: 480
I (1696) CST9217: Chip Type: 0x9220, ProjectID: 0x542F
I (1696) esp_lvgl:adapter: LVGL adapter initialized successfully
I (1706) esp_lvgl:touch: Touch input device registered successfully (IRQ mode: enabled)
I (1714) esp_lvgl:adapter: LVGL task started successfully
i2c: {sda: 8, scl: 7}
i2s: {mclk: 19, bclk: 20, ws: 22, din: 21, dout: 23}
out: {codec: ES8311, pa: -1, pa_gain: 6, use_mclk: 1, pa_gain: 6}
Codec 0 dir 2 type:1
in: {codec: ES7210}
Codec 1 dir 1 type:2
I (1736) CODEC_INIT: in:1 out:1 port: 1
I (1740) CODEC_INIT: Success to int i2c: 0
I (1746) CODEC_INIT: Init i2s 0 type: 3 mclk:19 bclk:20 ws:22 din:21 dout:23
I (1753) CODEC_INIT: tx:0x4087e71c rx:0x4087e8d8
W (1758) i2s_tdm: the current mclk multiple is too small, adjust the mclk multiple to 384
I (1767) CODEC_INIT: output init tdm ret 0
W (1771) i2s_common: the rx channel on I2S0 is switched from master to slave for full-duplex mode
W (1781) i2s_tdm: the current mclk multiple is too small, adjust the mclk multiple to 384
W (1790) i2s_tdm: the mclk/bclk ratio 3 is too small for the full-duplex rx slave (min 4), data might be sampled incorrectly, please increase mclk_multiple
I (1805) CODEC_INIT: Input init tdm ret 0
I (1809) CODEC_INIT: Init i2s 0 ok
I (1813) CODEC_INIT: Success to init i2s: 0
I (1818) CODEC_INIT: Success to int i2c: 0
I (1823) CODEC_INIT: Success to init i2s: 0
I (1828) CODEC_INIT: Get out handle 0x4087e71c port 0
I (1839) ES8311: Work in Slave mode
I (1844) ES7210: Work in Slave mode
I (1851) ES7210: Enable ES7210_INPUT_MIC1
I (1853) ES7210: Enable ES7210_INPUT_MIC2
I (1856) ES7210: Enable ES7210_INPUT_MIC3
I (1859) ES7210: Enable ES7210_INPUT_MIC4
I (1863) ES7210: Enable TDM mode
I (1872) I2S_IF: channel mode 2 bits:16/16 channel:2 mask:3
I (1872) I2S_IF: TDM Mode 1 bits:16/16 channel:2 sample_rate:16000 mask:3
I (1893) Adev_Codec: Open codec device OK
I (1893) I2S_IF: channel mode 2 bits:16/16 channel:2 mask:3
I (1893) I2S_IF: TDM Mode 0 bits:16/16 channel:2 sample_rate:16000 mask:3
I (1901) ES7210: Bits 8
I (1910) ES7210: Enable ES7210_INPUT_MIC1
I (1912) ES7210: Enable ES7210_INPUT_MIC2
I (1915) ES7210: Enable ES7210_INPUT_MIC3
I (1920) ES7210: Enable ES7210_INPUT_MIC4
I (1925) ES7210: Enable TDM mode
I (1931) ES7210: Unmuted
I (1931) Adev_Codec: Open codec device OK
I (1934) Adev_Codec: Input already open
I (1938) Adev_Codec: Input already open
I (2121) pp: pp rom version: 5b8dcfa
I (2122) net80211: net80211 rom version: 5b8dcfa
I (2123) wifi:wifi driver task: 4086a5f4, prio:23, stack:6656, core=0
I (2132) wifi:wifi firmware version: b9f67df
I (2132) wifi:wifi certification version: v7.0
I (2134) wifi:config NVS flash: enabled
I (2138) wifi:config nano formatting: disabled
I (2142) wifi:mac_version:HAL_MAC_ESP32AX_761,ut_version:N, band mode:0x1
I (2149) wifi:Init data frame dynamic rx buffer num: 16
I (2153) wifi:Init static rx mgmt buffer num: 5
I (2157) wifi:Init management short buffer num: 32
I (2162) wifi:Init static tx buffer num: 16
I (2166) wifi:Init static tx FG buffer num: 2
I (2170) wifi:Init static rx buffer size: 1700 (rxctrl:92, csi:512)
I (2176) wifi:Init static rx buffer num: 10
I (2180) wifi:Init dynamic rx buffer num: 16
I (2185) wifi_init: rx ba win: 6
I (2188) wifi_init: accept mbox: 6
I (2192) wifi_init: tcpip mbox: 32
I (2196) wifi_init: udp mbox: 6
I (2200) wifi_init: tcp mbox: 6
I (2204) wifi_init: tcp tx win: 5760
I (2208) wifi_init: tcp rx win: 5760
I (2212) wifi_init: tcp mss: 1240
I (2216) wifi_init: WiFi IRAM OP enabled
I (2221) wifi_init: WiFi RX IRAM OP enabled
I (2226) wifi_init: WiFi SLP IRAM OP enabled
W (2231) wifi:Password length matches WPA2 standards, authmode threshold changes from OPEN to WPA2
I (2240) phy_init: phy_version 345,552b044,Jul 14 2026,10:37:00
I (2307) wifi:11ax coex: WDEVAX_PTI0(0x55777555), WDEVAX_PTI1(0x00003377).
I (2308) wifi:mode : sta (20:6e:f1:16:e0:a4)
I (2308) wifi:enable tsf
I (2322) wifi:new:<6,0>, old:<1,0>, ap:<255,255>, sta:<6,0>, prof:1, snd_ch_cfg:0x0
I (2323) wifi:(connect)dot11_authmode:0x3, pairwise_cipher:0x3, group_cipher:0x3
I (2326) wifi:state: init -> auth (0xb0)
I (2338) clara_net: Wi-Fi protocols limited to 11b/g/n mask=0x07
I (2338) wifi:Set ps type: 0, coexist: 0
I (2340) clara_c6: Clara UI ready; touch the Clara tile
I (2350) main_task: Returned from app_main()
I (2354) wifi:state: auth -> assoc (0x0)
I (2362) wifi:(assoc)RESP, Extended Capabilities length:8, operating_mode_notification:0
I (2363) wifi:(assoc)RESP, Extended Capabilities, MBSSID:0, TWT Responder:0, OBSS Narrow Bandwidth RU In OFDMA Tolerance:0
I (2373) wifi:Extended Capabilities length:8, operating_mode_notification:1
I (2380) wifi:state: assoc -> run (0x10)
I (2383) wifi:(trc)phytype:CBW20-SGI, snr:45, maxRate:144, highestRateIdx:0
W (2390) wifi:(trc)band:2G, phymode:3, highestRateIdx:0, lowestRateIdx:11, dataSchedTableSize:14
I (2398) wifi:(trc)band:2G, rate(S-MCS7, rateIdx:0), ampdu(rate:S-MCS7, schedIdx(0, stop:8)), snr:45, ampduState:wait operational
I (2410) wifi:ifidx:0, rssi:-42, nf:-87, phytype(0x3, CBW20-SGI), phymode(0x3, 11bgn), max_rate:144, he:0, vht:0, ht:1
I (2420) wifi:(ht)max.RxAMPDULenExponent:3(65535 bytes), MMSS:6(8 us)
I (2472) wifi:connected with oxygen‘s iPhone, aid = 16, channel 6, BW20, bssid = 5a:ab:6e:47:58:b4
I (2472) wifi:security: WPA2-PSK, phy: bgn, rssi: -42, cipher(pairwise:0x3, group:0x3), pmf:0
I (2479) wifi:pm start, type: 0, twt_start:0
I (2482) wifi:pm start, type:0, aid:0x10, trans-BSSID:5a:ab:6e:47:58:b4, BSSID[5]:0xb4, mbssid(max-indicator:0, index:0), he:0
I (2493) wifi:dp: 1, bi: 102400, li: 3, scale listen interval from 307200 us to 307200 us
I (2501) wifi:set rx beacon pti, rx_bcn_pti: 10, bcn_timeout: 25000, mt_pti: 10, mt_time: 10000
I (2510) wifi:[ADDBA]TX addba request, tid:0, dialogtoken:1, bufsize:64, A-MSDU:0(not supported), policy:1(IMR), ssn:0(0x0)
I (2521) wifi:[ADDBA]TX addba request, tid:7, dialogtoken:2, bufsize:64, A-MSDU:0(not supported), policy:1(IMR), ssn:0(0x20)
I (2531) wifi:[ADDBA]TX addba request, tid:5, dialogtoken:3, bufsize:64, A-MSDU:0(not supported), policy:1(IMR), ssn:0(0x0)
W (2543) wifi:<ba-add>idx:0, ifx:0, tid:0, TAHI:0x100b458, TALO:0x476eab5a, (ssn:3765, win:64, cur_ssn:3765), CONF:0xc0000005
W (2553) wifi:<ba-add>idx:1, ifx:0, tid:2, TAHI:0x100b458, TALO:0x476eab5a, (ssn:2378, win:64, cur_ssn:2378), CONF:0xc0002005
W (2564) wifi:<ba-add>idx:2, ifx:0, tid:4, TAHI:0x100b458, TALO:0x476eab5a, (ssn:187, win:64, cur_ssn:187), CONF:0xc0004005
W (2575) wifi:<ba-add>idx:3, ifx:0, tid:6, TAHI:0x100b458, TALO:0x476eab5a, (ssn:2522, win:64, cur_ssn:2522), CONF:0xc0006005
I (2586) wifi:[ADDBA]RX addba response, status:0, tid:0/tb:1(0xa1), bufsize:64, batimeout:0, txa_wnd:8
I (2608) wifi:[ADDBA]RX addba response, status:0, tid:7/tb:1(0xa1), bufsize:64, batimeout:0, txa_wnd:8
I (2609) wifi:[ADDBA]RX addba response, status:0, tid:5/tb:1(0xa1), bufsize:64, batimeout:0, txa_wnd:8
I (2627) wifi:AP's beacon interval = 102400 us, DTIM period = 1
I (3630) esp_netif_handlers: sta ip: 172.20.10.10, mask: 255.255.255.240, gw: 172.20.10.1
I (3630) clara_net: DHCP DNS main=172.20.10.1
I (10340) clara_c6: Boot network self-test begin
I (13640) clara_net: Wi-Fi scan found 14 AP(s)
I (13640) clara_net: scan[0] ssid="LDKJ" rssi=-32 ch=6 auth=3
I (13640) clara_net: scan[1] ssid="" rssi=-32 ch=6 auth=3
I (13647) clara_net: scan[2] ssid="" rssi=-44 ch=6 auth=3
I (13653) clara_net: scan[3] ssid="I-CUBE" rssi=-46 ch=1 auth=0
I (13659) clara_net: scan[4] ssid="USYDer" rssi=-53 ch=1 auth=4
I (13666) clara_net: scan[5] ssid="Be_my_guest" rssi=-53 ch=1 auth=4
I (13673) clara_net: scan[6] ssid="TP-LINK_84D2" rssi=-55 ch=11 auth=4
I (13680) clara_net: scan[7] ssid="" rssi=-55 ch=11 auth=4
I (13687) clara_net: scan[8] ssid="henlyn-ai" rssi=-56 ch=6 auth=3
I (13693) clara_net: scan[9] ssid="HLSEMI" rssi=-71 ch=11 auth=3
I (13700) clara_net: scan[10] ssid="ChinaNet-6xVX" rssi=-74 ch=1 auth=4
I (13707) clara_net: scan[11] ssid="SHQJZY" rssi=-77 ch=6 auth=4
I (13714) clara_net: scan[12] ssid="DCW1550_DB9C" rssi=-79 ch=6 auth=4
I (13721) clara_net: scan[13] ssid="HLSEMI_Wi-Fi5" rssi=-79 ch=11 auth=3
I (13743) clara_net: diag dns clare.vinex.top -> 172.67.178.147
I (14364) clara_net: diag tcp clare.vinex.top:443 CONNECTED
I (19367) clara_net: diag tcp 1.1.1.1:443 TIMEOUT/ERR ret=0
I (19367) clara_net: Create session URL ready=1
I (19368) clara_net: HTTP before init free8=32324 largest8=14592 free_internal=32324 largest_internal=14592
E (37494) esp-tls: [sock=54] delayed connect error: Software caused connection abort
E (37495) esp-tls: Failed to open new connection
E (37497) transport_base: Failed to open a new connection
E (37503) HTTP_CLIENT: Connection failed, sock < 0
I (37508) clara_net: HTTP response status=0 bytes=0 truncated=0
W (37515) clara_net: HTTP request failed err=28674 status=0 tls=0 flags=0x0
I (37523) clara_c6: Network error  •  check Wi-Fi/API
I (37529) clara_c6: Boot network self-test session err=28674 (attempt 1/4)
W (37536) clara_c6: Boot network self-test attempt 1 failed, retrying in 5000 ms
I (42544) clara_net: Create session URL ready=1
I (42544) clara_net: HTTP before init free8=32324 largest8=14592 free_internal=32324 largest_internal=14592
W (42885) esp-tls-mbedtls: mbedtls_x509_crt_parse was partly successful. No. of failed certificates: 1
E (44266) esp-tls-mbedtls: mbedtls_ssl_handshake returned -0x2700
E (44267) esp-tls: Failed to open new connection
E (44268) transport_base: Failed to open a new connection
E (44275) HTTP_CLIENT: Connection failed, sock < 0
I (44279) clara_net: HTTP response status=0 bytes=0 truncated=0
W (44286) clara_net: HTTP request failed err=28674 status=0 tls=9984 flags=0x0
I (44294) clara_c6: Network error  •  check Wi-Fi/API
I (44300) clara_c6: Boot network self-test session err=28674 (attempt 2/4)
W (44307) clara_c6: Boot network self-test attempt 2 failed, retrying in 5000 ms
I (49315) clara_net: Create session URL ready=1
I (49315) clara_net: HTTP before init free8=31976 largest8=14592 free_internal=31976 largest_internal=14592
W (49719) esp-tls-mbedtls: mbedtls_x509_crt_parse was partly successful. No. of failed certificates: 1
E (52579) esp-tls-mbedtls: mbedtls_ssl_handshake returned -0x2700
E (52579) esp-tls: Failed to open new connection
E (52580) transport_base: Failed to open a new connection
E (52587) HTTP_CLIENT: Connection failed, sock < 0
I (52592) clara_net: HTTP response status=0 bytes=0 truncated=0
W (52598) clara_net: HTTP request failed err=28674 status=0 tls=9984 flags=0x0
I (52608) clara_c6: Network error  •  check Wi-Fi/API
I (52612) clara_c6: Boot network self-test session err=28674 (attempt 3/4)
W (52620) clara_c6: Boot network self-test attempt 3 failed, retrying in 5000 ms
I (57628) clara_net: Create session URL ready=1
I (57628) clara_net: HTTP before init free8=31976 largest8=14592 free_internal=31976 largest_internal=14592
W (59025) esp-tls-mbedtls: mbedtls_x509_crt_parse was partly successful. No. of failed certificates: 1
