I (390) esp_image: segment 3: paddr=0018e6fc vaddr=4080c324 size=2d258h (184920) load
I (431) esp_image: segment 4: paddr=001bb95c vaddr=40839580 size=03e20h ( 15904) load
I (448) boot: Loaded app from partition at offset 0x10000
I (448) boot: Disabling RNG early entropy source...
I (458) cpu_start: Unicore app
I (467) cpu_start: GPIO 17 and 16 are used as console UART I/O pins
I (467) cpu_start: Pro cpu start user code
I (467) cpu_start: cpu freq: 160000000 Hz
I (472) app_init: Application information:
I (477) app_init: Project name:     Clara_C6
I (482) app_init: App version:      4b9bf00-dirty
I (487) app_init: Compile time:     Aug 25 2026 21:19:31
I (493) app_init: ELF file SHA256:  a6bd6d0fb13b3d1e...
I (499) app_init: ESP-IDF:          1a1a5aa6-dirty
I (504) efuse_init: Min chip rev:     v0.0
I (509) efuse_init: Max chip rev:     v0.99 
I (514) efuse_init: Chip rev:         v0.2
I (519) heap_init: Initializing. RAM available for dynamic allocation:
I (526) heap_init: At 40853620 len 00028FF0 (163 KiB): RAM
I (532) heap_init: At 4087C610 len 00002F54 (11 KiB): RAM
I (538) heap_init: At 50000000 len 00003FE8 (15 KiB): RTCRAM
I (545) spi_flash: detected chip: generic
I (549) spi_flash: flash io: dio
I (554) sleep_gpio: Configure to isolate all GPIO pins in sleep state
I (561) sleep_gpio: Enable automatic switching of GPIO sleep configuration
I (579) main_task: Started on CPU0
I (583) main_task: Calling app_main()
I (587) clara_c6: Clara C6 starting
I (602) axp2101: Init PMU SUCCESS!
I (608) DisplayPort: SPI BUS init
I (608) DisplayPort: Install panel IO
I (609) sh8601: LCD panel create success, version: 1.0.0
W (1512) sh8601: The 3Ah command has been used and will be overwritten by external initialization sequence
W (1512) sh8601: The 36h command has been used and will be overwritten by external initialization sequence
I (1696) CST9217: Checkcode: 0x204ECACA
I (1698) CST9217: Resolution X: 480, Y: 480
I (1700) CST9217: Chip Type: 0x9220, ProjectID: 0x542F
I (1700) esp_lvgl:adapter: LVGL adapter initialized successfully
I (1710) esp_lvgl:touch: Touch input device registered successfully (IRQ mode: enabled)
I (1718) esp_lvgl:adapter: LVGL task started successfully
i2c: {sda: 8, scl: 7}
i2s: {mclk: 19, bclk: 20, ws: 22, din: 21, dout: 23}
out: {codec: ES8311, pa: -1, pa_gain: 6, use_mclk: 1, pa_gain: 6}
Codec 0 dir 2 type:1
in: {codec: ES7210}
Codec 1 dir 1 type:2
I (1740) CODEC_INIT: in:1 out:1 port: 1
I (1744) CODEC_INIT: Success to int i2c: 0
I (1749) CODEC_INIT: Init i2s 0 type: 3 mclk:19 bclk:20 ws:22 din:21 dout:23
I (1757) CODEC_INIT: tx:0x4087e71c rx:0x4087e8d8
W (1762) i2s_tdm: the current mclk multiple is too small, adjust the mclk multiple to 384
I (1771) CODEC_INIT: output init tdm ret 0
W (1775) i2s_common: the rx channel on I2S0 is switched from master to slave for full-duplex mode
W (1785) i2s_tdm: the current mclk multiple is too small, adjust the mclk multiple to 384
W (1794) i2s_tdm: the mclk/bclk ratio 3 is too small for the full-duplex rx slave (min 4), data might be sampled incorrectly, please increase mclk_multiple
I (1809) CODEC_INIT: Input init tdm ret 0
I (1813) CODEC_INIT: Init i2s 0 ok
I (1817) CODEC_INIT: Success to init i2s: 0
I (1822) CODEC_INIT: Success to int i2c: 0
I (1827) CODEC_INIT: Success to init i2s: 0
I (1832) CODEC_INIT: Get out handle 0x4087e71c port 0
I (1842) ES8311: Work in Slave mode
I (1848) ES7210: Work in Slave mode
I (1855) ES7210: Enable ES7210_INPUT_MIC1
I (1857) ES7210: Enable ES7210_INPUT_MIC2
I (1860) ES7210: Enable ES7210_INPUT_MIC3
I (1863) ES7210: Enable ES7210_INPUT_MIC4
I (1867) ES7210: Enable TDM mode
I (1876) I2S_IF: channel mode 2 bits:16/16 channel:2 mask:3
I (1876) I2S_IF: TDM Mode 1 bits:16/16 channel:2 sample_rate:16000 mask:3
I (1897) Adev_Codec: Open codec device OK
I (1897) I2S_IF: channel mode 2 bits:16/16 channel:2 mask:3
I (1897) I2S_IF: TDM Mode 0 bits:16/16 channel:2 sample_rate:16000 mask:3
I (1905) ES7210: Bits 8
I (1914) ES7210: Enable ES7210_INPUT_MIC1
I (1917) ES7210: Enable ES7210_INPUT_MIC2
I (1919) ES7210: Enable ES7210_INPUT_MIC3
I (1924) ES7210: Enable ES7210_INPUT_MIC4
I (1929) ES7210: Enable TDM mode
I (1935) ES7210: Unmuted
I (1935) Adev_Codec: Open codec device OK
I (1938) Adev_Codec: Input already open
I (1942) Adev_Codec: Input already open
I (2126) pp: pp rom version: 5b8dcfa
I (2127) net80211: net80211 rom version: 5b8dcfa
I (2128) wifi:wifi driver task: 4086e5f4, prio:23, stack:6656, core=0
I (2137) wifi:wifi firmware version: b9f67df
I (2137) wifi:wifi certification version: v7.0
I (2139) wifi:config NVS flash: enabled
I (2143) wifi:config nano formatting: disabled
I (2147) wifi:mac_version:HAL_MAC_ESP32AX_761,ut_version:N, band mode:0x1
I (2154) wifi:Init data frame dynamic rx buffer num: 16
I (2158) wifi:Init static rx mgmt buffer num: 5
I (2162) wifi:Init management short buffer num: 32
I (2167) wifi:Init static tx buffer num: 16
I (2171) wifi:Init static tx FG buffer num: 2
I (2175) wifi:Init static rx buffer size: 1700 (rxctrl:92, csi:512)
I (2181) wifi:Init static rx buffer num: 10
I (2185) wifi:Init dynamic rx buffer num: 16
I (2190) wifi_init: rx ba win: 6
I (2193) wifi_init: accept mbox: 6
I (2197) wifi_init: tcpip mbox: 32
I (2201) wifi_init: udp mbox: 6
I (2205) wifi_init: tcp mbox: 6
I (2208) wifi_init: tcp tx win: 5760
I (2213) wifi_init: tcp rx win: 5760
I (2217) wifi_init: tcp mss: 1240
I (2221) wifi_init: WiFi IRAM OP enabled
I (2226) wifi_init: WiFi RX IRAM OP enabled
I (2230) wifi_init: WiFi SLP IRAM OP enabled
W (2236) wifi:Password length matches WPA2 standards, authmode threshold changes from OPEN to WPA2
I (2245) phy_init: phy_version 345,552b044,Jul 14 2026,10:37:00
I (2316) wifi:11ax coex: WDEVAX_PTI0(0x55777555), WDEVAX_PTI1(0x00003377).
I (2317) wifi:mode : sta (20:6e:f1:16:e0:a4)
I (2317) wifi:enable tsf
W (2321) wifi:m f probe req l=0
I (2334) clara_net: Wi-Fi protocols limited to 11b/g/n mask=0x07
I (2335) wifi:Set ps type: 0, coexist: 0
I (2335) clara_c6: Clara UI ready; touch the Clara tile
I (2340) main_task: Returned from app_main()
W (4729) clara_net: Wi-Fi disconnected reason=201 retry=1
I (4739) wifi:new:<6,0>, old:<1,0>, ap:<255,255>, sta:<6,0>, prof:1, snd_ch_cfg:0x0
I (4740) wifi:(connect)dot11_authmode:0x3, pairwise_cipher:0x3, group_cipher:0x3
I (4743) wifi:state: init -> auth (0xb0)
I (5747) wifi:state: auth -> init (0x200)
W (5751) clara_net: Wi-Fi disconnected reason=2 retry=2
I (8044) wifi:(connect)dot11_authmode:0x3, pairwise_cipher:0x3, group_cipher:0x3
I (8045) wifi:state: init -> auth (0xb0)
I (8058) wifi:state: auth -> assoc (0x0)
I (8065) wifi:(assoc)RESP, Extended Capabilities length:8, operating_mode_notification:0
I (8066) wifi:(assoc)RESP, Extended Capabilities, MBSSID:0, TWT Responder:0, OBSS Narrow Bandwidth RU In OFDMA Tolerance:0
I (8073) wifi:Extended Capabilities length:8, operating_mode_notification:1
I (8080) wifi:state: assoc -> run (0x10)
I (8084) wifi:(trc)phytype:CBW20-SGI, snr:41, maxRate:144, highestRateIdx:0
W (8090) wifi:(trc)band:2G, phymode:3, highestRateIdx:0, lowestRateIdx:11, dataSchedTableSize:14
I (8099) wifi:(trc)band:2G, rate(S-MCS7, rateIdx:0), ampdu(rate:S-MCS7, schedIdx(0, stop:8)), snr:41, ampduState:wait operational
I (8110) wifi:ifidx:0, rssi:-45, nf:-86, phytype(0x3, CBW20-SGI), phymode(0x3, 11bgn), max_rate:144, he:0, vht:0, ht:1
I (8121) wifi:(ht)max.RxAMPDULenExponent:3(65535 bytes), MMSS:6(8 us)
I (8164) wifi:connected with oxygen‘s iPhone, aid = 16, channel 6, BW20, bssid = 5a:ab:6e:47:58:b4
I (8164) wifi:security: WPA2-PSK, phy: bgn, rssi: -45, cipher(pairwise:0x3, group:0x3), pmf:0
I (8171) wifi:pm start, type: 0, twt_start:0
I (8174) wifi:pm start, type:0, aid:0x10, trans-BSSID:5a:ab:6e:47:58:b4, BSSID[5]:0xb4, mbssid(max-indicator:0, index:0), he:0
I (8185) wifi:dp: 1, bi: 102400, li: 3, scale listen interval from 307200 us to 307200 us
I (8193) wifi:set rx beacon pti, rx_bcn_pti: 10, bcn_timeout: 25000, mt_pti: 10, mt_time: 10000
I (8202) wifi:[ADDBA]TX addba request, tid:0, dialogtoken:1, bufsize:64, A-MSDU:0(not supported), policy:1(IMR), ssn:0(0x0)
I (8213) wifi:[ADDBA]TX addba request, tid:7, dialogtoken:2, bufsize:64, A-MSDU:0(not supported), policy:1(IMR), ssn:0(0x20)
I (8223) wifi:[ADDBA]TX addba request, tid:5, dialogtoken:3, bufsize:64, A-MSDU:0(not supported), policy:1(IMR), ssn:0(0x0)
W (8235) wifi:<ba-add>idx:0, ifx:0, tid:0, TAHI:0x100b458, TALO:0x476eab5a, (ssn:2267, win:64, cur_ssn:2267), CONF:0xc0000005
W (8245) wifi:<ba-add>idx:1, ifx:0, tid:2, TAHI:0x100b458, TALO:0x476eab5a, (ssn:3960, win:64, cur_ssn:3960), CONF:0xc0002005
W (8256) wifi:<ba-add>idx:2, ifx:0, tid:4, TAHI:0x100b458, TALO:0x476eab5a, (ssn:1617, win:64, cur_ssn:1617), CONF:0xc0004005
W (8267) wifi:<ba-add>idx:3, ifx:0, tid:6, TAHI:0x100b458, TALO:0x476eab5a, (ssn:3768, win:64, cur_ssn:3768), CONF:0xc0006005
I (8278) wifi:AP's beacon interval = 102400 us, DTIM period = 1
I (8285) wifi:[ADDBA]RX addba response, status:0, tid:0/tb:1(0xa1), bufsize:64, batimeout:0, txa_wnd:8
I (8298) wifi:[ADDBA]RX addba response, status:0, tid:7/tb:1(0xa1), bufsize:64, batimeout:0, txa_wnd:8
I (8318) wifi:[ADDBA]RX addba response, status:0, tid:5/tb:1(0xa1), bufsize:64, batimeout:0, txa_wnd:8
I (9364) esp_netif_handlers: sta ip: 172.20.10.10, mask: 255.255.255.240, gw: 172.20.10.1
I (9364) clara_net: DHCP DNS main=172.20.10.1
I (10335) clara_c6: Boot network self-test begin
I (13835) clara_net: Wi-Fi scan found 14 AP(s)
I (13835) clara_net: scan[0] ssid="LDKJ" rssi=-32 ch=6 auth=3
I (13836) clara_net: scan[1] ssid="" rssi=-32 ch=6 auth=3
I (13842) clara_net: scan[2] ssid="" rssi=-45 ch=6 auth=3
I (13848) clara_net: scan[3] ssid="USYDer" rssi=-49 ch=1 auth=4
I (13854) clara_net: scan[4] ssid="Be_my_guest" rssi=-50 ch=1 auth=4
I (13861) clara_net: scan[5] ssid="TP-LINK_84D2" rssi=-56 ch=11 auth=4
I (13869) clara_net: scan[6] ssid="" rssi=-56 ch=11 auth=4
I (13875) clara_net: scan[7] ssid="henlyn-ai" rssi=-66 ch=6 auth=3
I (13882) clara_net: scan[8] ssid="CU_g8jn" rssi=-66 ch=11 auth=4
I (13888) clara_net: scan[9] ssid="I-CUBE" rssi=-67 ch=1 auth=0
I (13895) clara_net: scan[10] ssid="CU_DMEC" rssi=-68 ch=3 auth=4
I (13902) clara_net: scan[11] ssid="I-CUBE" rssi=-76 ch=11 auth=0
I (13908) clara_net: scan[12] ssid="AMICRO" rssi=-78 ch=3 auth=4
I (13915) clara_net: scan[13] ssid="SHQJZY" rssi=-78 ch=6 auth=4
I (13952) clara_net: diag dns clare.vinex.top -> 172.67.178.147
I (14313) clara_net: diag tcp clare.vinex.top:443 CONNECTED
I (19315) clara_net: diag tcp 1.1.1.1:443 TIMEOUT/ERR ret=0
I (19316) clara_net: Create session URL ready=1
I (19316) clara_net: HTTP before init free8=15944 largest8=13312 free_internal=15944 largest_internal=13312
W (31169) wifi:m f null
E (34468) esp-tls-mbedtls: mbedtls_ssl_handshake returned -0x7100
E (34468) esp-tls: Failed to open new connection
E (34469) transport_base: Failed to open a new connection
E (34476) HTTP_CLIENT: Connection failed, sock < 0
I (34481) clara_net: HTTP response status=0 bytes=0 truncated=0
W (34487) clara_net: HTTP request failed err=28674 status=0 tls=28928 flags=0x0
I (34496) clara_c6: Network error  •  check Wi-Fi/API
I (34501) clara_c6: Boot network self-test session err=28674 (attempt 1/4)
W (34509) clara_c6: Boot network self-test attempt 1 failed, retrying in 5000 ms
I (39517) clara_net: Create session URL ready=1
I (39517) clara_net: HTTP before init free8=15764 largest8=4864 free_internal=15764 largest_internal=4864
