I (390) esp_image: segment 3: paddr=0018e314 vaddr=4080fdd4 size=297a8h (169896) load
I (428) esp_image: segment 4: paddr=001b7ac4 vaddr=40839580 size=03e20h ( 15904) load
I (445) boot: Loaded app from partition at offset 0x10000
I (445) boot: Disabling RNG early entropy source...
I (455) cpu_start: Unicore app
I (463) cpu_start: GPIO 17 and 16 are used as console UART I/O pins
I (464) cpu_start: Pro cpu start user code
I (464) cpu_start: cpu freq: 160000000 Hz
I (469) app_init: Application information:
I (473) app_init: Project name:     Clara_C6
I (478) app_init: App version:      4b9bf00-dirty
I (484) app_init: Compile time:     Aug 25 2026 22:01:55
I (490) app_init: ELF file SHA256:  06aa1e3cfdb797ae...
I (496) app_init: ESP-IDF:          1a1a5aa6-dirty
I (501) efuse_init: Min chip rev:     v0.0
I (506) efuse_init: Max chip rev:     v0.99 
I (511) efuse_init: Chip rev:         v0.2
I (516) heap_init: Initializing. RAM available for dynamic allocation:
I (523) heap_init: At 4084D620 len 0002EFF0 (187 KiB): RAM
I (529) heap_init: At 4087C610 len 00002F54 (11 KiB): RAM
I (535) heap_init: At 50000000 len 00003FE8 (15 KiB): RTCRAM
I (542) spi_flash: detected chip: generic
I (546) spi_flash: flash io: dio
I (551) sleep_gpio: Configure to isolate all GPIO pins in sleep state
I (557) sleep_gpio: Enable automatic switching of GPIO sleep configuration
I (575) main_task: Started on CPU0
I (578) main_task: Calling app_main()
I (583) clara_c6: Clara C6 starting
I (598) axp2101: Init PMU SUCCESS!
I (604) DisplayPort: SPI BUS init
I (604) DisplayPort: Install panel IO
I (605) sh8601: LCD panel create success, version: 1.0.0
W (1508) sh8601: The 3Ah command has been used and will be overwritten by external initialization sequence
W (1508) sh8601: The 36h command has been used and will be overwritten by external initialization sequence
I (1692) CST9217: Checkcode: 0x204ECACA
I (1694) CST9217: Resolution X: 480, Y: 480
I (1696) CST9217: Chip Type: 0x9220, ProjectID: 0x542F
I (1696) esp_lvgl:adapter: LVGL adapter initialized successfully
I (1706) esp_lvgl:touch: Touch input device registered successfully (IRQ mode: enabled)
I (1714) esp_lvgl:adapter: LVGL task started successfully
i2c: {sda: 8, scl: 7}
i2s: {mclk: 19, bclk: 20, ws: 22, din: 21, dout: 23}
out: {codec: ES8311, pa: -1, pa_gain: 6, use_mclk: 1, pa_gain: 6}
Codec 0 dir 2 type:1
in: {codec: ES7210}
Codec 1 dir 1 type:2
I (1736) CODEC_INIT: in:1 out:1 port: 1
I (1740) CODEC_INIT: Success to int i2c: 0
I (1745) CODEC_INIT: Init i2s 0 type: 3 mclk:19 bclk:20 ws:22 din:21 dout:23
I (1753) CODEC_INIT: tx:0x4087e71c rx:0x4087e8d8
W (1758) i2s_tdm: the current mclk multiple is too small, adjust the mclk multiple to 384
I (1767) CODEC_INIT: output init tdm ret 0
W (1771) i2s_common: the rx channel on I2S0 is switched from master to slave for full-duplex mode
W (1781) i2s_tdm: the current mclk multiple is too small, adjust the mclk multiple to 384
W (1790) i2s_tdm: the mclk/bclk ratio 3 is too small for the full-duplex rx slave (min 4), data might be sampled incorrectly, please increase mclk_multiple
I (1805) CODEC_INIT: Input init tdm ret 0
I (1809) CODEC_INIT: Init i2s 0 ok
I (1813) CODEC_INIT: Success to init i2s: 0
I (1818) CODEC_INIT: Success to int i2c: 0
I (1823) CODEC_INIT: Success to init i2s: 0
I (1828) CODEC_INIT: Get out handle 0x4087e71c port 0
I (1839) ES8311: Work in Slave mode
I (1844) ES7210: Work in Slave mode
I (1851) ES7210: Enable ES7210_INPUT_MIC1
I (1853) ES7210: Enable ES7210_INPUT_MIC2
I (1856) ES7210: Enable ES7210_INPUT_MIC3
I (1859) ES7210: Enable ES7210_INPUT_MIC4
I (1863) ES7210: Enable TDM mode
I (1872) I2S_IF: channel mode 2 bits:16/16 channel:2 mask:3
I (1872) I2S_IF: TDM Mode 1 bits:16/16 channel:2 sample_rate:16000 mask:3
I (1893) Adev_Codec: Open codec device OK
I (1893) I2S_IF: channel mode 2 bits:16/16 channel:2 mask:3
I (1893) I2S_IF: TDM Mode 0 bits:16/16 channel:2 sample_rate:16000 mask:3
I (1901) ES7210: Bits 8
I (1910) ES7210: Enable ES7210_INPUT_MIC1
I (1913) ES7210: Enable ES7210_INPUT_MIC2
I (1915) ES7210: Enable ES7210_INPUT_MIC3
I (1920) ES7210: Enable ES7210_INPUT_MIC4
I (1925) ES7210: Enable TDM mode
I (1931) ES7210: Unmuted
I (1931) Adev_Codec: Open codec device OK
I (1934) Adev_Codec: Input already open
I (1938) Adev_Codec: Input already open
I (2123) pp: pp rom version: 5b8dcfa
I (2123) net80211: net80211 rom version: 5b8dcfa
I (2125) wifi:wifi driver task: 408685f4, prio:23, stack:6656, core=0
I (2134) wifi:wifi firmware version: b9f67df
I (2134) wifi:wifi certification version: v7.0
I (2136) wifi:config NVS flash: enabled
I (2139) wifi:config nano formatting: disabled
I (2144) wifi:mac_version:HAL_MAC_ESP32AX_761,ut_version:N, band mode:0x1
I (2151) wifi:Init data frame dynamic rx buffer num: 16
I (2155) wifi:Init static rx mgmt buffer num: 5
I (2159) wifi:Init management short buffer num: 32
I (2164) wifi:Init static tx buffer num: 16
I (2168) wifi:Init static tx FG buffer num: 2
I (2172) wifi:Init static rx buffer size: 1700 (rxctrl:92, csi:512)
I (2178) wifi:Init static rx buffer num: 10
I (2182) wifi:Init dynamic rx buffer num: 16
I (2187) wifi_init: accept mbox: 6
I (2190) wifi_init: tcpip mbox: 32
I (2194) wifi_init: udp mbox: 6
I (2198) wifi_init: tcp mbox: 6
I (2202) wifi_init: tcp tx win: 5760
I (2206) wifi_init: tcp rx win: 5760
I (2210) wifi_init: tcp mss: 1240
I (2214) wifi_init: WiFi IRAM OP enabled
I (2219) wifi_init: WiFi RX IRAM OP enabled
I (2223) wifi_init: WiFi SLP IRAM OP enabled
W (2229) wifi:Password length matches WPA2 standards, authmode threshold changes from OPEN to WPA2
I (2237) phy_init: phy_version 345,552b044,Jul 14 2026,10:37:00
I (2305) wifi:11ax coex: WDEVAX_PTI0(0x55777555), WDEVAX_PTI1(0x00003377).
I (2306) wifi:mode : sta (20:6e:f1:16:e0:a4)
I (2306) wifi:enable tsf
I (2320) wifi:new:<6,0>, old:<1,0>, ap:<255,255>, sta:<6,0>, prof:1, snd_ch_cfg:0x0
I (2321) wifi:(connect)dot11_authmode:0x3, pairwise_cipher:0x3, group_cipher:0x3
I (2324) wifi:state: init -> auth (0xb0)
I (2334) wifi:state: auth -> assoc (0x0)
I (2337) clara_net: Wi-Fi protocols limited to 11b/g/n mask=0x07
I (2338) wifi:Set ps type: 0, coexist: 0
I (2342) clara_c6: Clara UI ready; touch the Clara tile
I (2343) wifi:(assoc)RESP, Extended Capabilities length:11, operating_mode_notification:0
I (2355) wifi:(assoc)RESP, Extended Capabilities, MBSSID:0, TWT Responder:0, OBSS Narrow Bandwidth RU In OFDMA Tolerance:0
I (2366) wifi:Extended Capabilities length:11, operating_mode_notification:1
I (2374) wifi:BSS max idle period:291(1000TU), protected keep alive:FALSE
I (2380) wifi:state: assoc -> run (0x10)
I (2383) wifi:(trc)phytype:CBW20-SGI, snr:57, maxRate:144, highestRateIdx:0
W (2390) wifi:(trc)band:2G, phymode:3, highestRateIdx:0, lowestRateIdx:11, dataSchedTableSize:14
I (2398) wifi:(trc)band:2G, rate(S-MCS7, rateIdx:0), ampdu(rate:S-MCS7, schedIdx(0, stop:8)), snr:57, ampduState:wait operational
I (2410) wifi:ifidx:0, rssi:-29, nf:-86, phytype(0x3, CBW20-SGI), phymode(0x3, 11bgn), max_rate:144, he:0, vht:0, ht:1
I (2420) wifi:(ht)max.RxAMPDULenExponent:3(65535 bytes), MMSS:0(no restriction)
I (2435) main_task: Returned from app_main()
I (2439) wifi:connected with LDKJ, aid = 5, channel 6, BW20, bssid = 50:fe:39:e6:47:92
I (2440) wifi:security: WPA2-PSK, phy: bgn, rssi: -29, cipher(pairwise:0x3, group:0x3), pmf:0
I (2449) wifi:pm start, type: 0, twt_start:0
I (2452) wifi:pm start, type:0, aid:0x5, trans-BSSID:50:fe:39:e6:47:92, BSSID[5]:0x92, mbssid(max-indicator:0, index:0), he:0
I (2463) wifi:dp: 1, bi: 102400, li: 3, scale listen interval from 307200 us to 307200 us
I (2471) wifi:set rx beacon pti, rx_bcn_pti: 10, bcn_timeout: 25000, mt_pti: 10, mt_time: 10000
I (2490) wifi:AP's beacon interval = 102400 us, DTIM period = 1
I (3510) esp_netif_handlers: sta ip: 192.168.31.147, mask: 255.255.255.0, gw: 192.168.31.1
I (3510) clara_net: DHCP DNS main=192.168.31.1
I (10342) clara_c6: Boot network self-test begin
I (13842) clara_net: Wi-Fi scan found 14 AP(s)
I (13842) clara_net: scan[0] ssid="" rssi=-28 ch=6 auth=3
I (13842) clara_net: scan[1] ssid="LDKJ" rssi=-30 ch=6 auth=3
I (13849) clara_net: scan[2] ssid="Be_my_guest" rssi=-50 ch=1 auth=4
I (13856) clara_net: scan[3] ssid="USYDer" rssi=-51 ch=1 auth=4
I (13862) clara_net: scan[4] ssid="TP-LINK_84D2" rssi=-56 ch=11 auth=4
I (13869) clara_net: scan[5] ssid="" rssi=-56 ch=11 auth=4
I (13876) clara_net: scan[6] ssid="henlyn-ai" rssi=-57 ch=6 auth=3
I (13882) clara_net: scan[7] ssid="AMICRO" rssi=-63 ch=13 auth=4
I (13889) clara_net: scan[8] ssid="HLSEMI" rssi=-65 ch=11 auth=3
I (13896) clara_net: scan[9] ssid="HLSEMI_Wi-Fi5" rssi=-65 ch=11 auth=3
I (13903) clara_net: scan[10] ssid="I-CUBE" rssi=-71 ch=1 auth=0
I (13910) clara_net: scan[11] ssid="Maprody" rssi=-77 ch=10 auth=3
I (13917) clara_net: scan[12] ssid="" rssi=-77 ch=13 auth=4
I (13923) clara_net: scan[13] ssid="SHQJZY" rssi=-79 ch=6 auth=4
I (13939) clara_net: diag dns clare.vinex.top -> 172.67.178.147
I (14179) clara_net: diag tcp clare.vinex.top:443 CONNECTED
I (19182) clara_net: diag tcp 1.1.1.1:443 TIMEOUT/ERR ret=0
I (19182) clara_net: Create session URL ready=1
I (19183) clara_net: HTTP before init free8=41224 largest8=22016 free_internal=41224 largest_internal=22016
I (26060) clara_net: HTTP response status=200 bytes=82 truncated=0
I (26062) clara_c6: Boot network self-test session err=0 (attempt 1/4)
I (26064) websocket_client: Started
W (29052) wifi:mem fail
I (34397) wifi:bcn_timeout,ap_probe_send_start
W (34398) wifi:m f probe req l=0
W (34898) wifi:m f probe req l=0
W (35398) wifi:m f probe req l=0
W (35898) wifi:m f probe req l=0
W (36399) wifi:m f probe req l=0
I (36899) wifi:ap_probe_send over, reset wifi status to disassoc
I (36899) wifi:state: run -> init (0xc800)
W (36901) wifi:m f disassoc
I (36901) wifi:teardown, set twt_inactive_time_secs:6, sp_count:0
I (36906) wifi:pm stop, total sleep time: 0 us / 34442822 us
W (36914) wifi:m f probe req l=0
W (36915) clara_net: Wi-Fi disconnected reason=200 retry=1
E (36926) esp-tls-mbedtls: mbedtls_ssl_handshake returned -0x2700
E (36928) esp-tls: Failed to open new connection
E (36933) transport_base: Failed to open a new connection
E (36940) transport_ws: Error connecting to host clare.vinex.top:443
E (36946) websocket_client: esp_transport_connect() failed with -1, transport_error=ESP_ERR_MBEDTLS_SSL_HANDSHAKE_FAILED, tls_error_code=9984, tls_flags=0, esp_ws_handshake_status_code=0, errno=128
W (36964) clara_net: WebSocket error kind=0 err=1082619800 status=0
W (36964) clara_net: WebSocket connect timeout kind=0 bits=0x2
I (36972) clara_c6: Network error  •  check Wi-Fi/API
I (36984) clara_c6: Meeting link closed
I (36988) clara_c6: Boot network self-test transcribe err=-1
I (36995) clara_c6: Boot network self-test host err=259
I (37001) wifi:(connect)dot11_authmode:0x3, pairwise_cipher:0x3, group_cipher:0x3
I (37008) wifi:state: init -> auth (0xb0)
I (37012) clara_net: HTTP before init free8=32236 largest8=8704 free_internal=32236 largest_internal=8704
E (37023) esp-tls: [sock=54] connect() error: Host is unreachable
E (37029) esp-tls: Failed to open new connection
E (37034) transport_base: Failed to open a new connection
I (37036) wifi:state: auth -> assoc (0x0)
E (37044) HTTP_CLIENT: Connection failed, sock < 0
I (37049) clara_net: HTTP response status=0 bytes=0 truncated=0
I (37051) wifi:(assoc)RESP, Extended Capabilities length:11, operating_mode_notification:0
I (37064) wifi:(assoc)RESP, Extended Capabilities, MBSSID:0, TWT Responder:0, OBSS Narrow Bandwidth RU In OFDMA Tolerance:0
I (37074) wifi:Extended Capabilities length:11, operating_mode_notification:1
I (37081) wifi:BSS max idle period:291(1000TU), protected keep alive:FALSE
I (37088) wifi:state: assoc -> run (0x10)
I (37092) wifi:(trc)phytype:CBW20-SGI, snr:55, maxRate:144, highestRateIdx:0
W (37098) wifi:(trc)band:2G, phymode:3, highestRateIdx:0, lowestRateIdx:11, dataSchedTableSize:14
I (37107) wifi:(trc)band:2G, rate(S-MCS7, rateIdx:0), ampdu(rate:S-MCS7, schedIdx(0, stop:8)), snr:55, ampduState:wait operational
I (37118) wifi:ifidx:0, rssi:-31, nf:-86, phytype(0x3, CBW20-SGI), phymode(0x3, 11bgn), max_rate:144, he:0, vht:0, ht:1
I (37129) wifi:(ht)max.RxAMPDULenExponent:3(65535 bytes), MMSS:0(no restriction)
W (37139) clara_net: HTTP request failed err=28674 status=0 tls=0 flags=0x0
I (37146) wifi:connected with LDKJ, aid = 5, channel 6, BW20, bssid = 50:fe:39:e6:47:92
I (37151) wifi:security: WPA2-PSK, phy: bgn, rssi: -31, cipher(pairwise:0x3, group:0x3), pmf:0
I (37161) wifi:pm start, type: 0, twt_start:0
I (37164) wifi:pm start, type:0, aid:0x5, trans-BSSID:50:fe:39:e6:47:92, BSSID[5]:0x92, mbssid(max-indicator:0, index:0), he:0
I (37175) wifi:set rx beacon pti, rx_bcn_pti: 10, bcn_timeout: 25000, mt_pti: 10, mt_time: 10000
I (37189) clara_c6: Network error  •  check Wi-Fi/API
I (37189) clara_c6: Boot network self-test complete
I (37204) wifi:AP's beacon interval = 102400 us, DTIM period = 1
I (38218) esp_netif_handlers: sta ip: 192.168.31.147, mask: 255.255.255.0, gw: 192.168.31.1
I (38218) clara_net: DHCP DNS main=192.168.31.1
