I (396) esp_image: segment 3: paddr=001962a4 vaddr=4080bd44 size=2d838h (186424) load
I (437) esp_image: segment 4: paddr=001c3ae4 vaddr=40839580 size=03e28h ( 15912) load
I (454) boot: Loaded app from partition at offset 0x10000
I (454) boot: Disabling RNG early entropy source...
I (464) cpu_start: Unicore app
I (473) cpu_start: GPIO 17 and 16 are used as console UART I/O pins
I (473) cpu_start: Pro cpu start user code
I (474) cpu_start: cpu freq: 160000000 Hz
I (478) app_init: Application information:
I (483) app_init: Project name:     Clara_C6
I (488) app_init: App version:      4b9bf00-dirty
I (493) app_init: Compile time:     Aug 25 2026 20:47:20
I (499) app_init: ELF file SHA256:  56fc726382afc453...
I (505) app_init: ESP-IDF:          1a1a5aa6-dirty
I (511) efuse_init: Min chip rev:     v0.0
I (515) efuse_init: Max chip rev:     v0.99 
I (520) efuse_init: Chip rev:         v0.2
I (525) heap_init: Initializing. RAM available for dynamic allocation:
I (532) heap_init: At 40853C60 len 000289B0 (162 KiB): RAM
I (538) heap_init: At 4087C610 len 00002F54 (11 KiB): RAM
I (545) heap_init: At 50000000 len 00003FE8 (15 KiB): RTCRAM
I (552) spi_flash: detected chip: generic
I (556) spi_flash: flash io: dio
I (560) sleep_gpio: Configure to isolate all GPIO pins in sleep state
I (567) sleep_gpio: Enable automatic switching of GPIO sleep configuration
I (585) main_task: Started on CPU0
I (588) main_task: Calling app_main()
I (593) clara_c6: Clara C6 starting
I (608) axp2101: Init PMU SUCCESS!
I (614) DisplayPort: SPI BUS init
I (614) DisplayPort: Install panel IO
I (615) sh8601: LCD panel create success, version: 1.0.0
W (1518) sh8601: The 3Ah command has been used and will be overwritten by external initialization sequence
W (1518) sh8601: The 36h command has been used and will be overwritten by external initialization sequence
I (1702) CST9217: Checkcode: 0x204ECACA
I (1704) CST9217: Resolution X: 480, Y: 480
I (1706) CST9217: Chip Type: 0x9220, ProjectID: 0x542F
I (1706) esp_lvgl:adapter: LVGL adapter initialized successfully
I (1716) esp_lvgl:touch: Touch input device registered successfully (IRQ mode: enabled)
I (1724) esp_lvgl:adapter: LVGL task started successfully
i2c: {sda: 8, scl: 7}
i2s: {mclk: 19, bclk: 20, ws: 22, din: 21, dout: 23}
out: {codec: ES8311, pa: -1, pa_gain: 6, use_mclk: 1, pa_gain: 6}
Codec 0 dir 2 type:1
in: {codec: ES7210}
Codec 1 dir 1 type:2
I (1746) CODEC_INIT: in:1 out:1 port: 1
I (1750) CODEC_INIT: Success to int i2c: 0
I (1757) CODEC_INIT: Init i2s 0 type: 3 mclk:19 bclk:20 ws:22 din:21 dout:23
I (1763) CODEC_INIT: tx:0x4087e71c rx:0x4087e8d8
W (1768) i2s_tdm: the current mclk multiple is too small, adjust the mclk multiple to 384
I (1777) CODEC_INIT: output init tdm ret 0
W (1781) i2s_common: the rx channel on I2S0 is switched from master to slave for full-duplex mode
W (1791) i2s_tdm: the current mclk multiple is too small, adjust the mclk multiple to 384
W (1800) i2s_tdm: the mclk/bclk ratio 3 is too small for the full-duplex rx slave (min 4), data might be sampled incorrectly, please increase mclk_multiple
I (1815) CODEC_INIT: Input init tdm ret 0
I (1819) CODEC_INIT: Init i2s 0 ok
I (1823) CODEC_INIT: Success to init i2s: 0
I (1828) CODEC_INIT: Success to int i2c: 0
I (1833) CODEC_INIT: Success to init i2s: 0
I (1838) CODEC_INIT: Get out handle 0x4087e71c port 0
I (1849) ES8311: Work in Slave mode
I (1854) ES7210: Work in Slave mode
I (1861) ES7210: Enable ES7210_INPUT_MIC1
I (1863) ES7210: Enable ES7210_INPUT_MIC2
I (1866) ES7210: Enable ES7210_INPUT_MIC3
I (1869) ES7210: Enable ES7210_INPUT_MIC4
I (1873) ES7210: Enable TDM mode
I (1882) I2S_IF: channel mode 2 bits:16/16 channel:2 mask:3
I (1882) I2S_IF: TDM Mode 1 bits:16/16 channel:2 sample_rate:16000 mask:3
I (1902) Adev_Codec: Open codec device OK
I (1903) I2S_IF: channel mode 2 bits:16/16 channel:2 mask:3
I (1903) I2S_IF: TDM Mode 0 bits:16/16 channel:2 sample_rate:16000 mask:3
I (1911) ES7210: Bits 8
I (1920) ES7210: Enable ES7210_INPUT_MIC1
I (1922) ES7210: Enable ES7210_INPUT_MIC2
I (1925) ES7210: Enable ES7210_INPUT_MIC3
I (1930) ES7210: Enable ES7210_INPUT_MIC4
I (1935) ES7210: Enable TDM mode
I (1941) ES7210: Unmuted
I (1941) Adev_Codec: Open codec device OK
I (1944) Adev_Codec: Input already open
I (1948) Adev_Codec: Input already open
I (2132) pp: pp rom version: 5b8dcfa
I (2133) net80211: net80211 rom version: 5b8dcfa
I (2134) wifi:wifi driver task: 4086ecfc, prio:23, stack:6656, core=0
I (2143) wifi:wifi firmware version: b9f67df
I (2143) wifi:wifi certification version: v7.0
I (2145) wifi:config NVS flash: enabled
I (2149) wifi:config nano formatting: disabled
I (2153) wifi:mac_version:HAL_MAC_ESP32AX_761,ut_version:N, band mode:0x1
I (2160) wifi:Init data frame dynamic rx buffer num: 16
I (2164) wifi:Init static rx mgmt buffer num: 5
I (2168) wifi:Init management short buffer num: 32
I (2173) wifi:Init static tx buffer num: 16
I (2177) wifi:Init static tx FG buffer num: 2
I (2181) wifi:Init static rx buffer size: 1700 (rxctrl:92, csi:512)
I (2187) wifi:Init static rx buffer num: 10
I (2191) wifi:Init dynamic rx buffer num: 16
I (2196) wifi_init: rx ba win: 6
I (2199) wifi_init: accept mbox: 6
I (2203) wifi_init: tcpip mbox: 32
I (2207) wifi_init: udp mbox: 6
I (2211) wifi_init: tcp mbox: 6
I (2214) wifi_init: tcp tx win: 5760
I (2219) wifi_init: tcp rx win: 5760
I (2223) wifi_init: tcp mss: 1440
I (2227) wifi_init: WiFi IRAM OP enabled
I (2232) wifi_init: WiFi RX IRAM OP enabled
I (2236) wifi_init: WiFi SLP IRAM OP enabled
W (2242) wifi:Password length matches WPA2 standards, authmode threshold changes from OPEN to WPA2
I (2251) phy_init: phy_version 345,552b044,Jul 14 2026,10:37:00
I (2320) wifi:11ax coex: WDEVAX_PTI0(0x55777555), WDEVAX_PTI1(0x00003377).
I (2321) wifi:mode : sta (20:6e:f1:16:e0:a4)
I (2321) wifi:enable tsf
W (2325) wifi:m f probe req l=0
I (2338) clara_net: Wi-Fi protocols limited to 11b/g/n mask=0x07
I (2339) wifi:Set ps type: 0, coexist: 0
I (2339) clara_c6: Clara UI ready; touch the Clara tile
I (2344) main_task: Returned from app_main()
W (4733) clara_net: Wi-Fi disconnected reason=201 retry=1
I (4743) wifi:new:<6,0>, old:<1,0>, ap:<255,255>, sta:<6,0>, prof:1, snd_ch_cfg:0x0
I (4744) wifi:(connect)dot11_authmode:0x3, pairwise_cipher:0x3, group_cipher:0x3
I (4747) wifi:state: init -> auth (0xb0)
I (4775) wifi:state: auth -> assoc (0x0)
I (4783) wifi:(assoc)RESP, Extended Capabilities length:8, operating_mode_notification:0
I (4783) wifi:(assoc)RESP, Extended Capabilities, MBSSID:0, TWT Responder:0, OBSS Narrow Bandwidth RU In OFDMA Tolerance:0
I (4791) wifi:Extended Capabilities length:8, operating_mode_notification:1
I (4798) wifi:state: assoc -> run (0x10)
I (4801) wifi:(trc)phytype:CBW20-SGI, snr:43, maxRate:144, highestRateIdx:0
W (4808) wifi:(trc)band:2G, phymode:3, highestRateIdx:0, lowestRateIdx:11, dataSchedTableSize:14
I (4816) wifi:(trc)band:2G, rate(S-MCS7, rateIdx:0), ampdu(rate:S-MCS7, schedIdx(0, stop:8)), snr:43, ampduState:wait operational
I (4828) wifi:ifidx:0, rssi:-43, nf:-86, phytype(0x3, CBW20-SGI), phymode(0x3, 11bgn), max_rate:144, he:0, vht:0, ht:1
I (4838) wifi:(ht)max.RxAMPDULenExponent:3(65535 bytes), MMSS:6(8 us)
I (4873) wifi:connected with oxygen‘s iPhone, aid = 16, channel 6, BW20, bssid = 5a:ab:6e:47:58:b4
I (4873) wifi:security: WPA2-PSK, phy: bgn, rssi: -43, cipher(pairwise:0x3, group:0x3), pmf:0
I (4880) wifi:pm start, type: 0, twt_start:0
I (4883) wifi:pm start, type:0, aid:0x10, trans-BSSID:5a:ab:6e:47:58:b4, BSSID[5]:0xb4, mbssid(max-indicator:0, index:0), he:0
I (4894) wifi:dp: 1, bi: 102400, li: 3, scale listen interval from 307200 us to 307200 us
I (4902) wifi:set rx beacon pti, rx_bcn_pti: 10, bcn_timeout: 25000, mt_pti: 10, mt_time: 10000
I (4911) wifi:[ADDBA]TX addba request, tid:0, dialogtoken:1, bufsize:64, A-MSDU:0(not supported), policy:1(IMR), ssn:0(0x0)
I (4921) wifi:[ADDBA]TX addba request, tid:7, dialogtoken:2, bufsize:64, A-MSDU:0(not supported), policy:1(IMR), ssn:0(0x20)
I (4932) wifi:[ADDBA]TX addba request, tid:5, dialogtoken:3, bufsize:64, A-MSDU:0(not supported), policy:1(IMR), ssn:0(0x0)
W (4944) wifi:<ba-add>idx:0, ifx:0, tid:0, TAHI:0x100b458, TALO:0x476eab5a, (ssn:1096, win:64, cur_ssn:1096), CONF:0xc0000005
W (4954) wifi:<ba-add>idx:1, ifx:0, tid:2, TAHI:0x100b458, TALO:0x476eab5a, (ssn:737, win:64, cur_ssn:737), CONF:0xc0002005
W (4965) wifi:<ba-add>idx:2, ifx:0, tid:4, TAHI:0x100b458, TALO:0x476eab5a, (ssn:2054, win:64, cur_ssn:2054), CONF:0xc0004005
W (4976) wifi:<ba-add>idx:3, ifx:0, tid:6, TAHI:0x100b458, TALO:0x476eab5a, (ssn:3785, win:64, cur_ssn:3785), CONF:0xc0006005
I (4987) wifi:AP's beacon interval = 102400 us, DTIM period = 1
I (4994) wifi:[ADDBA]RX addba response, status:0, tid:0/tb:1(0xa1), bufsize:64, batimeout:0, txa_wnd:8
I (5010) wifi:[ADDBA]RX addba response, status:0, tid:7/tb:1(0xa1), bufsize:64, batimeout:0, txa_wnd:8
I (5011) wifi:[ADDBA]RX addba response, status:0, tid:5/tb:1(0xa1), bufsize:64, batimeout:0, txa_wnd:8
I (6035) esp_netif_handlers: sta ip: 172.20.10.10, mask: 255.255.255.240, gw: 172.20.10.1
I (6035) clara_net: DHCP DNS main=172.20.10.1
I (10339) clara_c6: Boot network self-test begin
I (14039) clara_net: Wi-Fi scan found 18 AP(s)
I (14039) clara_net: scan[0] ssid="LDKJ" rssi=-31 ch=6 auth=3
I (14040) clara_net: scan[1] ssid="" rssi=-31 ch=6 auth=3
I (14046) clara_net: scan[2] ssid="" rssi=-41 ch=6 auth=3
I (14052) clara_net: scan[3] ssid="USYDer" rssi=-49 ch=1 auth=4
I (14058) clara_net: scan[4] ssid="Be_my_guest" rssi=-49 ch=1 auth=4
I (14065) clara_net: scan[5] ssid="TP-LINK_84D2" rssi=-54 ch=11 auth=4
I (14073) clara_net: scan[6] ssid="" rssi=-57 ch=11 auth=4
I (14079) clara_net: scan[7] ssid="HLSEMI" rssi=-62 ch=11 auth=3
I (14085) clara_net: scan[8] ssid="HLSEMI_Wi-Fi5" rssi=-63 ch=11 auth=3
I (14093) clara_net: scan[9] ssid="henlyn-ai" rssi=-64 ch=6 auth=3
I (14100) clara_net: scan[10] ssid="CU_g8jn" rssi=-68 ch=11 auth=4
I (14106) clara_net: scan[11] ssid="CU_DMEC" rssi=-72 ch=3 auth=4
I (14113) clara_net: scan[12] ssid="I-CUBE" rssi=-73 ch=1 auth=0
I (14120) clara_net: scan[13] ssid="AMICRO" rssi=-74 ch=13 auth=4
I (14127) clara_net: scan[14] ssid="ChinaNet-6xVX" rssi=-75 ch=1 auth=4
I (14134) clara_net: scan[15] ssid="SHQJZY" rssi=-79 ch=6 auth=4
I (14141) clara_net: scan[16] ssid="Maprody_Guest" rssi=-82 ch=7 auth=3
I (14148) clara_net: scan[17] ssid="AMICRO" rssi=-83 ch=3 auth=4
I (14168) clara_net: diag dns clare.vinex.top -> 172.67.178.147
I (14613) clara_net: diag tcp clare.vinex.top:443 CONNECTED
I (19616) clara_net: diag tcp 1.1.1.1:443 TIMEOUT/ERR ret=0
I (19617) clara_net: Create session URL ready=1
I (19617) clara_net: HTTP before init free8=14068 largest8=10496 free_internal=14068 largest_internal=10496
W (39919) wifi:m f null
W (49904) esp-tls: Failed to open new connection in specified timeout
E (49904) transport_base: Failed to open a new connection
E (49907) HTTP_CLIENT: Connection failed, sock < 0
I (49911) clara_net: HTTP response status=0 bytes=0 truncated=0
W (49918) clara_net: HTTP request failed err=28674 status=0 tls=0 flags=0x0
I (49926) clara_c6: Network error  •  check Wi-Fi/API
I (49934) clara_c6: Boot network self-test session err=28674 (attempt 1/4)
W (49939) clara_c6: Boot network self-test attempt 1 failed, retrying in 5000 ms
I (54947) clara_net: Create session URL ready=1
I (54947) clara_net: HTTP before init free8=13892 largest8=8448 free_internal=13892 largest_internal=8448
