I (396) esp_image: segment 3: paddr=00195e80 vaddr=4080bef4 size=2d688h (185992) load
I (436) esp_image: segment 4: paddr=001c3510 vaddr=40839580 size=03e28h ( 15912) load
I (453) boot: Loaded app from partition at offset 0x10000
I (454) boot: Disabling RNG early entropy source...
I (464) cpu_start: Unicore app
I (472) cpu_start: GPIO 17 and 16 are used as console UART I/O pins
I (473) cpu_start: Pro cpu start user code
I (473) cpu_start: cpu freq: 160000000 Hz
I (477) app_init: Application information:
I (482) app_init: Project name:     Clara_C6
I (487) app_init: App version:      4b9bf00-dirty
I (492) app_init: Compile time:     Aug 25 2026 20:47:20
I (498) app_init: ELF file SHA256:  5197924194226c95...
I (504) app_init: ESP-IDF:          1a1a5aa6-dirty
I (510) efuse_init: Min chip rev:     v0.0
I (515) efuse_init: Max chip rev:     v0.99 
I (519) efuse_init: Chip rev:         v0.2
I (524) heap_init: Initializing. RAM available for dynamic allocation:
I (531) heap_init: At 40853C60 len 000289B0 (162 KiB): RAM
I (538) heap_init: At 4087C610 len 00002F54 (11 KiB): RAM
I (544) heap_init: At 50000000 len 00003FE8 (15 KiB): RTCRAM
I (551) spi_flash: detected chip: generic
I (555) spi_flash: flash io: dio
I (559) sleep_gpio: Configure to isolate all GPIO pins in sleep state
I (566) sleep_gpio: Enable automatic switching of GPIO sleep configuration
I (584) main_task: Started on CPU0
I (587) main_task: Calling app_main()
I (592) clara_c6: Clara C6 starting
I (607) axp2101: Init PMU SUCCESS!
I (613) DisplayPort: SPI BUS init
I (613) DisplayPort: Install panel IO
I (614) sh8601: LCD panel create success, version: 1.0.0
W (1517) sh8601: The 3Ah command has been used and will be overwritten by external initialization sequence
W (1517) sh8601: The 36h command has been used and will be overwritten by external initialization sequence
I (1701) CST9217: Checkcode: 0x204ECACA
I (1703) CST9217: Resolution X: 480, Y: 480
I (1705) CST9217: Chip Type: 0x9220, ProjectID: 0x542F
I (1705) esp_lvgl:adapter: LVGL adapter initialized successfully
I (1715) esp_lvgl:touch: Touch input device registered successfully (IRQ mode: enabled)
I (1723) esp_lvgl:adapter: LVGL task started successfully
i2c: {sda: 8, scl: 7}
i2s: {mclk: 19, bclk: 20, ws: 22, din: 21, dout: 23}
out: {codec: ES8311, pa: -1, pa_gain: 6, use_mclk: 1, pa_gain: 6}
Codec 0 dir 2 type:1
in: {codec: ES7210}
Codec 1 dir 1 type:2
I (1745) CODEC_INIT: in:1 out:1 port: 1
I (1749) CODEC_INIT: Success to int i2c: 0
I (1754) CODEC_INIT: Init i2s 0 type: 3 mclk:19 bclk:20 ws:22 din:21 dout:23
I (1762) CODEC_INIT: tx:0x4087e698 rx:0x4087e854
W (1767) i2s_tdm: the current mclk multiple is too small, adjust the mclk multiple to 384
I (1776) CODEC_INIT: output init tdm ret 0
W (1780) i2s_common: the rx channel on I2S0 is switched from master to slave for full-duplex mode
W (1790) i2s_tdm: the current mclk multiple is too small, adjust the mclk multiple to 384
W (1799) i2s_tdm: the mclk/bclk ratio 3 is too small for the full-duplex rx slave (min 4), data might be sampled incorrectly, please increase mclk_multiple
I (1814) CODEC_INIT: Input init tdm ret 0
I (1818) CODEC_INIT: Init i2s 0 ok
I (1822) CODEC_INIT: Success to init i2s: 0
I (1827) CODEC_INIT: Success to int i2c: 0
I (1832) CODEC_INIT: Success to init i2s: 0
I (1837) CODEC_INIT: Get out handle 0x4087e698 port 0
I (1847) ES8311: Work in Slave mode
I (1853) ES7210: Work in Slave mode
I (1860) ES7210: Enable ES7210_INPUT_MIC1
I (1862) ES7210: Enable ES7210_INPUT_MIC2
I (1865) ES7210: Enable ES7210_INPUT_MIC3
I (1868) ES7210: Enable ES7210_INPUT_MIC4
I (1872) ES7210: Enable TDM mode
I (1881) I2S_IF: channel mode 2 bits:16/16 channel:2 mask:3
I (1881) I2S_IF: TDM Mode 1 bits:16/16 channel:2 sample_rate:16000 mask:3
I (1902) Adev_Codec: Open codec device OK
I (1902) I2S_IF: channel mode 2 bits:16/16 channel:2 mask:3
I (1902) I2S_IF: TDM Mode 0 bits:16/16 channel:2 sample_rate:16000 mask:3
I (1910) ES7210: Bits 8
I (1919) ES7210: Enable ES7210_INPUT_MIC1
I (1922) ES7210: Enable ES7210_INPUT_MIC2
I (1924) ES7210: Enable ES7210_INPUT_MIC3
I (1929) ES7210: Enable ES7210_INPUT_MIC4
I (1934) ES7210: Enable TDM mode
I (1940) ES7210: Unmuted
I (1940) Adev_Codec: Open codec device OK
I (1943) Adev_Codec: Input already open
I (1947) Adev_Codec: Input already open
I (2130) pp: pp rom version: 5b8dcfa
I (2131) net80211: net80211 rom version: 5b8dcfa
I (2132) wifi:wifi driver task: 4086ec78, prio:23, stack:6656, core=0
I (2141) wifi:wifi firmware version: b9f67df
I (2141) wifi:wifi certification version: v7.0
I (2143) wifi:config NVS flash: enabled
I (2147) wifi:config nano formatting: disabled
I (2151) wifi:mac_version:HAL_MAC_ESP32AX_761,ut_version:N, band mode:0x1
I (2158) wifi:Init data frame dynamic rx buffer num: 16
I (2162) wifi:Init static rx mgmt buffer num: 5
I (2166) wifi:Init management short buffer num: 32
I (2171) wifi:Init static tx buffer num: 16
I (2175) wifi:Init static tx FG buffer num: 2
I (2179) wifi:Init static rx buffer size: 1700 (rxctrl:92, csi:512)
I (2185) wifi:Init static rx buffer num: 10
I (2189) wifi:Init dynamic rx buffer num: 16
I (2194) wifi_init: rx ba win: 6
I (2197) wifi_init: accept mbox: 6
I (2201) wifi_init: tcpip mbox: 32
I (2205) wifi_init: udp mbox: 6
I (2209) wifi_init: tcp mbox: 6
I (2212) wifi_init: tcp tx win: 5760
I (2217) wifi_init: tcp rx win: 5760
I (2221) wifi_init: tcp mss: 1440
I (2225) wifi_init: WiFi IRAM OP enabled
I (2230) wifi_init: WiFi RX IRAM OP enabled
I (2234) wifi_init: WiFi SLP IRAM OP enabled
W (2240) wifi:Password length matches WPA2 standards, authmode threshold changes from OPEN to WPA2
I (2249) phy_init: phy_version 345,552b044,Jul 14 2026,10:37:00
I (2316) wifi:11ax coex: WDEVAX_PTI0(0x55777555), WDEVAX_PTI1(0x00003377).
I (2317) wifi:mode : sta (20:6e:f1:16:e0:a4)
I (2317) wifi:enable tsf
W (2321) wifi:m f probe req l=0
I (2335) clara_net: Wi-Fi protocols limited to 11b/g/n mask=0x07
I (2335) wifi:Set ps type: 0, coexist: 0
I (2336) clara_c6: Clara UI ready; touch the Clara tile
I (2340) main_task: Returned from app_main()
I (2345) wifi:new:<6,0>, old:<1,0>, ap:<255,255>, sta:<6,0>, prof:1, snd_ch_cfg:0x0
I (2353) wifi:(connect)dot11_authmode:0x3, pairwise_cipher:0x3, group_cipher:0x3
I (2360) wifi:state: init -> auth (0xb0)
W (2363) wifi:m f deauth reason:3
W (2366) wifi:m f auth
I (3369) wifi:state: auth -> init (0x200)
W (3373) clara_net: Wi-Fi disconnected reason=2 retry=1
I (5671) wifi:(connect)dot11_authmode:0x3, pairwise_cipher:0x3, group_cipher:0x3
I (5672) wifi:state: init -> auth (0xb0)
I (5699) wifi:state: auth -> assoc (0x0)
I (5725) wifi:(assoc)RESP, Extended Capabilities length:8, operating_mode_notification:0
I (5725) wifi:(assoc)RESP, Extended Capabilities, MBSSID:0, TWT Responder:0, OBSS Narrow Bandwidth RU In OFDMA Tolerance:0
I (5733) wifi:Extended Capabilities length:8, operating_mode_notification:1
I (5740) wifi:state: assoc -> run (0x10)
I (5743) wifi:(trc)phytype:CBW20-SGI, snr:51, maxRate:144, highestRateIdx:0
W (5750) wifi:(trc)band:2G, phymode:3, highestRateIdx:0, lowestRateIdx:11, dataSchedTableSize:14
I (5758) wifi:(trc)band:2G, rate(S-MCS7, rateIdx:0), ampdu(rate:S-MCS7, schedIdx(0, stop:8)), snr:51, ampduState:wait operational
I (5770) wifi:ifidx:0, rssi:-35, nf:-86, phytype(0x3, CBW20-SGI), phymode(0x3, 11bgn), max_rate:144, he:0, vht:0, ht:1
I (5780) wifi:(ht)max.RxAMPDULenExponent:3(65535 bytes), MMSS:6(8 us)
I (5816) wifi:connected with oxygen‘s iPhone, aid = 16, channel 6, BW20, bssid = 5a:ab:6e:47:58:b4
I (5817) wifi:security: WPA2-PSK, phy: bgn, rssi: -35, cipher(pairwise:0x3, group:0x3), pmf:0
I (5824) wifi:pm start, type: 0, twt_start:0
I (5826) wifi:pm start, type:0, aid:0x10, trans-BSSID:5a:ab:6e:47:58:b4, BSSID[5]:0xb4, mbssid(max-indicator:0, index:0), he:0
I (5838) wifi:dp: 1, bi: 102400, li: 3, scale listen interval from 307200 us to 307200 us
I (5846) wifi:set rx beacon pti, rx_bcn_pti: 10, bcn_timeout: 25000, mt_pti: 10, mt_time: 10000
I (5854) wifi:[ADDBA]TX addba request, tid:0, dialogtoken:1, bufsize:64, A-MSDU:0(not supported), policy:1(IMR), ssn:0(0x0)
I (5865) wifi:[ADDBA]TX addba request, tid:7, dialogtoken:2, bufsize:64, A-MSDU:0(not supported), policy:1(IMR), ssn:0(0x20)
I (5876) wifi:[ADDBA]TX addba request, tid:5, dialogtoken:3, bufsize:64, A-MSDU:0(not supported), policy:1(IMR), ssn:0(0x0)
I (5887) wifi:AP's beacon interval = 102400 us, DTIM period = 1
W (5893) wifi:<ba-add>idx:0, ifx:0, tid:0, TAHI:0x100b458, TALO:0x476eab5a, (ssn:2256, win:64, cur_ssn:2256), CONF:0xc0000005
W (5903) wifi:<ba-add>idx:1, ifx:0, tid:2, TAHI:0x100b458, TALO:0x476eab5a, (ssn:201, win:64, cur_ssn:201), CONF:0xc0002005
W (5914) wifi:<ba-add>idx:2, ifx:0, tid:4, TAHI:0x100b458, TALO:0x476eab5a, (ssn:974, win:64, cur_ssn:974), CONF:0xc0004005
W (5925) wifi:<ba-add>idx:3, ifx:0, tid:6, TAHI:0x100b458, TALO:0x476eab5a, (ssn:753, win:64, cur_ssn:753), CONF:0xc0006005
I (5936) wifi:[ADDBA]RX addba response, status:0, tid:0/tb:1(0xa1), bufsize:64, batimeout:0, txa_wnd:8
I (5945) wifi:[ADDBA]RX addba response, status:0, tid:7/tb:1(0xa1), bufsize:64, batimeout:0, txa_wnd:8
I (5954) wifi:[ADDBA]RX addba response, status:0, tid:5/tb:1(0xa1), bufsize:64, batimeout:0, txa_wnd:8
I (7040) esp_netif_handlers: sta ip: 172.20.10.10, mask: 255.255.255.240, gw: 172.20.10.1
I (7040) clara_net: DHCP DNS main=172.20.10.1
I (10336) clara_c6: Boot network self-test begin
I (14036) clara_net: Wi-Fi scan found 19 AP(s)
I (14036) clara_net: scan[0] ssid="" rssi=-34 ch=6 auth=3
I (14036) clara_net: scan[1] ssid="oxygen‘s iPhone" rssi=-34 ch=6 auth=3
I (14044) clara_net: scan[2] ssid="LDKJ" rssi=-35 ch=6 auth=3
I (14050) clara_net: scan[3] ssid="Be_my_guest" rssi=-55 ch=1 auth=4
I (14057) clara_net: scan[4] ssid="USYDer" rssi=-55 ch=1 auth=4
I (14064) clara_net: scan[5] ssid="henlyn-ai" rssi=-57 ch=6 auth=3
I (14071) clara_net: scan[6] ssid="" rssi=-65 ch=11 auth=4
I (14077) clara_net: scan[7] ssid="AMICROVIP" rssi=-65 ch=13 auth=4
I (14084) clara_net: scan[8] ssid="TP-LINK_84D2" rssi=-66 ch=11 auth=4
I (14091) clara_net: scan[9] ssid="CU_g8jn" rssi=-68 ch=11 auth=4
I (14098) clara_net: scan[10] ssid="HLSEMI" rssi=-69 ch=11 auth=3
I (14105) clara_net: scan[11] ssid="I-CUBE" rssi=-70 ch=1 auth=0
I (14111) clara_net: scan[12] ssid="ChinaNet-6xVX" rssi=-71 ch=1 auth=4
I (14119) clara_net: scan[13] ssid="HLSEMI_Wi-Fi5" rssi=-73 ch=11 auth=3
I (14126) clara_net: scan[14] ssid="AMICRO" rssi=-75 ch=13 auth=4
I (14133) clara_net: scan[15] ssid="Phasecom" rssi=-78 ch=10 auth=3
I (14140) clara_net: scan[16] ssid="CU_DMEC" rssi=-79 ch=3 auth=4
I (14146) clara_net: scan[17] ssid="Maprody" rssi=-79 ch=10 auth=3
I (14153) clara_net: scan[18] ssid="SHQJZY" rssi=-84 ch=6 auth=4
I (14160) clara_net: Create session URL ready=1
I (14165) clara_net: HTTP before init free8=14560 largest8=10496 free_internal=14560 largest_internal=10496
W (35145) wifi:m f null
W (37156) wifi:m f null
I (43897) clara_c6: Clara is still working...
W (44732) esp-tls: Failed to open new connection in specified timeout
E (44732) transport_base: Failed to open a new connection
E (44735) HTTP_CLIENT: Connection failed, sock < 0
I (44739) clara_net: HTTP response status=0 bytes=0 truncated=0
W (44746) clara_net: HTTP request failed err=28674 status=0 tls=0 flags=0x0
I (44755) clara_c6: Network error  •  check Wi-Fi/API
I (44760) clara_c6: Boot network self-test session err=28674 (attempt 1/4)
W (44776) clara_c6: Boot network self-test attempt 1 failed, retrying in 5000 ms
I (49777) clara_net: Create session URL ready=1
I (49777) clara_net: HTTP before init free8=14244 largest8=8192 free_internal=14244 largest_internal=8192
W (60299) wifi:m f null
W (80062) esp-tls: Failed to open new connection in specified timeout
E (80062) transport_base: Failed to open a new connection
E (80065) HTTP_CLIENT: Connection failed, sock < 0
I (80069) clara_net: HTTP response status=0 bytes=0 truncated=0
W (80076) clara_net: HTTP request failed err=28674 status=0 tls=0 flags=0x0
I (80084) clara_c6: Network error  •  check Wi-Fi/API
I (80090) clara_c6: Boot network self-test session err=28674 (attempt 2/4)
W (80097) clara_c6: Boot network self-test attempt 2 failed, retrying in 5000 ms
I (85105) clara_net: Create session URL ready=1
I (85105) clara_net: HTTP before init free8=14236 largest8=8192 free_internal=14236 largest_internal=8192
