I (377) esp_image: segment 3: paddr=0017cd30 vaddr=4080046c size=39110h (233744) load
I (428) esp_image: segment 4: paddr=001b5e48 vaddr=40839580 size=03e20h ( 15904) load
I (445) boot: Loaded app from partition at offset 0x10000
I (446) boot: Disabling RNG early entropy source...
I (456) cpu_start: Unicore app
I (464) cpu_start: GPIO 17 and 16 are used as console UART I/O pins
I (465) cpu_start: Pro cpu start user code
I (465) cpu_start: cpu freq: 160000000 Hz
I (469) app_init: Application information:
I (474) app_init: Project name:     Clara_C6
I (479) app_init: App version:      4b9bf00-dirty
I (484) app_init: Compile time:     Aug 25 2026 22:10:02
I (490) app_init: ELF file SHA256:  d653a5d1a78d52a3...
I (496) app_init: ESP-IDF:          1a1a5aa6-dirty
I (502) efuse_init: Min chip rev:     v0.0
I (506) efuse_init: Max chip rev:     v0.99 
I (511) efuse_init: Chip rev:         v0.2
I (516) heap_init: Initializing. RAM available for dynamic allocation:
I (523) heap_init: At 4084B620 len 00030FF0 (195 KiB): RAM
I (530) heap_init: At 4087C610 len 00002F54 (11 KiB): RAM
I (536) heap_init: At 50000000 len 00003FE8 (15 KiB): RTCRAM
I (543) spi_flash: detected chip: generic
I (547) spi_flash: flash io: dio
I (551) sleep_gpio: Configure to isolate all GPIO pins in sleep state
I (558) sleep_gpio: Enable automatic switching of GPIO sleep configuration
I (576) main_task: Started on CPU0
I (579) main_task: Calling app_main()
I (584) clara_c6: Clara C6 starting
I (599) axp2101: Init PMU SUCCESS!
I (605) DisplayPort: SPI BUS init
I (605) DisplayPort: Install panel IO
I (606) sh8601: LCD panel create success, version: 1.0.0
W (1509) sh8601: The 3Ah command has been used and will be overwritten by external initialization sequence
W (1509) sh8601: The 36h command has been used and will be overwritten by external initialization sequence
I (1693) CST9217: Checkcode: 0x204ECACA
I (1695) CST9217: Resolution X: 480, Y: 480
I (1697) CST9217: Chip Type: 0x9220, ProjectID: 0x542F
I (1697) esp_lvgl:adapter: LVGL adapter initialized successfully
I (1707) esp_lvgl:touch: Touch input device registered successfully (IRQ mode: enabled)
I (1715) esp_lvgl:adapter: LVGL task started successfully
i2c: {sda: 8, scl: 7}
i2s: {mclk: 19, bclk: 20, ws: 22, din: 21, dout: 23}
out: {codec: ES8311, pa: -1, pa_gain: 6, use_mclk: 1, pa_gain: 6}
Codec 0 dir 2 type:1
in: {codec: ES7210}
Codec 1 dir 1 type:2
I (1737) CODEC_INIT: in:1 out:1 port: 1
I (1741) CODEC_INIT: Success to int i2c: 0
I (1748) CODEC_INIT: Init i2s 0 type: 3 mclk:19 bclk:20 ws:22 din:21 dout:23
I (1754) CODEC_INIT: tx:0x4087e71c rx:0x4087e8d8
W (1759) i2s_tdm: the current mclk multiple is too small, adjust the mclk multiple to 384
I (1768) CODEC_INIT: output init tdm ret 0
W (1772) i2s_common: the rx channel on I2S0 is switched from master to slave for full-duplex mode
W (1782) i2s_tdm: the current mclk multiple is too small, adjust the mclk multiple to 384
W (1791) i2s_tdm: the mclk/bclk ratio 3 is too small for the full-duplex rx slave (min 4), data might be sampled incorrectly, please increase mclk_multiple
I (1806) CODEC_INIT: Input init tdm ret 0
I (1810) CODEC_INIT: Init i2s 0 ok
I (1814) CODEC_INIT: Success to init i2s: 0
I (1819) CODEC_INIT: Success to int i2c: 0
I (1824) CODEC_INIT: Success to init i2s: 0
I (1829) CODEC_INIT: Get out handle 0x4087e71c port 0
I (1840) ES8311: Work in Slave mode
I (1845) ES7210: Work in Slave mode
I (1852) ES7210: Enable ES7210_INPUT_MIC1
I (1854) ES7210: Enable ES7210_INPUT_MIC2
I (1857) ES7210: Enable ES7210_INPUT_MIC3
I (1860) ES7210: Enable ES7210_INPUT_MIC4
I (1864) ES7210: Enable TDM mode
I (1873) I2S_IF: channel mode 2 bits:16/16 channel:2 mask:3
I (1873) I2S_IF: TDM Mode 1 bits:16/16 channel:2 sample_rate:16000 mask:3
I (1894) Adev_Codec: Open codec device OK
I (1894) I2S_IF: channel mode 2 bits:16/16 channel:2 mask:3
I (1894) I2S_IF: TDM Mode 0 bits:16/16 channel:2 sample_rate:16000 mask:3
I (1902) ES7210: Bits 8
I (1911) ES7210: Enable ES7210_INPUT_MIC1
I (1914) ES7210: Enable ES7210_INPUT_MIC2
I (1916) ES7210: Enable ES7210_INPUT_MIC3
I (1921) ES7210: Enable ES7210_INPUT_MIC4
I (1926) ES7210: Enable TDM mode
I (1932) ES7210: Unmuted
I (1932) Adev_Codec: Open codec device OK
I (1935) Adev_Codec: Input already open
I (1939) Adev_Codec: Input already open
I (2124) pp: pp rom version: 5b8dcfa
I (2125) net80211: net80211 rom version: 5b8dcfa
I (2126) wifi:wifi driver task: 408665f4, prio:23, stack:6656, core=0
I (2135) wifi:wifi firmware version: b9f67df
I (2135) wifi:wifi certification version: v7.0
I (2137) wifi:config NVS flash: enabled
I (2141) wifi:config nano formatting: disabled
I (2145) wifi:mac_version:HAL_MAC_ESP32AX_761,ut_version:N, band mode:0x1
I (2152) wifi:Init data frame dynamic rx buffer num: 16
I (2156) wifi:Init static rx mgmt buffer num: 5
I (2161) wifi:Init management short buffer num: 32
I (2165) wifi:Init static tx buffer num: 16
I (2169) wifi:Init static tx FG buffer num: 2
I (2173) wifi:Init static rx buffer size: 1700 (rxctrl:92, csi:512)
I (2179) wifi:Init static rx buffer num: 10
I (2183) wifi:Init dynamic rx buffer num: 16
I (2188) wifi_init: accept mbox: 6
I (2191) wifi_init: tcpip mbox: 32
I (2195) wifi_init: udp mbox: 6
I (2199) wifi_init: tcp mbox: 6
I (2203) wifi_init: tcp tx win: 5760
I (2207) wifi_init: tcp rx win: 5760
I (2211) wifi_init: tcp mss: 1240
I (2215) wifi_init: WiFi IRAM OP enabled
I (2220) wifi_init: WiFi RX IRAM OP enabled
I (2225) wifi_init: WiFi SLP IRAM OP enabled
W (2230) wifi:Password length matches WPA2 standards, authmode threshold changes from OPEN to WPA2
I (2239) phy_init: phy_version 345,552b044,Jul 14 2026,10:37:00
I (2309) wifi:11ax coex: WDEVAX_PTI0(0x55777555), WDEVAX_PTI1(0x00003377).
I (2310) wifi:mode : sta (20:6e:f1:16:e0:a4)
I (2310) wifi:enable tsf
I (2324) wifi:new:<6,0>, old:<1,0>, ap:<255,255>, sta:<6,0>, prof:1, snd_ch_cfg:0x0
I (2325) wifi:(connect)dot11_authmode:0x3, pairwise_cipher:0x3, group_cipher:0x3
I (2328) wifi:state: init -> auth (0xb0)
I (2339) clara_net: Wi-Fi protocols limited to 11b/g/n mask=0x07
I (2340) wifi:state: auth -> assoc (0x0)
I (2342) wifi:Set ps type: 0, coexist: 0
I (2346) clara_c6: Clara UI ready; touch the Clara tile
I (2352) main_task: Returned from app_main()
I (2355) wifi:(assoc)RESP, Extended Capabilities length:11, operating_mode_notification:0
I (2364) wifi:(assoc)RESP, Extended Capabilities, MBSSID:0, TWT Responder:0, OBSS Narrow Bandwidth RU In OFDMA Tolerance:0
I (2375) wifi:Extended Capabilities length:11, operating_mode_notification:1
I (2382) wifi:BSS max idle period:291(1000TU), protected keep alive:FALSE
I (2388) wifi:state: assoc -> run (0x10)
I (2392) wifi:(trc)phytype:CBW20-SGI, snr:50, maxRate:144, highestRateIdx:0
W (2398) wifi:(trc)band:2G, phymode:3, highestRateIdx:0, lowestRateIdx:11, dataSchedTableSize:14
I (2407) wifi:(trc)band:2G, rate(S-MCS7, rateIdx:0), ampdu(rate:S-MCS7, schedIdx(0, stop:8)), snr:50, ampduState:wait operational
I (2418) wifi:ifidx:0, rssi:-35, nf:-85, phytype(0x3, CBW20-SGI), phymode(0x3, 11bgn), max_rate:144, he:0, vht:0, ht:1
I (2429) wifi:(ht)max.RxAMPDULenExponent:3(65535 bytes), MMSS:0(no restriction)
I (2448) wifi:connected with LDKJ, aid = 2, channel 6, BW20, bssid = 50:fe:39:e6:47:92
I (2448) wifi:security: WPA2-PSK, phy: bgn, rssi: -35, cipher(pairwise:0x3, group:0x3), pmf:0
I (2454) wifi:pm start, type: 0, twt_start:0
I (2457) wifi:pm start, type:0, aid:0x2, trans-BSSID:50:fe:39:e6:47:92, BSSID[5]:0x92, mbssid(max-indicator:0, index:0), he:0
I (2468) wifi:dp: 1, bi: 102400, li: 3, scale listen interval from 307200 us to 307200 us
I (2476) wifi:set rx beacon pti, rx_bcn_pti: 10, bcn_timeout: 25000, mt_pti: 10, mt_time: 10000
I (2488) wifi:AP's beacon interval = 102400 us, DTIM period = 1
I (3521) esp_netif_handlers: sta ip: 192.168.31.147, mask: 255.255.255.0, gw: 192.168.31.1
I (3521) clara_net: DHCP DNS main=192.168.31.1
I (10346) clara_c6: Boot network self-test begin
I (10346) clara_net: Create session URL ready=1
I (10346) clara_net: HTTP before init free8=49892 largest8=30208 free_internal=49892 largest_internal=30208
I (16477) clara_net: HTTP response status=200 bytes=82 truncated=0
I (16479) clara_c6: Boot network self-test session err=0 (attempt 1/4)
I (16481) websocket_client: Started
I (30068) clara_net: WebSocket connected kind=0
I (30068) clara_c6: Listening  •  live notes on
I (30069) clara_c6: Boot network self-test transcribe err=0
I (31072) websocket_client: Started
I (39143) clara_net: WebSocket connected kind=1
I (39144) clara_c6: Ask Clara a question
I (39144) clara_c6: Boot network self-test host err=0
I (40147) clara_net: HTTP before init free8=39828 largest8=14592 free_internal=39828 largest_internal=14592
I (44661) clara_net: HTTP response status=200 bytes=255 truncated=1
I (44663) clara_c6: Boot network self-test complete
