0300000
I (78) boot: End of partition table
I (81) esp_image: segment 0: paddr=00010020 vaddr=42120020 size=836b4h (538292) map
I (191) esp_image: segment 1: paddr=000936dc vaddr=40800000 size=0c93ch ( 51516) load
I (203) esp_image: segment 2: paddr=000a0020 vaddr=42000020 size=11dd68h (1170792) map
I (427) esp_image: segment 3: paddr=001bdd90 vaddr=4080c93c size=2cc40h (183360) load
I (467) esp_image: segment 4: paddr=001ea9d8 vaddr=40839580 size=03e38h ( 15928) load
I (484) boot: Loaded app from partition at offset 0x10000
I (485) boot: Disabling RNG early entropy source...
[0;32mI (495) cpu_start: Unicore app[0m
[0;32mI (503) cpu_start: GPIO 17 and 16 are used as console UART I/O pins[0m
[0;32mI (504) cpu_start: Pro cpu start user code[0m
[0;32mI (504) cpu_start: cpu freq: 160000000 Hz[0m
[0;32mI (508) app_init: Application information:[0m
[0;32mI (513) app_init: Project name:     Clara_C6[0m
[0;32mI (518) app_init: App version:      4b9bf00-dirty[0m
[0;32mI (524) app_init: Compile time:     Aug 26 2026 12:51:00[0m
[0;32mI (530) app_init: ELF file SHA256:  348b3c92851c303e...[0m
[0;32mI (535) app_init: ESP-IDF:          1a1a5aa6-dirty[0m
[0;32mI (541) efuse_init: Min chip rev:     v0.0[0m
[0;32mI (546) efuse_init: Max chip rev:     v0.99 [0m
[0;32mI (551) efuse_init: Chip rev:         v0.2[0m
[0;32mI (555) heap_init: Initializing. RAM available for dynamic allocation:[0m
[0;32mI (563) heap_init: At 4084DAC0 len 0002EB50 (186 KiB): RAM[0m
[0;32mI (569) heap_init: At 4087C610 len 00002F54 (11 KiB): RAM[0m
[0;32mI (575) heap_init: At 50000000 len 00003FE8 (15 KiB): RTCRAM[0m
[0;32mI (582) spi_flash: detected chip: generic[0m
[0;32mI (586) spi_flash: flash io: dio[0m
[0;32mI (590) sleep_gpio: Configure to isolate all GPIO pins in sleep state[0m
[0;32mI (597) sleep_gpio: Enable automatic switching of GPIO sleep configuration[0m
[0;32mI (615) main_task: Started on CPU0[0m
[0;32mI (618) main_task: Calling app_main()[0m
[0;32mI (623) clara_c6: Clara C6 starting[0m
[0;32mI (638) axp2101: Init PMU SUCCESS![0m
[0;32mI (644) DisplayPort: SPI BUS init[0m
[0;32mI (644) DisplayPort: Install panel IO[0m
[0;32mI (645) sh8601: LCD panel create success, version: 1.0.0[0m
[0;33mW (1548) sh8601: The 3Ah command has been used and will be overwritten by external initialization sequence[0m
[0;33mW (1548) sh8601: The 36h command has been used and will be overwritten by external initialization sequence[0m
[0;32mI (1732) CST9217: Checkcode: 0x204ECACA[0m
[0;32mI (1734) CST9217: Resolution X: 480, Y: 480[0m
[0;32mI (1736) CST9217: Chip Type: 0x9220, ProjectID: 0x542F[0m
[0;32mI (1736) esp_lvgl:adapter: LVGL adapter initialized successfully[0m
[0;32mI (1746) esp_lvgl:touch: Touch input device registered successfully (IRQ mode: enabled)[0m
[0;32mI (1754) esp_lvgl:adapter: LVGL task started successfully[0m
i2c: {sda: 8, scl: 7}
i2s: {mclk: 19, bclk: 20, ws: 22, din: 21, dout: 23}
out: {codec: ES8311, pa: -1, pa_gain: 6, use_mclk: 1, pa_gain: 6}
Codec 0 dir 2 type:1
in: {codec: ES7210}
Codec 1 dir 1 type:2
[0;32mI (1776) CODEC_INIT: in:1 out:1 port: 1[0m
[0;32mI (1780) CODEC_INIT: Success to int i2c: 0[0m
[0;32mI (1786) CODEC_INIT: Init i2s 0 type: 3 mclk:19 bclk:20 ws:22 din:21 dout:23[0m
[0;32mI (1793) CODEC_INIT: tx:0x4087e71c rx:0x4087e8d8[0m
[0;33mW (1798) i2s_tdm: the current mclk multiple is too small, adjust the mclk multiple to 384[0m
[0;32mI (1807) CODEC_INIT: output init tdm ret 0[0m
[0;33mW (1811) i2s_common: the rx channel on I2S0 is switched from master to slave for full-duplex mode[0m
[0;33mW (1821) i2s_tdm: the current mclk multiple is too small, adjust the mclk multiple to 384[0m
[0;33mW (1830) i2s_tdm: the mclk/bclk ratio 3 is too small for the full-duplex rx slave (min 4), data might be sampled incorrectly, please increase mclk_multiple[0m
[0;32mI (1845) CODEC_INIT: Input init tdm ret 0[0m
[0;32mI (1849) CODEC_INIT: Init i2s 0 ok[0m
[0;32mI (1853) CODEC_INIT: Success to init i2s: 0[0m
[0;32mI (1858) CODEC_INIT: Success to int i2c: 0[0m
[0;32mI (1863) CODEC_INIT: Success to init i2s: 0[0m
[0;32mI (1868) CODEC_INIT: Get out handle 0x4087e71c port 0[0m
[0;32mI (1878) ES8311: Work in Slave mode[0m
[0;32mI (1884) ES7210: Work in Slave mode[0m
[0;32mI (1891) ES7210: Enable ES7210_INPUT_MIC1[0m
[0;32mI (1893) ES7210: Enable ES7210_INPUT_MIC2[0m
[0;32mI (1896) ES7210: Enable ES7210_INPUT_MIC3[0m
[0;32mI (1899) ES7210: Enable ES7210_INPUT_MIC4[0m
[0;32mI (1903) ES7210: Enable TDM mode[0m
[0;32mI (1912) I2S_IF: channel mode 2 bits:16/16 channel:2 mask:3[0m
[0;32mI (1912) I2S_IF: TDM Mode 1 bits:16/16 channel:2 sample_rate:16000 mask:3[0m
[0;32mI (1933) Adev_Codec: Open codec device OK[0m
[0;32mI (1933) I2S_IF: channel mode 2 bits:16/16 channel:2 mask:3[0m
[0;32mI (1933) I2S_IF: TDM Mode 0 bits:16/16 channel:2 sample_rate:16000 mask:3[0m
[0;32mI (1941) ES7210: Bits 8[0m
[0;32mI (1950) ES7210: Enable ES7210_INPUT_MIC1[0m
[0;32mI (1953) ES7210: Enable ES7210_INPUT_MIC2[0m
[0;32mI (1955) ES7210: Enable ES7210_INPUT_MIC3[0m
[0;32mI (1960) ES7210: Enable ES7210_INPUT_MIC4[0m
[0;32mI (1965) ES7210: Enable TDM mode[0m
[0;32mI (1971) ES7210: Unmuted[0m
[0;32mI (1971) Adev_Codec: Open codec device OK[0m
[0;32mI (1974) Adev_Codec: Input already open[0m
[0;32mI (1978) Adev_Codec: Input already open[0m
[0;32mI (2168) pp: pp rom version: 5b8dcfa[0m
[0;32mI (2168) net80211: net80211 rom version: 5b8dcfa[0m
I (2170) wifi:wifi driver task: 40868aec, prio:23, stack:6656, core=0
I (2179) wifi:wifi firmware version: b9f67df
I (2179) wifi:wifi certification version: v7.0
I (2181) wifi:config NVS flash: enabled
I (2184) wifi:config nano formatting: disabled
I (2188) wifi:mac_version:HAL_MAC_ESP32AX_761,ut_version:N, band mode:0x1
I (2195) wifi:Init data frame dynamic rx buffer num: 16
I (2200) wifi:Init static rx mgmt buffer num: 5
I (2204) wifi:Init management short buffer num: 32
I (2209) wifi:Init static tx buffer num: 16
I (2212) wifi:Init static tx FG buffer num: 2
I (2217) wifi:Init static rx buffer size: 1700 (rxctrl:92, csi:512)
I (2223) wifi:Init static rx buffer num: 10
I (2226) wifi:Init dynamic rx buffer num: 16
[0;32mI (2231) wifi_init: accept mbox: 6[0m
[0;32mI (2234) wifi_init: tcpip mbox: 32[0m
[0;32mI (2238) wifi_init: udp mbox: 6[0m
[0;32mI (2242) wifi_init: tcp mbox: 6[0m
[0;32mI (2246) wifi_init: tcp tx win: 5760[0m
[0;32mI (2250) wifi_init: tcp rx win: 5760[0m
[0;32mI (2255) wifi_init: tcp mss: 1240[0m
[0;32mI (2259) wifi_init: WiFi IRAM OP enabled[0m
[0;32mI (2263) wifi_init: WiFi RX IRAM OP enabled[0m
[0;32mI (2268) wifi_init: WiFi SLP IRAM OP enabled[0m
W (2273) wifi:Password length matches WPA2 standards, authmode threshold changes from OPEN to WPA2
[0;32mI (2282) phy_init: phy_version 345,552b044,Jul 14 2026,10:37:00[0m
I (2349) wifi:11ax coex: WDEVAX_PTI0(0x55777555), WDEVAX_PTI1(0x00003377).

I (2350) wifi:mode : sta (20:6e:f1:16:e0:a4)
I (2350) wifi:enable tsf
I (2363) wifi:new:<6,0>, old:<1,0>, ap:<255,255>, sta:<6,0>, prof:1, snd_ch_cfg:0x0
I (2365) wifi:(connect)dot11_authmode:0x3, pairwise_cipher:0x3, group_cipher:0x3
I (2367) wifi:state: init -> auth (0xb0)
I (2379) wifi:state: auth -> assoc (0x0)
[0;32mI (2380) clara_net: Wi-Fi protocols limited to 11b/g/n mask=0x07[0m
I (2381) wifi:Set ps type: 0, coexist: 0

[0;32mI (2385) clara_c6: Clara UI ready; touch the Clara tile[0m
I (2389) wifi:(assoc)RESP, Extended Capabilities length:11, operating_mode_notification:0
I (2399) wifi:(assoc)RESP, Extended Capabilities, MBSSID:0, TWT Responder:0, OBSS Narrow Bandwidth RU In OFDMA Tolerance:0
I (2410) wifi:Extended Capabilities length:11, operating_mode_notification:1
I (2417) wifi:BSS max idle period:291(1000TU), protected keep alive:FALSE
I (2423) wifi:state: assoc -> run (0x10)
I (2427) wifi:(trc)phytype:CBW20-SGI, snr:62, maxRate:144, highestRateIdx:0
W (2433) wifi:(trc)band:2G, phymode:3, highestRateIdx:0, lowestRateIdx:11, dataSchedTableSize:14
I (2442) wifi:(trc)band:2G, rate(S-MCS7, rateIdx:0), ampdu(rate:S-MCS7, schedIdx(0, stop:8)), snr:62, ampduState:wait operational
I (2453) wifi:ifidx:0, rssi:-25, nf:-87, phytype(0x3, CBW20-SGI), phymode(0x3, 11bgn), max_rate:144, he:0, vht:0, ht:1
I (2463) wifi:(ht)max.RxAMPDULenExponent:3(65535 bytes), MMSS:0(no restriction)
[0;32mI (2477) main_task: Returned from app_main()[0m
I (2483) wifi:connected with LDKJ, aid = 2, channel 6, BW20, bssid = 50:fe:39:e6:47:92
I (2484) wifi:security: WPA2-PSK, phy: bgn, rssi: -25, cipher(pairwise:0x3, group:0x3), pmf:0
I (2493) wifi:pm start, type: 0, twt_start:0

I (2495) wifi:pm start, type:0, aid:0x2, trans-BSSID:50:fe:39:e6:47:92, BSSID[5]:0x92, mbssid(max-indicator:0, index:0), he:0
I (2507) wifi:dp: 1, bi: 102400, li: 3, scale listen interval from 307200 us to 307200 us
I (2514) wifi:set rx beacon pti, rx_bcn_pti: 10, bcn_timeout: 25000, mt_pti: 10, mt_time: 10000
I (2523) wifi:AP's beacon interval = 102400 us, DTIM period = 1
[0;32mI (3565) esp_netif_handlers: sta ip: 192.168.31.147, mask: 255.255.255.0, gw: 192.168.31.1[0m
[0;32mI (3565) clara_net: DHCP DNS main=192.168.31.1[0m
